ARM Linker, 5.03 [Build 76] [MDK-ARM Professional]

==============================================================================

Section Cross References

    startup_stm32f10x_md_vl.o(STACK) refers (Special) to heapauxi.o(.text) for __use_two_region_memory
    startup_stm32f10x_md_vl.o(HEAP) refers (Special) to heapauxi.o(.text) for __use_two_region_memory
    startup_stm32f10x_md_vl.o(RESET) refers (Special) to heapauxi.o(.text) for __use_two_region_memory
    startup_stm32f10x_md_vl.o(RESET) refers to startup_stm32f10x_md_vl.o(STACK) for __initial_sp
    startup_stm32f10x_md_vl.o(RESET) refers to startup_stm32f10x_md_vl.o(.text) for Reset_Handler
    startup_stm32f10x_md_vl.o(RESET) refers to stm32f10x_it.o(.text) for NMI_Handler
    startup_stm32f10x_md_vl.o(.text) refers (Special) to heapauxi.o(.text) for __use_two_region_memory
    startup_stm32f10x_md_vl.o(.text) refers to system_stm32f10x.o(.text) for SystemInit
    startup_stm32f10x_md_vl.o(.text) refers to __main.o(!!!main) for __main
    startup_stm32f10x_md_vl.o(.text) refers to startup_stm32f10x_md_vl.o(HEAP) for Heap_Mem
    startup_stm32f10x_md_vl.o(.text) refers to startup_stm32f10x_md_vl.o(STACK) for Stack_Mem
    system_stm32f10x.o(.text) refers to system_stm32f10x.o(.data) for SystemCoreClock
    stm32f10x_adc.o(.text) refers to stm32f10x_rcc.o(.text) for RCC_APB2PeriphResetCmd
    stm32f10x_bkp.o(.text) refers to stm32f10x_rcc.o(.text) for RCC_BackupResetCmd
    stm32f10x_can.o(.text) refers to stm32f10x_rcc.o(.text) for RCC_APB1PeriphResetCmd
    stm32f10x_cec.o(.text) refers to stm32f10x_rcc.o(.text) for RCC_APB1PeriphResetCmd
    stm32f10x_dac.o(.text) refers to stm32f10x_rcc.o(.text) for RCC_APB1PeriphResetCmd
    stm32f10x_gpio.o(.text) refers to stm32f10x_rcc.o(.text) for RCC_APB2PeriphResetCmd
    stm32f10x_i2c.o(.text) refers to stm32f10x_rcc.o(.text) for RCC_APB1PeriphResetCmd
    stm32f10x_pwr.o(.text) refers to stm32f10x_rcc.o(.text) for RCC_APB1PeriphResetCmd
    stm32f10x_rcc.o(.text) refers to stm32f10x_rcc.o(.data) for APBAHBPrescTable
    stm32f10x_spi.o(.text) refers to stm32f10x_rcc.o(.text) for RCC_APB2PeriphResetCmd
    stm32f10x_tim.o(.text) refers to stm32f10x_rcc.o(.text) for RCC_APB2PeriphResetCmd
    stm32f10x_usart.o(.text) refers to stm32f10x_rcc.o(.text) for RCC_APB2PeriphResetCmd
    stm32f10x_wwdg.o(.text) refers to stm32f10x_rcc.o(.text) for RCC_APB1PeriphResetCmd
    main.o(.text) refers to task.o(.text) for AGC_Task
    main.o(.text) refers to stm32f10x_rcc.o(.text) for RCC_DeInit
    main.o(.text) refers to stm32f10x_flash.o(.text) for FLASH_PrefetchBufferCmd
    main.o(.text) refers to systick.o(.text) for SYSTICK_CON
    main.o(.text) refers to control.o(.text) for CONTROL_CON
    main.o(.text) refers to uart.o(.text) for UART_CON
    main.o(.text) refers to adc.o(.text) for ADC_INIT
    main.o(.text) refers to task.o(.data) for AGC_Task_Time
    main.o(.text) refers to uart.o(.bss) for UartRcvFrame
    stm32f10x_it.o(.text) refers to stm32f10x_usart.o(.text) for USART_GetITStatus
    stm32f10x_it.o(.text) refers to uart.o(.text) for UART_FrameRcv
    stm32f10x_it.o(.text) refers to systick.o(.data) for SYSTICK_TIME
    stm32f10x_it.o(.text) refers to uart.o(.data) for UartTimeDelay
    stm32f10x_it.o(.text) refers to task.o(.data) for AGC_Task_Time
    stm32f10x_it.o(.text) refers to uart.o(.bss) for UartRcvFrame
    adc.o(.text) refers to stm32f10x_adc.o(.text) for ADC_DMACmd
    adc.o(.text) refers to stm32f10x_rcc.o(.text) for RCC_APB2PeriphClockCmd
    adc.o(.text) refers to stm32f10x_dma.o(.text) for DMA_DeInit
    adc.o(.text) refers to stm32f10x_gpio.o(.text) for GPIO_Init
    adc.o(.text) refers to systick.o(.text) for Delayms
    adc.o(.text) refers to adc.o(.bss) for ADC_ConvertedValue
    adc.o(.text) refers to adc.o(.data) for ModulenumTable
    adc.o(.text) refers to main.o(.data) for GPIO_InitStructure
    flash.o(.text) refers to stm32f10x_flash.o(.text) for FLASH_Unlock
    flash.o(.text) refers to systick.o(.text) for Delayms
    flash.o(.text) refers to main.o(.data) for Config
    flash.o(.text) refers to main.o(.bss) for Dataflash
    systick.o(.text) refers to system_stm32f10x.o(.data) for SystemCoreClock
    systick.o(.text) refers to systick.o(.data) for SYSTICK_TIME
    control.o(.text) refers to stm32f10x_gpio.o(.text) for GPIO_Init
    control.o(.text) refers to systick.o(.text) for Delayus
    control.o(.text) refers to main.o(.data) for GPIO_InitStructure
    uart.o(.text) refers to stm32f10x_gpio.o(.text) for GPIO_Init
    uart.o(.text) refers to stm32f10x_usart.o(.text) for USART_Init
    uart.o(.text) refers to stm32f10x_rcc.o(.text) for RCC_AHBPeriphClockCmd
    uart.o(.text) refers to stm32f10x_dma.o(.text) for DMA_DeInit
    uart.o(.text) refers to misc.o(.text) for NVIC_PriorityGroupConfig
    uart.o(.text) refers to main.o(.data) for GPIO_InitStructure
    uart.o(.text) refers to uart.o(.bss) for USART_InitStructure
    uart.o(.text) refers to uart.o(.data) for NVIC_InitStructure
    uart.o(.text) refers to adc.o(.data) for MediafilterID
    uart.o(.text) refers to main.o(.bss) for Dataflash
    uart.o(.text) refers to flash.o(.text) for RestorePara
    uart.o(.text) refers to systick.o(.text) for Delayms
    task.o(.text) refers to adc.o(.text) for ADC_RUN
    task.o(.text) refers to control.o(.text) for ATTControl
    task.o(.text) refers to systick.o(.text) for Delayms
    task.o(.text) refers to stm32f10x_gpio.o(.text) for GPIO_SetBits
    task.o(.text) refers to main.o(.data) for Config
    task.o(.text) refers to task.o(.data) for ATT_AGC_old
    task.o(.text) refers to main.o(.bss) for Dataflash
    task.o(.text) refers to task.o(.constdata) for AGC_RFVol
    task.o(.text) refers to task.o(.bss) for count
    __main.o(!!!main) refers to rtentry.o(.ARM.Collect$$rtentry$$00000000) for __rt_entry
    rtentry.o(.ARM.Collect$$rtentry$$00000000) refers (Special) to rtentry2.o(.ARM.Collect$$rtentry$$0000000A) for __rt_entry_li
    rtentry.o(.ARM.Collect$$rtentry$$00000000) refers (Special) to rtentry2.o(.ARM.Collect$$rtentry$$0000000D) for __rt_entry_main
    rtentry.o(.ARM.Collect$$rtentry$$00000000) refers (Special) to rtentry2.o(.ARM.Collect$$rtentry$$0000000C) for __rt_entry_postli_1
    rtentry.o(.ARM.Collect$$rtentry$$00000000) refers (Special) to rtentry2.o(.ARM.Collect$$rtentry$$00000009) for __rt_entry_postsh_1
    rtentry.o(.ARM.Collect$$rtentry$$00000000) refers (Special) to rtentry2.o(.ARM.Collect$$rtentry$$00000002) for __rt_entry_presh_1
    rtentry.o(.ARM.Collect$$rtentry$$00000000) refers (Special) to rtentry4.o(.ARM.Collect$$rtentry$$00000004) for __rt_entry_sh
    rtentry2.o(.ARM.Collect$$rtentry$$00000008) refers to boardinit2.o(.text) for _platform_post_stackheap_init
    rtentry2.o(.ARM.Collect$$rtentry$$0000000A) refers to libinit.o(.ARM.Collect$$libinit$$00000000) for __rt_lib_init
    rtentry2.o(.ARM.Collect$$rtentry$$0000000B) refers to boardinit3.o(.text) for _platform_post_lib_init
    rtentry2.o(.ARM.Collect$$rtentry$$0000000D) refers to main.o(.text) for main
    rtentry2.o(.ARM.Collect$$rtentry$$0000000D) refers to exit.o(.text) for exit
    rtentry2.o(.ARM.exidx) refers to rtentry2.o(.ARM.Collect$$rtentry$$00000001) for .ARM.Collect$$rtentry$$00000001
    rtentry2.o(.ARM.exidx) refers to rtentry2.o(.ARM.Collect$$rtentry$$00000008) for .ARM.Collect$$rtentry$$00000008
    rtentry2.o(.ARM.exidx) refers to rtentry2.o(.ARM.Collect$$rtentry$$0000000A) for .ARM.Collect$$rtentry$$0000000A
    rtentry2.o(.ARM.exidx) refers to rtentry2.o(.ARM.Collect$$rtentry$$0000000B) for .ARM.Collect$$rtentry$$0000000B
    rtentry2.o(.ARM.exidx) refers to rtentry2.o(.ARM.Collect$$rtentry$$0000000D) for .ARM.Collect$$rtentry$$0000000D
    rtentry4.o(.ARM.Collect$$rtentry$$00000004) refers to sys_stackheap_outer.o(.text) for __user_setup_stackheap
    rtentry4.o(.ARM.exidx) refers to rtentry4.o(.ARM.Collect$$rtentry$$00000004) for .ARM.Collect$$rtentry$$00000004
    sys_stackheap_outer.o(.text) refers to libspace.o(.text) for __user_perproc_libspace
    sys_stackheap_outer.o(.text) refers to startup_stm32f10x_md_vl.o(.text) for __user_initial_stackheap
    exit.o(.text) refers to rtexit.o(.ARM.Collect$$rtexit$$00000000) for __rt_exit
    libinit.o(.ARM.Collect$$libinit$$00000000) refers (Special) to libinit2.o(.ARM.Collect$$libinit$$0000002C) for __rt_lib_init_alloca_1
    libinit.o(.ARM.Collect$$libinit$$00000000) refers (Special) to libinit2.o(.ARM.Collect$$libinit$$0000002A) for __rt_lib_init_argv_1
    libinit.o(.ARM.Collect$$libinit$$00000000) refers (Special) to libinit2.o(.ARM.Collect$$libinit$$00000019) for __rt_lib_init_atexit_1
    libinit.o(.ARM.Collect$$libinit$$00000000) refers (Special) to libinit2.o(.ARM.Collect$$libinit$$0000001F) for __rt_lib_init_clock_1
    libinit.o(.ARM.Collect$$libinit$$00000000) refers (Special) to libinit2.o(.ARM.Collect$$libinit$$00000030) for __rt_lib_init_cpp_1
    libinit.o(.ARM.Collect$$libinit$$00000000) refers (Special) to libinit2.o(.ARM.Collect$$libinit$$0000002E) for __rt_lib_init_exceptions_1
    libinit.o(.ARM.Collect$$libinit$$00000000) refers (Special) to libinit2.o(.ARM.Collect$$libinit$$00000002) for __rt_lib_init_fp_1
    libinit.o(.ARM.Collect$$libinit$$00000000) refers (Special) to libinit2.o(.ARM.Collect$$libinit$$0000001D) for __rt_lib_init_fp_trap_1
    libinit.o(.ARM.Collect$$libinit$$00000000) refers (Special) to libinit2.o(.ARM.Collect$$libinit$$00000021) for __rt_lib_init_getenv_1
    libinit.o(.ARM.Collect$$libinit$$00000000) refers (Special) to libinit2.o(.ARM.Collect$$libinit$$00000008) for __rt_lib_init_heap_1
    libinit.o(.ARM.Collect$$libinit$$00000000) refers (Special) to libinit2.o(.ARM.Collect$$libinit$$0000000F) for __rt_lib_init_lc_collate_1
    libinit.o(.ARM.Collect$$libinit$$00000000) refers (Special) to libinit2.o(.ARM.Collect$$libinit$$00000011) for __rt_lib_init_lc_ctype_1
    libinit.o(.ARM.Collect$$libinit$$00000000) refers (Special) to libinit2.o(.ARM.Collect$$libinit$$00000013) for __rt_lib_init_lc_monetary_1
    libinit.o(.ARM.Collect$$libinit$$00000000) refers (Special) to libinit2.o(.ARM.Collect$$libinit$$00000015) for __rt_lib_init_lc_numeric_1
    libinit.o(.ARM.Collect$$libinit$$00000000) refers (Special) to libinit2.o(.ARM.Collect$$libinit$$00000017) for __rt_lib_init_lc_time_1
    libinit.o(.ARM.Collect$$libinit$$00000000) refers (Special) to libinit2.o(.ARM.Collect$$libinit$$0000000C) for __rt_lib_init_rand_1
    libinit.o(.ARM.Collect$$libinit$$00000000) refers (Special) to libinit2.o(.ARM.Collect$$libinit$$00000031) for __rt_lib_init_return
    libinit.o(.ARM.Collect$$libinit$$00000000) refers (Special) to libinit2.o(.ARM.Collect$$libinit$$0000001B) for __rt_lib_init_signal_1
    libinit.o(.ARM.Collect$$libinit$$00000000) refers (Special) to libinit2.o(.ARM.Collect$$libinit$$00000023) for __rt_lib_init_stdio_1
    libinit.o(.ARM.Collect$$libinit$$00000000) refers (Special) to libinit2.o(.ARM.Collect$$libinit$$0000000A) for __rt_lib_init_user_alloc_1
    libspace.o(.text) refers to libspace.o(.bss) for __libspace_start
    rtexit.o(.ARM.Collect$$rtexit$$00000000) refers (Special) to rtexit2.o(.ARM.Collect$$rtexit$$00000004) for __rt_exit_exit
    rtexit.o(.ARM.Collect$$rtexit$$00000000) refers (Special) to rtexit2.o(.ARM.Collect$$rtexit$$00000003) for __rt_exit_ls
    rtexit.o(.ARM.Collect$$rtexit$$00000000) refers (Special) to rtexit2.o(.ARM.Collect$$rtexit$$00000002) for __rt_exit_prels_1
    rtexit.o(.ARM.exidx) refers (Special) to rtexit2.o(.ARM.Collect$$rtexit$$00000004) for __rt_exit_exit
    rtexit.o(.ARM.exidx) refers (Special) to rtexit2.o(.ARM.Collect$$rtexit$$00000003) for __rt_exit_ls
    rtexit.o(.ARM.exidx) refers (Special) to rtexit2.o(.ARM.Collect$$rtexit$$00000002) for __rt_exit_prels_1
    rtexit.o(.ARM.exidx) refers to rtexit.o(.ARM.Collect$$rtexit$$00000000) for .ARM.Collect$$rtexit$$00000000
    libinit2.o(.ARM.Collect$$libinit$$0000000E) refers to libinit2.o(.ARM.Collect$$libinit$$0000000D) for .ARM.Collect$$libinit$$0000000D
    libinit2.o(.ARM.Collect$$libinit$$00000010) refers to libinit2.o(.ARM.Collect$$libinit$$0000000D) for .ARM.Collect$$libinit$$0000000D
    libinit2.o(.ARM.Collect$$libinit$$00000012) refers to libinit2.o(.ARM.Collect$$libinit$$0000000D) for .ARM.Collect$$libinit$$0000000D
    libinit2.o(.ARM.Collect$$libinit$$00000014) refers to libinit2.o(.ARM.Collect$$libinit$$0000000D) for .ARM.Collect$$libinit$$0000000D
    libinit2.o(.ARM.Collect$$libinit$$00000016) refers to libinit2.o(.ARM.Collect$$libinit$$0000000D) for .ARM.Collect$$libinit$$0000000D
    libinit2.o(.ARM.Collect$$libinit$$00000024) refers to argv_veneer.o(.emb_text) for __ARM_argv_veneer
    libinit2.o(.ARM.Collect$$libinit$$00000025) refers to argv_veneer.o(.emb_text) for __ARM_argv_veneer
    rtexit2.o(.ARM.Collect$$rtexit$$00000003) refers to libshutdown.o(.ARM.Collect$$libshutdown$$00000000) for __rt_lib_shutdown
    rtexit2.o(.ARM.Collect$$rtexit$$00000004) refers to sys_exit.o(.text) for _sys_exit
    rtexit2.o(.ARM.exidx) refers to rtexit2.o(.ARM.Collect$$rtexit$$00000001) for .ARM.Collect$$rtexit$$00000001
    rtexit2.o(.ARM.exidx) refers to rtexit2.o(.ARM.Collect$$rtexit$$00000003) for .ARM.Collect$$rtexit$$00000003
    rtexit2.o(.ARM.exidx) refers to rtexit2.o(.ARM.Collect$$rtexit$$00000004) for .ARM.Collect$$rtexit$$00000004
    argv_veneer.o(.emb_text) refers to no_argv.o(.text) for __ARM_get_argv
    sys_exit.o(.text) refers (Special) to use_no_semi.o(.text) for __I$use$semihosting
    sys_exit.o(.text) refers (Special) to indicate_semi.o(.text) for __semihosting_library_function
    _get_argv_nomalloc.o(.text) refers (Special) to hrguard.o(.text) for __heap_region$guard
    _get_argv_nomalloc.o(.text) refers to defsig_rtmem_outer.o(.text) for __rt_SIGRTMEM
    _get_argv_nomalloc.o(.text) refers to sys_command.o(.text) for _sys_command_string
    libshutdown.o(.ARM.Collect$$libshutdown$$00000000) refers (Special) to libshutdown2.o(.ARM.Collect$$libshutdown$$00000006) for __rt_lib_shutdown_fp_trap_1
    libshutdown.o(.ARM.Collect$$libshutdown$$00000000) refers (Special) to libshutdown2.o(.ARM.Collect$$libshutdown$$0000000E) for __rt_lib_shutdown_heap_1
    libshutdown.o(.ARM.Collect$$libshutdown$$00000000) refers (Special) to libshutdown2.o(.ARM.Collect$$libshutdown$$0000000F) for __rt_lib_shutdown_return
    libshutdown.o(.ARM.Collect$$libshutdown$$00000000) refers (Special) to libshutdown2.o(.ARM.Collect$$libshutdown$$00000009) for __rt_lib_shutdown_signal_1
    libshutdown.o(.ARM.Collect$$libshutdown$$00000000) refers (Special) to libshutdown2.o(.ARM.Collect$$libshutdown$$00000003) for __rt_lib_shutdown_stdio_1
    libshutdown.o(.ARM.Collect$$libshutdown$$00000000) refers (Special) to libshutdown2.o(.ARM.Collect$$libshutdown$$0000000B) for __rt_lib_shutdown_user_alloc_1
    sys_command.o(.text) refers (Special) to use_no_semi.o(.text) for __I$use$semihosting
    sys_command.o(.text) refers (Special) to indicate_semi.o(.text) for __semihosting_library_function
    defsig_rtmem_outer.o(.text) refers to defsig_rtmem_inner.o(.text) for __rt_SIGRTMEM_inner
    defsig_rtmem_outer.o(.text) refers to defsig_exit.o(.text) for __sig_exit
    defsig_rtmem_formal.o(.text) refers to rt_raise.o(.text) for __rt_raise
    rt_raise.o(.text) refers to __raise.o(.text) for __raise
    rt_raise.o(.text) refers to sys_exit.o(.text) for _sys_exit
    defsig_exit.o(.text) refers to sys_exit.o(.text) for _sys_exit
    defsig_rtmem_inner.o(.text) refers to defsig_general.o(.text) for __default_signal_display
    __raise.o(.text) refers to defsig.o(CL$$defsig) for __default_signal_handler
    defsig_general.o(.text) refers to sys_wrch.o(.text) for _ttywrch
    sys_wrch.o(.text) refers (Special) to use_no_semi.o(.text) for __I$use$semihosting
    sys_wrch.o(.text) refers (Special) to indicate_semi.o(.text) for __semihosting_library_function
    defsig.o(CL$$defsig) refers to defsig_rtmem_inner.o(.text) for __rt_SIGRTMEM_inner
    defsig_abrt_inner.o(.text) refers to defsig_general.o(.text) for __default_signal_display
    defsig_fpe_inner.o(.text) refers to defsig_general.o(.text) for __default_signal_display
    defsig_rtred_inner.o(.text) refers to defsig_general.o(.text) for __default_signal_display
    defsig_stak_inner.o(.text) refers to defsig_general.o(.text) for __default_signal_display
    defsig_pvfn_inner.o(.text) refers to defsig_general.o(.text) for __default_signal_display
    defsig_cppl_inner.o(.text) refers to defsig_general.o(.text) for __default_signal_display
    defsig_segv_inner.o(.text) refers to defsig_general.o(.text) for __default_signal_display
    defsig_other.o(.text) refers to defsig_general.o(.text) for __default_signal_display


==============================================================================

Removing Unused input sections from the image.

    Removing core_cm3.o(.emb_text), (32 bytes).
    Removing stm32f10x_bkp.o(.text), (196 bytes).
    Removing stm32f10x_can.o(.text), (2540 bytes).
    Removing stm32f10x_cec.o(.text), (288 bytes).
    Removing stm32f10x_crc.o(.text), (72 bytes).
    Removing stm32f10x_dac.o(.text), (528 bytes).
    Removing stm32f10x_dbgmcu.o(.text), (48 bytes).
    Removing stm32f10x_exti.o(.text), (284 bytes).
    Removing stm32f10x_fsmc.o(.text), (1560 bytes).
    Removing stm32f10x_i2c.o(.text), (1028 bytes).
    Removing stm32f10x_iwdg.o(.text), (64 bytes).
    Removing stm32f10x_pwr.o(.text), (204 bytes).
    Removing stm32f10x_rtc.o(.text), (324 bytes).
    Removing stm32f10x_sdio.o(.text), (472 bytes).
    Removing stm32f10x_spi.o(.text), (780 bytes).
    Removing stm32f10x_tim.o(.text), (3610 bytes).
    Removing stm32f10x_wwdg.o(.text), (136 bytes).
    Removing dac.o(.text), (28 bytes).

18 unused section(s) (total 12194 bytes) removed from the image.

==============================================================================

Image Symbol Table

    Local Symbols

    Symbol Name                              Value     Ov Type        Size  Object(Section)

    ../clib/angel/boardlib.s                 0x00000000   Number         0  boardinit2.o ABSOLUTE
    ../clib/angel/boardlib.s                 0x00000000   Number         0  boardinit1.o ABSOLUTE
    ../clib/angel/boardlib.s                 0x00000000   Number         0  boardinit3.o ABSOLUTE
    ../clib/angel/boardlib.s                 0x00000000   Number         0  boardshut.o ABSOLUTE
    ../clib/angel/handlers.s                 0x00000000   Number         0  __scatter_zi.o ABSOLUTE
    ../clib/angel/handlers.s                 0x00000000   Number         0  __scatter_copy.o ABSOLUTE
    ../clib/angel/kernel.s                   0x00000000   Number         0  rtentry2.o ABSOLUTE
    ../clib/angel/kernel.s                   0x00000000   Number         0  rtentry4.o ABSOLUTE
    ../clib/angel/kernel.s                   0x00000000   Number         0  rtexit.o ABSOLUTE
    ../clib/angel/kernel.s                   0x00000000   Number         0  rtentry.o ABSOLUTE
    ../clib/angel/kernel.s                   0x00000000   Number         0  rtexit2.o ABSOLUTE
    ../clib/angel/rt.s                       0x00000000   Number         0  rt_raise.o ABSOLUTE
    ../clib/angel/scatter.s                  0x00000000   Number         0  __scatter.o ABSOLUTE
    ../clib/angel/startup.s                  0x00000000   Number         0  __main.o ABSOLUTE
    ../clib/angel/sys.s                      0x00000000   Number         0  libspace.o ABSOLUTE
    ../clib/angel/sys.s                      0x00000000   Number         0  sys_stackheap_outer.o ABSOLUTE
    ../clib/angel/sys.s                      0x00000000   Number         0  indicate_semi.o ABSOLUTE
    ../clib/angel/sys.s                      0x00000000   Number         0  use_no_semi.o ABSOLUTE
    ../clib/angel/sysapp.c                   0x00000000   Number         0  sys_command.o ABSOLUTE
    ../clib/angel/sysapp.c                   0x00000000   Number         0  sys_wrch.o ABSOLUTE
    ../clib/angel/sysapp.c                   0x00000000   Number         0  sys_exit.o ABSOLUTE
    ../clib/armsys.c                         0x00000000   Number         0  no_argv.o ABSOLUTE
    ../clib/armsys.c                         0x00000000   Number         0  argv_veneer.o ABSOLUTE
    ../clib/armsys.c                         0x00000000   Number         0  argv_veneer.o ABSOLUTE
    ../clib/armsys.c                         0x00000000   Number         0  _get_argv_nomalloc.o ABSOLUTE
    ../clib/heapalloc.c                      0x00000000   Number         0  hrguard.o ABSOLUTE
    ../clib/heapaux.c                        0x00000000   Number         0  heapauxi.o ABSOLUTE
    ../clib/libinit.s                        0x00000000   Number         0  libshutdown.o ABSOLUTE
    ../clib/libinit.s                        0x00000000   Number         0  libshutdown2.o ABSOLUTE
    ../clib/libinit.s                        0x00000000   Number         0  libinit2.o ABSOLUTE
    ../clib/libinit.s                        0x00000000   Number         0  libinit.o ABSOLUTE
    ../clib/signal.c                         0x00000000   Number         0  defsig_rtred_inner.o ABSOLUTE
    ../clib/signal.c                         0x00000000   Number         0  defsig_fpe_inner.o ABSOLUTE
    ../clib/signal.c                         0x00000000   Number         0  defsig_stak_inner.o ABSOLUTE
    ../clib/signal.c                         0x00000000   Number         0  defsig_pvfn_inner.o ABSOLUTE
    ../clib/signal.c                         0x00000000   Number         0  defsig_abrt_inner.o ABSOLUTE
    ../clib/signal.c                         0x00000000   Number         0  defsig_rtmem_outer.o ABSOLUTE
    ../clib/signal.c                         0x00000000   Number         0  defsig_rtmem_formal.o ABSOLUTE
    ../clib/signal.c                         0x00000000   Number         0  defsig_general.o ABSOLUTE
    ../clib/signal.c                         0x00000000   Number         0  __raise.o ABSOLUTE
    ../clib/signal.c                         0x00000000   Number         0  defsig_cppl_inner.o ABSOLUTE
    ../clib/signal.c                         0x00000000   Number         0  defsig_rtmem_inner.o ABSOLUTE
    ../clib/signal.c                         0x00000000   Number         0  defsig_segv_inner.o ABSOLUTE
    ../clib/signal.c                         0x00000000   Number         0  defsig_other.o ABSOLUTE
    ../clib/signal.c                         0x00000000   Number         0  defsig_exit.o ABSOLUTE
    ../clib/signal.s                         0x00000000   Number         0  defsig.o ABSOLUTE
    ../clib/stdlib.c                         0x00000000   Number         0  exit.o ABSOLUTE
    ../fplib/fpinit.s                        0x00000000   Number         0  fpinit.o ABSOLUTE
    LIB\CMSIS\CM3\CoreSupport\core_cm3.c     0x00000000   Number         0  core_cm3.o ABSOLUTE
    LIB\CMSIS\CM3\DeviceSupport\ST\STM32F10x\startup\arm\startup_stm32f10x_md_vl.s 0x00000000   Number         0  startup_stm32f10x_md_vl.o ABSOLUTE
    LIB\CMSIS\CM3\DeviceSupport\ST\STM32F10x\system_stm32f10x.c 0x00000000   Number         0  system_stm32f10x.o ABSOLUTE
    LIB\STM32F10x_StdPeriph_Driver\src\misc.c 0x00000000   Number         0  misc.o ABSOLUTE
    LIB\STM32F10x_StdPeriph_Driver\src\stm32f10x_adc.c 0x00000000   Number         0  stm32f10x_adc.o ABSOLUTE
    LIB\STM32F10x_StdPeriph_Driver\src\stm32f10x_bkp.c 0x00000000   Number         0  stm32f10x_bkp.o ABSOLUTE
    LIB\STM32F10x_StdPeriph_Driver\src\stm32f10x_can.c 0x00000000   Number         0  stm32f10x_can.o ABSOLUTE
    LIB\STM32F10x_StdPeriph_Driver\src\stm32f10x_cec.c 0x00000000   Number         0  stm32f10x_cec.o ABSOLUTE
    LIB\STM32F10x_StdPeriph_Driver\src\stm32f10x_crc.c 0x00000000   Number         0  stm32f10x_crc.o ABSOLUTE
    LIB\STM32F10x_StdPeriph_Driver\src\stm32f10x_dac.c 0x00000000   Number         0  stm32f10x_dac.o ABSOLUTE
    LIB\STM32F10x_StdPeriph_Driver\src\stm32f10x_dbgmcu.c 0x00000000   Number         0  stm32f10x_dbgmcu.o ABSOLUTE
    LIB\STM32F10x_StdPeriph_Driver\src\stm32f10x_dma.c 0x00000000   Number         0  stm32f10x_dma.o ABSOLUTE
    LIB\STM32F10x_StdPeriph_Driver\src\stm32f10x_exti.c 0x00000000   Number         0  stm32f10x_exti.o ABSOLUTE
    LIB\STM32F10x_StdPeriph_Driver\src\stm32f10x_flash.c 0x00000000   Number         0  stm32f10x_flash.o ABSOLUTE
    LIB\STM32F10x_StdPeriph_Driver\src\stm32f10x_fsmc.c 0x00000000   Number         0  stm32f10x_fsmc.o ABSOLUTE
    LIB\STM32F10x_StdPeriph_Driver\src\stm32f10x_gpio.c 0x00000000   Number         0  stm32f10x_gpio.o ABSOLUTE
    LIB\STM32F10x_StdPeriph_Driver\src\stm32f10x_i2c.c 0x00000000   Number         0  stm32f10x_i2c.o ABSOLUTE
    LIB\STM32F10x_StdPeriph_Driver\src\stm32f10x_iwdg.c 0x00000000   Number         0  stm32f10x_iwdg.o ABSOLUTE
    LIB\STM32F10x_StdPeriph_Driver\src\stm32f10x_pwr.c 0x00000000   Number         0  stm32f10x_pwr.o ABSOLUTE
    LIB\STM32F10x_StdPeriph_Driver\src\stm32f10x_rcc.c 0x00000000   Number         0  stm32f10x_rcc.o ABSOLUTE
    LIB\STM32F10x_StdPeriph_Driver\src\stm32f10x_rtc.c 0x00000000   Number         0  stm32f10x_rtc.o ABSOLUTE
    LIB\STM32F10x_StdPeriph_Driver\src\stm32f10x_sdio.c 0x00000000   Number         0  stm32f10x_sdio.o ABSOLUTE
    LIB\STM32F10x_StdPeriph_Driver\src\stm32f10x_spi.c 0x00000000   Number         0  stm32f10x_spi.o ABSOLUTE
    LIB\STM32F10x_StdPeriph_Driver\src\stm32f10x_tim.c 0x00000000   Number         0  stm32f10x_tim.o ABSOLUTE
    LIB\STM32F10x_StdPeriph_Driver\src\stm32f10x_usart.c 0x00000000   Number         0  stm32f10x_usart.o ABSOLUTE
    LIB\STM32F10x_StdPeriph_Driver\src\stm32f10x_wwdg.c 0x00000000   Number         0  stm32f10x_wwdg.o ABSOLUTE
    LIB\\CMSIS\\CM3\\CoreSupport\\core_cm3.c 0x00000000   Number         0  core_cm3.o ABSOLUTE
    USER\Control.c                           0x00000000   Number         0  control.o ABSOLUTE
    USER\Systick.c                           0x00000000   Number         0  systick.o ABSOLUTE
    USER\Task.c                              0x00000000   Number         0  task.o ABSOLUTE
    USER\adc.c                               0x00000000   Number         0  adc.o ABSOLUTE
    USER\flash.c                             0x00000000   Number         0  flash.o ABSOLUTE
    USER\main.c                              0x00000000   Number         0  main.o ABSOLUTE
    USER\stm32f10x_it.c                      0x00000000   Number         0  stm32f10x_it.o ABSOLUTE
    USER\uart.c                              0x00000000   Number         0  uart.o ABSOLUTE
    dac.c                                    0x00000000   Number         0  dac.o ABSOLUTE
    dc.s                                     0x00000000   Number         0  dc.o ABSOLUTE
    RESET                                    0x08000000   Section      288  startup_stm32f10x_md_vl.o(RESET)
    !!!main                                  0x08000120   Section        8  __main.o(!!!main)
    !!!scatter                               0x08000128   Section       52  __scatter.o(!!!scatter)
    !!handler_copy                           0x0800015c   Section       26  __scatter_copy.o(!!handler_copy)
    !!handler_zi                             0x08000178   Section       28  __scatter_zi.o(!!handler_zi)
    .ARM.Collect$$libinit$$00000000          0x08000194   Section        2  libinit.o(.ARM.Collect$$libinit$$00000000)
    .ARM.Collect$$libinit$$00000002          0x08000196   Section        0  libinit2.o(.ARM.Collect$$libinit$$00000002)
    .ARM.Collect$$libinit$$00000008          0x08000196   Section        0  libinit2.o(.ARM.Collect$$libinit$$00000008)
    .ARM.Collect$$libinit$$0000000A          0x08000196   Section        0  libinit2.o(.ARM.Collect$$libinit$$0000000A)
    .ARM.Collect$$libinit$$0000000C          0x08000196   Section        0  libinit2.o(.ARM.Collect$$libinit$$0000000C)
    .ARM.Collect$$libinit$$0000000F          0x08000196   Section        0  libinit2.o(.ARM.Collect$$libinit$$0000000F)
    .ARM.Collect$$libinit$$00000011          0x08000196   Section        0  libinit2.o(.ARM.Collect$$libinit$$00000011)
    .ARM.Collect$$libinit$$00000013          0x08000196   Section        0  libinit2.o(.ARM.Collect$$libinit$$00000013)
    .ARM.Collect$$libinit$$00000015          0x08000196   Section        0  libinit2.o(.ARM.Collect$$libinit$$00000015)
    .ARM.Collect$$libinit$$00000017          0x08000196   Section        0  libinit2.o(.ARM.Collect$$libinit$$00000017)
    .ARM.Collect$$libinit$$00000019          0x08000196   Section        0  libinit2.o(.ARM.Collect$$libinit$$00000019)
    .ARM.Collect$$libinit$$0000001B          0x08000196   Section        0  libinit2.o(.ARM.Collect$$libinit$$0000001B)
    .ARM.Collect$$libinit$$0000001D          0x08000196   Section        0  libinit2.o(.ARM.Collect$$libinit$$0000001D)
    .ARM.Collect$$libinit$$0000001F          0x08000196   Section        0  libinit2.o(.ARM.Collect$$libinit$$0000001F)
    .ARM.Collect$$libinit$$00000021          0x08000196   Section        0  libinit2.o(.ARM.Collect$$libinit$$00000021)
    .ARM.Collect$$libinit$$00000023          0x08000196   Section        0  libinit2.o(.ARM.Collect$$libinit$$00000023)
    .ARM.Collect$$libinit$$0000002A          0x08000196   Section        0  libinit2.o(.ARM.Collect$$libinit$$0000002A)
    .ARM.Collect$$libinit$$0000002C          0x08000196   Section        0  libinit2.o(.ARM.Collect$$libinit$$0000002C)
    .ARM.Collect$$libinit$$0000002E          0x08000196   Section        0  libinit2.o(.ARM.Collect$$libinit$$0000002E)
    .ARM.Collect$$libinit$$00000030          0x08000196   Section        0  libinit2.o(.ARM.Collect$$libinit$$00000030)
    .ARM.Collect$$libinit$$00000031          0x08000196   Section        2  libinit2.o(.ARM.Collect$$libinit$$00000031)
    .ARM.Collect$$libshutdown$$00000000      0x08000198   Section        2  libshutdown.o(.ARM.Collect$$libshutdown$$00000000)
    .ARM.Collect$$libshutdown$$00000003      0x0800019a   Section        0  libshutdown2.o(.ARM.Collect$$libshutdown$$00000003)
    .ARM.Collect$$libshutdown$$00000006      0x0800019a   Section        0  libshutdown2.o(.ARM.Collect$$libshutdown$$00000006)
    .ARM.Collect$$libshutdown$$00000009      0x0800019a   Section        0  libshutdown2.o(.ARM.Collect$$libshutdown$$00000009)
    .ARM.Collect$$libshutdown$$0000000B      0x0800019a   Section        0  libshutdown2.o(.ARM.Collect$$libshutdown$$0000000B)
    .ARM.Collect$$libshutdown$$0000000E      0x0800019a   Section        0  libshutdown2.o(.ARM.Collect$$libshutdown$$0000000E)
    .ARM.Collect$$libshutdown$$0000000F      0x0800019a   Section        2  libshutdown2.o(.ARM.Collect$$libshutdown$$0000000F)
    .ARM.Collect$$rtentry$$00000000          0x0800019c   Section        0  rtentry.o(.ARM.Collect$$rtentry$$00000000)
    .ARM.Collect$$rtentry$$00000002          0x0800019c   Section        0  rtentry2.o(.ARM.Collect$$rtentry$$00000002)
    .ARM.Collect$$rtentry$$00000004          0x0800019c   Section        6  rtentry4.o(.ARM.Collect$$rtentry$$00000004)
    .ARM.Collect$$rtentry$$00000009          0x080001a2   Section        0  rtentry2.o(.ARM.Collect$$rtentry$$00000009)
    .ARM.Collect$$rtentry$$0000000A          0x080001a2   Section        4  rtentry2.o(.ARM.Collect$$rtentry$$0000000A)
    .ARM.Collect$$rtentry$$0000000C          0x080001a6   Section        0  rtentry2.o(.ARM.Collect$$rtentry$$0000000C)
    .ARM.Collect$$rtentry$$0000000D          0x080001a6   Section        8  rtentry2.o(.ARM.Collect$$rtentry$$0000000D)
    .ARM.Collect$$rtexit$$00000000           0x080001ae   Section        2  rtexit.o(.ARM.Collect$$rtexit$$00000000)
    .ARM.Collect$$rtexit$$00000002           0x080001b0   Section        0  rtexit2.o(.ARM.Collect$$rtexit$$00000002)
    .ARM.Collect$$rtexit$$00000003           0x080001b0   Section        4  rtexit2.o(.ARM.Collect$$rtexit$$00000003)
    .ARM.Collect$$rtexit$$00000004           0x080001b4   Section        6  rtexit2.o(.ARM.Collect$$rtexit$$00000004)
    .text                                    0x080001bc   Section       64  startup_stm32f10x_md_vl.o(.text)
    .text                                    0x080001fc   Section        0  system_stm32f10x.o(.text)
    SetSysClockTo24                          0x080001fd   Thumb Code   176  system_stm32f10x.o(.text)
    SetSysClock                              0x080002ad   Thumb Code     8  system_stm32f10x.o(.text)
    .text                                    0x080003b0   Section        0  misc.o(.text)
    .text                                    0x0800048c   Section        0  stm32f10x_adc.o(.text)
    .text                                    0x080008dc   Section        0  stm32f10x_dma.o(.text)
    .text                                    0x08000b2c   Section        0  stm32f10x_flash.o(.text)
    .text                                    0x080010e8   Section        0  stm32f10x_gpio.o(.text)
    .text                                    0x08001440   Section        0  stm32f10x_rcc.o(.text)
    .text                                    0x08001804   Section        0  stm32f10x_usart.o(.text)
    .text                                    0x08001c0c   Section        0  main.o(.text)
    .text                                    0x08001cdc   Section        0  stm32f10x_it.o(.text)
    .text                                    0x08001d78   Section        0  adc.o(.text)
    .text                                    0x08002114   Section        0  flash.o(.text)
    .text                                    0x080021e4   Section        0  systick.o(.text)
    .text                                    0x08002264   Section        0  control.o(.text)
    .text                                    0x080023b4   Section        0  uart.o(.text)
    .text                                    0x08002890   Section        0  task.o(.text)
    .text                                    0x08002acc   Section        0  heapauxi.o(.text)
    .text                                    0x08002ad2   Section       74  sys_stackheap_outer.o(.text)
    .text                                    0x08002b1c   Section        0  exit.o(.text)
    .text                                    0x08002b28   Section        8  libspace.o(.text)
    .text                                    0x08002b30   Section        0  sys_exit.o(.text)
    .text                                    0x08002b3c   Section        2  use_no_semi.o(.text)
    .constdata                               0x08002b3e   Section      174  task.o(.constdata)
    .text                                    0x08002b3e   Section        0  indicate_semi.o(.text)
    .data                                    0x20000000   Section       20  system_stm32f10x.o(.data)
    .data                                    0x20000014   Section       20  stm32f10x_rcc.o(.data)
    APBAHBPrescTable                         0x20000014   Data          16  stm32f10x_rcc.o(.data)
    ADCPrescTable                            0x20000024   Data           4  stm32f10x_rcc.o(.data)
    .data                                    0x20000028   Section        8  main.o(.data)
    .data                                    0x20000030   Section       29  adc.o(.data)
    .data                                    0x2000004e   Section        2  systick.o(.data)
    .data                                    0x20000050   Section       10  uart.o(.data)
    NVIC_InitStructure                       0x20000056   Data           4  uart.o(.data)
    .data                                    0x2000005a   Section       12  task.o(.data)
    Att                                      0x20000064   Data           2  task.o(.data)
    .bss                                     0x20000068   Section       20  main.o(.bss)
    .bss                                     0x2000007c   Section      144  adc.o(.bss)
    DMA_InitStructure                        0x200000cc   Data          44  adc.o(.bss)
    ADC_InitStructure                        0x200000f8   Data          20  adc.o(.bss)
    .bss                                     0x2000010c   Section      220  uart.o(.bss)
    DMA_InitStructure                        0x20000170   Data          44  uart.o(.bss)
    USART_InitStructure                      0x200001d8   Data          16  uart.o(.bss)
    .bss                                     0x200001e8   Section       16  task.o(.bss)
    count                                    0x200001e8   Data          16  task.o(.bss)
    .bss                                     0x200001f8   Section       96  libspace.o(.bss)
    HEAP                                     0x20000258   Section      512  startup_stm32f10x_md_vl.o(HEAP)
    Heap_Mem                                 0x20000258   Data         512  startup_stm32f10x_md_vl.o(HEAP)
    STACK                                    0x20000458   Section     1024  startup_stm32f10x_md_vl.o(STACK)
    Stack_Mem                                0x20000458   Data        1024  startup_stm32f10x_md_vl.o(STACK)
    __initial_sp                             0x20000858   Data           0  startup_stm32f10x_md_vl.o(STACK)

    Global Symbols

    Symbol Name                              Value     Ov Type        Size  Object(Section)

    BuildAttributes$$THM_ISAv4$P$D$K$B$S$PE$A:L22UL41UL21$X:L11$S22US41US21$IEEE1$IW$USESV6$~STKCKD$USESV7$~SHL$OSPACE$ROPI$EBA8$UX$STANDARDLIB$REQ8$PRES8$EABIv2 0x00000000   Number         0  anon$$obj.o ABSOLUTE
    __ARM_use_no_argv                        0x00000000   Number         0  main.o ABSOLUTE
    __ARM_exceptions_init                     - Undefined Weak Reference
    __alloca_initialize                       - Undefined Weak Reference
    __cpp_initialize__aeabi_                  - Undefined Weak Reference
    __cxa_finalize                            - Undefined Weak Reference
    __rt_locale                               - Undefined Weak Reference
    __sigvec_lookup                           - Undefined Weak Reference
    _atexit_init                              - Undefined Weak Reference
    _call_atexit_fns                          - Undefined Weak Reference
    _clock_init                               - Undefined Weak Reference
    _fp_trap_init                             - Undefined Weak Reference
    _fp_trap_shutdown                         - Undefined Weak Reference
    _get_lc_collate                           - Undefined Weak Reference
    _get_lc_ctype                             - Undefined Weak Reference
    _get_lc_monetary                          - Undefined Weak Reference
    _get_lc_numeric                           - Undefined Weak Reference
    _get_lc_time                              - Undefined Weak Reference
    _getenv_init                              - Undefined Weak Reference
    _handle_redirection                       - Undefined Weak Reference
    _init_alloc                               - Undefined Weak Reference
    _init_user_alloc                          - Undefined Weak Reference
    _initio                                   - Undefined Weak Reference
    _rand_init                                - Undefined Weak Reference
    _signal_finish                            - Undefined Weak Reference
    _signal_init                              - Undefined Weak Reference
    _terminate_alloc                          - Undefined Weak Reference
    _terminate_user_alloc                     - Undefined Weak Reference
    _terminateio                              - Undefined Weak Reference
    __Vectors_Size                           0x00000120   Number         0  startup_stm32f10x_md_vl.o ABSOLUTE
    __Vectors                                0x08000000   Data           4  startup_stm32f10x_md_vl.o(RESET)
    __Vectors_End                            0x08000120   Data           0  startup_stm32f10x_md_vl.o(RESET)
    __main                                   0x08000121   Thumb Code     8  __main.o(!!!main)
    __scatterload                            0x08000129   Thumb Code     0  __scatter.o(!!!scatter)
    __scatterload_rt2                        0x08000129   Thumb Code    44  __scatter.o(!!!scatter)
    __scatterload_rt2_thumb_only             0x08000129   Thumb Code     0  __scatter.o(!!!scatter)
    __scatterload_null                       0x08000137   Thumb Code     0  __scatter.o(!!!scatter)
    __scatterload_copy                       0x0800015d   Thumb Code    26  __scatter_copy.o(!!handler_copy)
    __scatterload_zeroinit                   0x08000179   Thumb Code    28  __scatter_zi.o(!!handler_zi)
    __rt_lib_init                            0x08000195   Thumb Code     0  libinit.o(.ARM.Collect$$libinit$$00000000)
    __rt_lib_init_alloca_1                   0x08000197   Thumb Code     0  libinit2.o(.ARM.Collect$$libinit$$0000002C)
    __rt_lib_init_argv_1                     0x08000197   Thumb Code     0  libinit2.o(.ARM.Collect$$libinit$$0000002A)
    __rt_lib_init_atexit_1                   0x08000197   Thumb Code     0  libinit2.o(.ARM.Collect$$libinit$$00000019)
    __rt_lib_init_clock_1                    0x08000197   Thumb Code     0  libinit2.o(.ARM.Collect$$libinit$$0000001F)
    __rt_lib_init_cpp_1                      0x08000197   Thumb Code     0  libinit2.o(.ARM.Collect$$libinit$$00000030)
    __rt_lib_init_exceptions_1               0x08000197   Thumb Code     0  libinit2.o(.ARM.Collect$$libinit$$0000002E)
    __rt_lib_init_fp_1                       0x08000197   Thumb Code     0  libinit2.o(.ARM.Collect$$libinit$$00000002)
    __rt_lib_init_fp_trap_1                  0x08000197   Thumb Code     0  libinit2.o(.ARM.Collect$$libinit$$0000001D)
    __rt_lib_init_getenv_1                   0x08000197   Thumb Code     0  libinit2.o(.ARM.Collect$$libinit$$00000021)
    __rt_lib_init_heap_1                     0x08000197   Thumb Code     0  libinit2.o(.ARM.Collect$$libinit$$00000008)
    __rt_lib_init_lc_collate_1               0x08000197   Thumb Code     0  libinit2.o(.ARM.Collect$$libinit$$0000000F)
    __rt_lib_init_lc_ctype_1                 0x08000197   Thumb Code     0  libinit2.o(.ARM.Collect$$libinit$$00000011)
    __rt_lib_init_lc_monetary_1              0x08000197   Thumb Code     0  libinit2.o(.ARM.Collect$$libinit$$00000013)
    __rt_lib_init_lc_numeric_1               0x08000197   Thumb Code     0  libinit2.o(.ARM.Collect$$libinit$$00000015)
    __rt_lib_init_lc_time_1                  0x08000197   Thumb Code     0  libinit2.o(.ARM.Collect$$libinit$$00000017)
    __rt_lib_init_rand_1                     0x08000197   Thumb Code     0  libinit2.o(.ARM.Collect$$libinit$$0000000C)
    __rt_lib_init_return                     0x08000197   Thumb Code     0  libinit2.o(.ARM.Collect$$libinit$$00000031)
    __rt_lib_init_signal_1                   0x08000197   Thumb Code     0  libinit2.o(.ARM.Collect$$libinit$$0000001B)
    __rt_lib_init_stdio_1                    0x08000197   Thumb Code     0  libinit2.o(.ARM.Collect$$libinit$$00000023)
    __rt_lib_init_user_alloc_1               0x08000197   Thumb Code     0  libinit2.o(.ARM.Collect$$libinit$$0000000A)
    __rt_lib_shutdown                        0x08000199   Thumb Code     0  libshutdown.o(.ARM.Collect$$libshutdown$$00000000)
    __rt_lib_shutdown_fp_trap_1              0x0800019b   Thumb Code     0  libshutdown2.o(.ARM.Collect$$libshutdown$$00000006)
    __rt_lib_shutdown_heap_1                 0x0800019b   Thumb Code     0  libshutdown2.o(.ARM.Collect$$libshutdown$$0000000E)
    __rt_lib_shutdown_return                 0x0800019b   Thumb Code     0  libshutdown2.o(.ARM.Collect$$libshutdown$$0000000F)
    __rt_lib_shutdown_signal_1               0x0800019b   Thumb Code     0  libshutdown2.o(.ARM.Collect$$libshutdown$$00000009)
    __rt_lib_shutdown_stdio_1                0x0800019b   Thumb Code     0  libshutdown2.o(.ARM.Collect$$libshutdown$$00000003)
    __rt_lib_shutdown_user_alloc_1           0x0800019b   Thumb Code     0  libshutdown2.o(.ARM.Collect$$libshutdown$$0000000B)
    __rt_entry                               0x0800019d   Thumb Code     0  rtentry.o(.ARM.Collect$$rtentry$$00000000)
    __rt_entry_presh_1                       0x0800019d   Thumb Code     0  rtentry2.o(.ARM.Collect$$rtentry$$00000002)
    __rt_entry_sh                            0x0800019d   Thumb Code     0  rtentry4.o(.ARM.Collect$$rtentry$$00000004)
    __rt_entry_li                            0x080001a3   Thumb Code     0  rtentry2.o(.ARM.Collect$$rtentry$$0000000A)
    __rt_entry_postsh_1                      0x080001a3   Thumb Code     0  rtentry2.o(.ARM.Collect$$rtentry$$00000009)
    __rt_entry_main                          0x080001a7   Thumb Code     0  rtentry2.o(.ARM.Collect$$rtentry$$0000000D)
    __rt_entry_postli_1                      0x080001a7   Thumb Code     0  rtentry2.o(.ARM.Collect$$rtentry$$0000000C)
    __rt_exit                                0x080001af   Thumb Code     0  rtexit.o(.ARM.Collect$$rtexit$$00000000)
    __rt_exit_ls                             0x080001b1   Thumb Code     0  rtexit2.o(.ARM.Collect$$rtexit$$00000003)
    __rt_exit_prels_1                        0x080001b1   Thumb Code     0  rtexit2.o(.ARM.Collect$$rtexit$$00000002)
    __rt_exit_exit                           0x080001b5   Thumb Code     0  rtexit2.o(.ARM.Collect$$rtexit$$00000004)
    Reset_Handler                            0x080001bd   Thumb Code     8  startup_stm32f10x_md_vl.o(.text)
    ADC1_IRQHandler                          0x080001d7   Thumb Code     0  startup_stm32f10x_md_vl.o(.text)
    CEC_IRQHandler                           0x080001d7   Thumb Code     0  startup_stm32f10x_md_vl.o(.text)
    DMA1_Channel1_IRQHandler                 0x080001d7   Thumb Code     0  startup_stm32f10x_md_vl.o(.text)
    DMA1_Channel2_IRQHandler                 0x080001d7   Thumb Code     0  startup_stm32f10x_md_vl.o(.text)
    DMA1_Channel3_IRQHandler                 0x080001d7   Thumb Code     0  startup_stm32f10x_md_vl.o(.text)
    DMA1_Channel4_IRQHandler                 0x080001d7   Thumb Code     0  startup_stm32f10x_md_vl.o(.text)
    DMA1_Channel5_IRQHandler                 0x080001d7   Thumb Code     0  startup_stm32f10x_md_vl.o(.text)
    DMA1_Channel6_IRQHandler                 0x080001d7   Thumb Code     0  startup_stm32f10x_md_vl.o(.text)
    DMA1_Channel7_IRQHandler                 0x080001d7   Thumb Code     0  startup_stm32f10x_md_vl.o(.text)
    EXTI0_IRQHandler                         0x080001d7   Thumb Code     0  startup_stm32f10x_md_vl.o(.text)
    EXTI15_10_IRQHandler                     0x080001d7   Thumb Code     0  startup_stm32f10x_md_vl.o(.text)
    EXTI1_IRQHandler                         0x080001d7   Thumb Code     0  startup_stm32f10x_md_vl.o(.text)
    EXTI2_IRQHandler                         0x080001d7   Thumb Code     0  startup_stm32f10x_md_vl.o(.text)
    EXTI3_IRQHandler                         0x080001d7   Thumb Code     0  startup_stm32f10x_md_vl.o(.text)
    EXTI4_IRQHandler                         0x080001d7   Thumb Code     0  startup_stm32f10x_md_vl.o(.text)
    EXTI9_5_IRQHandler                       0x080001d7   Thumb Code     0  startup_stm32f10x_md_vl.o(.text)
    FLASH_IRQHandler                         0x080001d7   Thumb Code     0  startup_stm32f10x_md_vl.o(.text)
    I2C1_ER_IRQHandler                       0x080001d7   Thumb Code     0  startup_stm32f10x_md_vl.o(.text)
    I2C1_EV_IRQHandler                       0x080001d7   Thumb Code     0  startup_stm32f10x_md_vl.o(.text)
    I2C2_ER_IRQHandler                       0x080001d7   Thumb Code     0  startup_stm32f10x_md_vl.o(.text)
    I2C2_EV_IRQHandler                       0x080001d7   Thumb Code     0  startup_stm32f10x_md_vl.o(.text)
    PVD_IRQHandler                           0x080001d7   Thumb Code     0  startup_stm32f10x_md_vl.o(.text)
    RCC_IRQHandler                           0x080001d7   Thumb Code     0  startup_stm32f10x_md_vl.o(.text)
    RTCAlarm_IRQHandler                      0x080001d7   Thumb Code     0  startup_stm32f10x_md_vl.o(.text)
    RTC_IRQHandler                           0x080001d7   Thumb Code     0  startup_stm32f10x_md_vl.o(.text)
    SPI1_IRQHandler                          0x080001d7   Thumb Code     0  startup_stm32f10x_md_vl.o(.text)
    SPI2_IRQHandler                          0x080001d7   Thumb Code     0  startup_stm32f10x_md_vl.o(.text)
    TAMPER_IRQHandler                        0x080001d7   Thumb Code     0  startup_stm32f10x_md_vl.o(.text)
    TIM1_BRK_TIM15_IRQHandler                0x080001d7   Thumb Code     0  startup_stm32f10x_md_vl.o(.text)
    TIM1_CC_IRQHandler                       0x080001d7   Thumb Code     0  startup_stm32f10x_md_vl.o(.text)
    TIM1_TRG_COM_TIM17_IRQHandler            0x080001d7   Thumb Code     0  startup_stm32f10x_md_vl.o(.text)
    TIM1_UP_TIM16_IRQHandler                 0x080001d7   Thumb Code     0  startup_stm32f10x_md_vl.o(.text)
    TIM2_IRQHandler                          0x080001d7   Thumb Code     0  startup_stm32f10x_md_vl.o(.text)
    TIM3_IRQHandler                          0x080001d7   Thumb Code     0  startup_stm32f10x_md_vl.o(.text)
    TIM4_IRQHandler                          0x080001d7   Thumb Code     0  startup_stm32f10x_md_vl.o(.text)
    TIM6_DAC_IRQHandler                      0x080001d7   Thumb Code     0  startup_stm32f10x_md_vl.o(.text)
    TIM7_IRQHandler                          0x080001d7   Thumb Code     0  startup_stm32f10x_md_vl.o(.text)
    USART2_IRQHandler                        0x080001d7   Thumb Code     0  startup_stm32f10x_md_vl.o(.text)
    USART3_IRQHandler                        0x080001d7   Thumb Code     0  startup_stm32f10x_md_vl.o(.text)
    WWDG_IRQHandler                          0x080001d7   Thumb Code     0  startup_stm32f10x_md_vl.o(.text)
    __user_initial_stackheap                 0x080001d9   Thumb Code     0  startup_stm32f10x_md_vl.o(.text)
    SystemInit                               0x080002b5   Thumb Code    82  system_stm32f10x.o(.text)
    SystemCoreClockUpdate                    0x08000307   Thumb Code   138  system_stm32f10x.o(.text)
    NVIC_PriorityGroupConfig                 0x080003b1   Thumb Code    10  misc.o(.text)
    NVIC_Init                                0x080003bb   Thumb Code   102  misc.o(.text)
    NVIC_SetVectorTable                      0x08000421   Thumb Code    14  misc.o(.text)
    NVIC_SystemLPConfig                      0x0800042f   Thumb Code    34  misc.o(.text)
    SysTick_CLKSourceConfig                  0x08000451   Thumb Code    40  misc.o(.text)
    ADC_DeInit                               0x0800048d   Thumb Code    78  stm32f10x_adc.o(.text)
    ADC_Init                                 0x080004db   Thumb Code    70  stm32f10x_adc.o(.text)
    ADC_StructInit                           0x08000521   Thumb Code    18  stm32f10x_adc.o(.text)
    ADC_Cmd                                  0x08000533   Thumb Code    22  stm32f10x_adc.o(.text)
    ADC_DMACmd                               0x08000549   Thumb Code    22  stm32f10x_adc.o(.text)
    ADC_ITConfig                             0x0800055f   Thumb Code    24  stm32f10x_adc.o(.text)
    ADC_ResetCalibration                     0x08000577   Thumb Code    10  stm32f10x_adc.o(.text)
    ADC_GetResetCalibrationStatus            0x08000581   Thumb Code    20  stm32f10x_adc.o(.text)
    ADC_StartCalibration                     0x08000595   Thumb Code    10  stm32f10x_adc.o(.text)
    ADC_GetCalibrationStatus                 0x0800059f   Thumb Code    20  stm32f10x_adc.o(.text)
    ADC_SoftwareStartConvCmd                 0x080005b3   Thumb Code    22  stm32f10x_adc.o(.text)
    ADC_GetSoftwareStartConvStatus           0x080005c9   Thumb Code    20  stm32f10x_adc.o(.text)
    ADC_DiscModeChannelCountConfig           0x080005dd   Thumb Code    24  stm32f10x_adc.o(.text)
    ADC_DiscModeCmd                          0x080005f5   Thumb Code    22  stm32f10x_adc.o(.text)
    ADC_RegularChannelConfig                 0x0800060b   Thumb Code   184  stm32f10x_adc.o(.text)
    ADC_ExternalTrigConvCmd                  0x080006c3   Thumb Code    22  stm32f10x_adc.o(.text)
    ADC_GetConversionValue                   0x080006d9   Thumb Code     8  stm32f10x_adc.o(.text)
    ADC_GetDualModeConversionValue           0x080006e1   Thumb Code     8  stm32f10x_adc.o(.text)
    ADC_AutoInjectedConvCmd                  0x080006e9   Thumb Code    22  stm32f10x_adc.o(.text)
    ADC_InjectedDiscModeCmd                  0x080006ff   Thumb Code    22  stm32f10x_adc.o(.text)
    ADC_ExternalTrigInjectedConvConfig       0x08000715   Thumb Code    16  stm32f10x_adc.o(.text)
    ADC_ExternalTrigInjectedConvCmd          0x08000725   Thumb Code    22  stm32f10x_adc.o(.text)
    ADC_SoftwareStartInjectedConvCmd         0x0800073b   Thumb Code    22  stm32f10x_adc.o(.text)
    ADC_GetSoftwareStartInjectedConvCmdStatus 0x08000751   Thumb Code    20  stm32f10x_adc.o(.text)
    ADC_InjectedChannelConfig                0x08000765   Thumb Code   130  stm32f10x_adc.o(.text)
    ADC_InjectedSequencerLengthConfig        0x080007e7   Thumb Code    24  stm32f10x_adc.o(.text)
    ADC_SetInjectedOffset                    0x080007ff   Thumb Code    20  stm32f10x_adc.o(.text)
    ADC_GetInjectedConversionValue           0x08000813   Thumb Code    28  stm32f10x_adc.o(.text)
    ADC_AnalogWatchdogCmd                    0x0800082f   Thumb Code    16  stm32f10x_adc.o(.text)
    ADC_AnalogWatchdogThresholdsConfig       0x0800083f   Thumb Code     6  stm32f10x_adc.o(.text)
    ADC_AnalogWatchdogSingleChannelConfig    0x08000845   Thumb Code    16  stm32f10x_adc.o(.text)
    ADC_TempSensorVrefintCmd                 0x08000855   Thumb Code    64  stm32f10x_adc.o(.text)
    ADC_GetFlagStatus                        0x08000895   Thumb Code    18  stm32f10x_adc.o(.text)
    ADC_ClearFlag                            0x080008a7   Thumb Code     6  stm32f10x_adc.o(.text)
    ADC_GetITStatus                          0x080008ad   Thumb Code    36  stm32f10x_adc.o(.text)
    ADC_ClearITPendingBit                    0x080008d1   Thumb Code    10  stm32f10x_adc.o(.text)
    DMA_DeInit                               0x080008dd   Thumb Code   324  stm32f10x_dma.o(.text)
    DMA_Init                                 0x08000a21   Thumb Code    60  stm32f10x_dma.o(.text)
    DMA_StructInit                           0x08000a5d   Thumb Code    26  stm32f10x_dma.o(.text)
    DMA_Cmd                                  0x08000a77   Thumb Code    24  stm32f10x_dma.o(.text)
    DMA_ITConfig                             0x08000a8f   Thumb Code    18  stm32f10x_dma.o(.text)
    DMA_SetCurrDataCounter                   0x08000aa1   Thumb Code     4  stm32f10x_dma.o(.text)
    DMA_GetCurrDataCounter                   0x08000aa5   Thumb Code     8  stm32f10x_dma.o(.text)
    DMA_GetFlagStatus                        0x08000aad   Thumb Code    38  stm32f10x_dma.o(.text)
    DMA_ClearFlag                            0x08000ad3   Thumb Code    22  stm32f10x_dma.o(.text)
    DMA_GetITStatus                          0x08000ae9   Thumb Code    38  stm32f10x_dma.o(.text)
    DMA_ClearITPendingBit                    0x08000b0f   Thumb Code    22  stm32f10x_dma.o(.text)
    FLASH_SetLatency                         0x08000b2d   Thumb Code    18  stm32f10x_flash.o(.text)
    FLASH_HalfCycleAccessCmd                 0x08000b3f   Thumb Code    22  stm32f10x_flash.o(.text)
    FLASH_PrefetchBufferCmd                  0x08000b55   Thumb Code    22  stm32f10x_flash.o(.text)
    FLASH_Unlock                             0x08000b6b   Thumb Code    12  stm32f10x_flash.o(.text)
    FLASH_UnlockBank1                        0x08000b77   Thumb Code    12  stm32f10x_flash.o(.text)
    FLASH_Lock                               0x08000b83   Thumb Code    14  stm32f10x_flash.o(.text)
    FLASH_LockBank1                          0x08000b91   Thumb Code    14  stm32f10x_flash.o(.text)
    FLASH_GetBank1Status                     0x08000b9f   Thumb Code    48  stm32f10x_flash.o(.text)
    FLASH_WaitForLastOperation               0x08000bcf   Thumb Code    38  stm32f10x_flash.o(.text)
    FLASH_ErasePage                          0x08000bf5   Thumb Code    72  stm32f10x_flash.o(.text)
    FLASH_EraseAllPages                      0x08000c3d   Thumb Code    68  stm32f10x_flash.o(.text)
    FLASH_WaitForLastBank1Operation          0x08000c81   Thumb Code    38  stm32f10x_flash.o(.text)
    FLASH_EraseAllBank1Pages                 0x08000ca7   Thumb Code    68  stm32f10x_flash.o(.text)
    FLASH_GetReadOutProtectionStatus         0x08000ceb   Thumb Code    20  stm32f10x_flash.o(.text)
    FLASH_EraseOptionBytes                   0x08000cff   Thumb Code   150  stm32f10x_flash.o(.text)
    FLASH_ProgramWord                        0x08000d95   Thumb Code   102  stm32f10x_flash.o(.text)
    FLASH_ProgramHalfWord                    0x08000dfb   Thumb Code    60  stm32f10x_flash.o(.text)
    FLASH_ProgramOptionByteData              0x08000e37   Thumb Code    72  stm32f10x_flash.o(.text)
    FLASH_EnableWriteProtection              0x08000e7f   Thumb Code   200  stm32f10x_flash.o(.text)
    FLASH_ReadOutProtection                  0x08000f47   Thumb Code   156  stm32f10x_flash.o(.text)
    FLASH_UserOptionByteConfig               0x08000fe3   Thumb Code    88  stm32f10x_flash.o(.text)
    FLASH_GetUserOptionByte                  0x0800103b   Thumb Code     8  stm32f10x_flash.o(.text)
    FLASH_GetWriteProtectionOptionByte       0x08001043   Thumb Code     6  stm32f10x_flash.o(.text)
    FLASH_GetPrefetchBufferStatus            0x08001049   Thumb Code    20  stm32f10x_flash.o(.text)
    FLASH_ITConfig                           0x0800105d   Thumb Code    26  stm32f10x_flash.o(.text)
    FLASH_GetFlagStatus                      0x08001077   Thumb Code    42  stm32f10x_flash.o(.text)
    FLASH_ClearFlag                          0x080010a1   Thumb Code     6  stm32f10x_flash.o(.text)
    FLASH_GetStatus                          0x080010a7   Thumb Code    48  stm32f10x_flash.o(.text)
    GPIO_DeInit                              0x080010e9   Thumb Code   172  stm32f10x_gpio.o(.text)
    GPIO_AFIODeInit                          0x08001195   Thumb Code    20  stm32f10x_gpio.o(.text)
    GPIO_Init                                0x080011a9   Thumb Code   274  stm32f10x_gpio.o(.text)
    GPIO_StructInit                          0x080012bb   Thumb Code    16  stm32f10x_gpio.o(.text)
    GPIO_ReadInputDataBit                    0x080012cb   Thumb Code    18  stm32f10x_gpio.o(.text)
    GPIO_ReadInputData                       0x080012dd   Thumb Code     8  stm32f10x_gpio.o(.text)
    GPIO_ReadOutputDataBit                   0x080012e5   Thumb Code    18  stm32f10x_gpio.o(.text)
    GPIO_ReadOutputData                      0x080012f7   Thumb Code     8  stm32f10x_gpio.o(.text)
    GPIO_SetBits                             0x080012ff   Thumb Code     4  stm32f10x_gpio.o(.text)
    GPIO_ResetBits                           0x08001303   Thumb Code     4  stm32f10x_gpio.o(.text)
    GPIO_WriteBit                            0x08001307   Thumb Code    10  stm32f10x_gpio.o(.text)
    GPIO_Write                               0x08001311   Thumb Code     4  stm32f10x_gpio.o(.text)
    GPIO_PinLockConfig                       0x08001315   Thumb Code    18  stm32f10x_gpio.o(.text)
    GPIO_EventOutputConfig                   0x08001327   Thumb Code    26  stm32f10x_gpio.o(.text)
    GPIO_EventOutputCmd                      0x08001341   Thumb Code     6  stm32f10x_gpio.o(.text)
    GPIO_PinRemapConfig                      0x08001347   Thumb Code   138  stm32f10x_gpio.o(.text)
    GPIO_EXTILineConfig                      0x080013d1   Thumb Code    66  stm32f10x_gpio.o(.text)
    GPIO_ETH_MediaInterfaceConfig            0x08001413   Thumb Code     6  stm32f10x_gpio.o(.text)
    RCC_DeInit                               0x08001441   Thumb Code    68  stm32f10x_rcc.o(.text)
    RCC_HSEConfig                            0x08001485   Thumb Code    70  stm32f10x_rcc.o(.text)
    RCC_GetFlagStatus                        0x080014cb   Thumb Code    56  stm32f10x_rcc.o(.text)
    RCC_WaitForHSEStartUp                    0x08001503   Thumb Code    56  stm32f10x_rcc.o(.text)
    RCC_AdjustHSICalibrationValue            0x0800153b   Thumb Code    20  stm32f10x_rcc.o(.text)
    RCC_HSICmd                               0x0800154f   Thumb Code     6  stm32f10x_rcc.o(.text)
    RCC_PLLConfig                            0x08001555   Thumb Code    24  stm32f10x_rcc.o(.text)
    RCC_PLLCmd                               0x0800156d   Thumb Code     6  stm32f10x_rcc.o(.text)
    RCC_PREDIV1Config                        0x08001573   Thumb Code    24  stm32f10x_rcc.o(.text)
    RCC_SYSCLKConfig                         0x0800158b   Thumb Code    18  stm32f10x_rcc.o(.text)
    RCC_GetSYSCLKSource                      0x0800159d   Thumb Code    10  stm32f10x_rcc.o(.text)
    RCC_HCLKConfig                           0x080015a7   Thumb Code    18  stm32f10x_rcc.o(.text)
    RCC_PCLK1Config                          0x080015b9   Thumb Code    18  stm32f10x_rcc.o(.text)
    RCC_PCLK2Config                          0x080015cb   Thumb Code    20  stm32f10x_rcc.o(.text)
    RCC_ITConfig                             0x080015df   Thumb Code    26  stm32f10x_rcc.o(.text)
    RCC_USBCLKConfig                         0x080015f9   Thumb Code     6  stm32f10x_rcc.o(.text)
    RCC_ADCCLKConfig                         0x080015ff   Thumb Code    18  stm32f10x_rcc.o(.text)
    RCC_LSEConfig                            0x08001611   Thumb Code    44  stm32f10x_rcc.o(.text)
    RCC_LSICmd                               0x0800163d   Thumb Code     6  stm32f10x_rcc.o(.text)
    RCC_RTCCLKConfig                         0x08001643   Thumb Code    12  stm32f10x_rcc.o(.text)
    RCC_RTCCLKCmd                            0x0800164f   Thumb Code     8  stm32f10x_rcc.o(.text)
    RCC_GetClocksFreq                        0x08001657   Thumb Code   190  stm32f10x_rcc.o(.text)
    RCC_AHBPeriphClockCmd                    0x08001715   Thumb Code    26  stm32f10x_rcc.o(.text)
    RCC_APB2PeriphClockCmd                   0x0800172f   Thumb Code    26  stm32f10x_rcc.o(.text)
    RCC_APB1PeriphClockCmd                   0x08001749   Thumb Code    26  stm32f10x_rcc.o(.text)
    RCC_APB2PeriphResetCmd                   0x08001763   Thumb Code    26  stm32f10x_rcc.o(.text)
    RCC_APB1PeriphResetCmd                   0x0800177d   Thumb Code    26  stm32f10x_rcc.o(.text)
    RCC_BackupResetCmd                       0x08001797   Thumb Code     8  stm32f10x_rcc.o(.text)
    RCC_ClockSecuritySystemCmd               0x0800179f   Thumb Code     6  stm32f10x_rcc.o(.text)
    RCC_MCOConfig                            0x080017a5   Thumb Code     6  stm32f10x_rcc.o(.text)
    RCC_ClearFlag                            0x080017ab   Thumb Code    14  stm32f10x_rcc.o(.text)
    RCC_GetITStatus                          0x080017b9   Thumb Code    20  stm32f10x_rcc.o(.text)
    RCC_ClearITPendingBit                    0x080017cd   Thumb Code     6  stm32f10x_rcc.o(.text)
    USART_DeInit                             0x08001805   Thumb Code   134  stm32f10x_usart.o(.text)
    USART_Init                               0x0800188b   Thumb Code   210  stm32f10x_usart.o(.text)
    USART_StructInit                         0x0800195d   Thumb Code    24  stm32f10x_usart.o(.text)
    USART_ClockInit                          0x08001975   Thumb Code    34  stm32f10x_usart.o(.text)
    USART_ClockStructInit                    0x08001997   Thumb Code    12  stm32f10x_usart.o(.text)
    USART_Cmd                                0x080019a3   Thumb Code    24  stm32f10x_usart.o(.text)
    USART_ITConfig                           0x080019bb   Thumb Code    74  stm32f10x_usart.o(.text)
    USART_DMACmd                             0x08001a05   Thumb Code    18  stm32f10x_usart.o(.text)
    USART_SetAddress                         0x08001a17   Thumb Code    18  stm32f10x_usart.o(.text)
    USART_WakeUpConfig                       0x08001a29   Thumb Code    18  stm32f10x_usart.o(.text)
    USART_ReceiverWakeUpCmd                  0x08001a3b   Thumb Code    24  stm32f10x_usart.o(.text)
    USART_LINBreakDetectLengthConfig         0x08001a53   Thumb Code    18  stm32f10x_usart.o(.text)
    USART_LINCmd                             0x08001a65   Thumb Code    24  stm32f10x_usart.o(.text)
    USART_SendData                           0x08001a7d   Thumb Code     8  stm32f10x_usart.o(.text)
    USART_ReceiveData                        0x08001a85   Thumb Code    10  stm32f10x_usart.o(.text)
    USART_SendBreak                          0x08001a8f   Thumb Code    10  stm32f10x_usart.o(.text)
    USART_SetGuardTime                       0x08001a99   Thumb Code    16  stm32f10x_usart.o(.text)
    USART_SetPrescaler                       0x08001aa9   Thumb Code    16  stm32f10x_usart.o(.text)
    USART_SmartCardCmd                       0x08001ab9   Thumb Code    24  stm32f10x_usart.o(.text)
    USART_SmartCardNACKCmd                   0x08001ad1   Thumb Code    24  stm32f10x_usart.o(.text)
    USART_HalfDuplexCmd                      0x08001ae9   Thumb Code    24  stm32f10x_usart.o(.text)
    USART_OverSampling8Cmd                   0x08001b01   Thumb Code    22  stm32f10x_usart.o(.text)
    USART_OneBitMethodCmd                    0x08001b17   Thumb Code    24  stm32f10x_usart.o(.text)
    USART_IrDAConfig                         0x08001b2f   Thumb Code    18  stm32f10x_usart.o(.text)
    USART_IrDACmd                            0x08001b41   Thumb Code    24  stm32f10x_usart.o(.text)
    USART_GetFlagStatus                      0x08001b59   Thumb Code    26  stm32f10x_usart.o(.text)
    USART_ClearFlag                          0x08001b73   Thumb Code    18  stm32f10x_usart.o(.text)
    USART_GetITStatus                        0x08001b85   Thumb Code    84  stm32f10x_usart.o(.text)
    USART_ClearITPendingBit                  0x08001bd9   Thumb Code    52  stm32f10x_usart.o(.text)
    maintask                                 0x08001c0d   Thumb Code    40  main.o(.text)
    RCC_CON                                  0x08001c35   Thumb Code   114  main.o(.text)
    SYSTEM_INIT                              0x08001ca7   Thumb Code    24  main.o(.text)
    main                                     0x08001cbf   Thumb Code    18  main.o(.text)
    NMI_Handler                              0x08001cdd   Thumb Code     2  stm32f10x_it.o(.text)
    HardFault_Handler                        0x08001cdf   Thumb Code     4  stm32f10x_it.o(.text)
    MemManage_Handler                        0x08001ce3   Thumb Code     4  stm32f10x_it.o(.text)
    BusFault_Handler                         0x08001ce7   Thumb Code     4  stm32f10x_it.o(.text)
    UsageFault_Handler                       0x08001ceb   Thumb Code     4  stm32f10x_it.o(.text)
    SVC_Handler                              0x08001cef   Thumb Code     2  stm32f10x_it.o(.text)
    DebugMon_Handler                         0x08001cf1   Thumb Code     2  stm32f10x_it.o(.text)
    PendSV_Handler                           0x08001cf3   Thumb Code     2  stm32f10x_it.o(.text)
    SysTick_Handler                          0x08001cf5   Thumb Code    74  stm32f10x_it.o(.text)
    USART1_IRQHandler                        0x08001d3f   Thumb Code    32  stm32f10x_it.o(.text)
    ADC_RUN                                  0x08001d79   Thumb Code   128  adc.o(.text)
    Sample_Modulenum                         0x08001df9   Thumb Code   256  adc.o(.text)
    alignmentADC                             0x08001ef9   Thumb Code    64  adc.o(.text)
    ADC_INIT_CON                             0x08001f39   Thumb Code   164  adc.o(.text)
    ADC_DMA_CON                              0x08001fdd   Thumb Code    90  adc.o(.text)
    ADC_GPIO_CON                             0x08002037   Thumb Code    36  adc.o(.text)
    ADC_INIT                                 0x0800205b   Thumb Code   140  adc.o(.text)
    FLASH_WW                                 0x08002115   Thumb Code    48  flash.o(.text)
    RestorePara                              0x08002145   Thumb Code    74  flash.o(.text)
    FLASH_RR                                 0x0800218f   Thumb Code    18  flash.o(.text)
    ReadInitPara                             0x080021a1   Thumb Code    50  flash.o(.text)
    SYSTICK_CON                              0x080021e5   Thumb Code    84  systick.o(.text)
    Delayms                                  0x08002239   Thumb Code    16  systick.o(.text)
    Delayus                                  0x08002249   Thumb Code    12  systick.o(.text)
    CONTROL_GPIO_CON                         0x08002265   Thumb Code   142  control.o(.text)
    ATTControl                               0x080022f3   Thumb Code   122  control.o(.text)
    CONTROL_CON                              0x0800236d   Thumb Code    52  control.o(.text)
    UART_GPIO_CON                            0x080023b5   Thumb Code    76  uart.o(.text)
    UART_INIT_CON                            0x08002401   Thumb Code    56  uart.o(.text)
    UART_DMA_CON                             0x08002439   Thumb Code    78  uart.o(.text)
    UART_CON                                 0x08002487   Thumb Code    44  uart.o(.text)
    UART_FrameRcv                            0x080024b3   Thumb Code   256  uart.o(.text)
    UartFramePro                             0x080025b3   Thumb Code   662  uart.o(.text)
    SAVE_Flash                               0x08002849   Thumb Code    50  uart.o(.text)
    AGC_Task                                 0x08002891   Thumb Code   234  task.o(.text)
    ADCtask                                  0x0800297b   Thumb Code   300  task.o(.text)
    __use_two_region_memory                  0x08002acd   Thumb Code     2  heapauxi.o(.text)
    __rt_heap_escrow$2region                 0x08002acf   Thumb Code     2  heapauxi.o(.text)
    __rt_heap_expand$2region                 0x08002ad1   Thumb Code     2  heapauxi.o(.text)
    __user_setup_stackheap                   0x08002ad3   Thumb Code    74  sys_stackheap_outer.o(.text)
    exit                                     0x08002b1d   Thumb Code    12  exit.o(.text)
    __user_libspace                          0x08002b29   Thumb Code     8  libspace.o(.text)
    __user_perproc_libspace                  0x08002b29   Thumb Code     0  libspace.o(.text)
    __user_perthread_libspace                0x08002b29   Thumb Code     0  libspace.o(.text)
    _sys_exit                                0x08002b31   Thumb Code     8  sys_exit.o(.text)
    __I$use$semihosting                      0x08002b3d   Thumb Code     0  use_no_semi.o(.text)
    __use_no_semihosting_swi                 0x08002b3d   Thumb Code     2  use_no_semi.o(.text)
    AGC_RFVol                                0x08002b3e   Data         174  task.o(.constdata)
    __semihosting_library_function           0x08002b3f   Thumb Code     0  indicate_semi.o(.text)
    Region$$Table$$Base                      0x08002bec   Number         0  anon$$obj.o(Region$$Table)
    Region$$Table$$Limit                     0x08002c0c   Number         0  anon$$obj.o(Region$$Table)
    SystemCoreClock                          0x20000000   Data           4  system_stm32f10x.o(.data)
    AHBPrescTable                            0x20000004   Data          16  system_stm32f10x.o(.data)
    GPIO_InitStructure                       0x20000028   Data           4  main.o(.data)
    Config                                   0x2000002c   Data           4  main.o(.data)
    ModulenumTable                           0x20000030   Data          20  adc.o(.data)
    temp                                     0x20000044   Data           8  adc.o(.data)
    MediafilterID                            0x2000004c   Data           1  adc.o(.data)
    SYSTICK_TIME                             0x2000004e   Data           2  systick.o(.data)
    UARTbusy                                 0x20000050   Data           1  uart.o(.data)
    UartTimeDelay                            0x20000052   Data           2  uart.o(.data)
    ystxd                                    0x20000054   Data           1  uart.o(.data)
    saveflg                                  0x20000055   Data           1  uart.o(.data)
    AGC_Task_Time                            0x2000005a   Data           2  task.o(.data)
    ADCtask_Time                             0x2000005c   Data           2  task.o(.data)
    WDT_Time                                 0x2000005e   Data           1  task.o(.data)
    AGColdflg                                0x2000005f   Data           1  task.o(.data)
    ATT_AGC_old                              0x20000060   Data           2  task.o(.data)
    ATT_old                                  0x20000062   Data           2  task.o(.data)
    Dataflash                                0x20000068   Data          20  main.o(.bss)
    ADC_ConvertedValue                       0x2000007c   Data          80  adc.o(.bss)
    Uart_Send_Buffer                         0x2000010c   Data          50  uart.o(.bss)
    Uart_Recv_Buffer                         0x2000013e   Data          50  uart.o(.bss)
    UartRcvFrame                             0x2000019c   Data          58  uart.o(.bss)
    __libspace_start                         0x200001f8   Data          96  libspace.o(.bss)
    __temporary_stack_top$libspace           0x20000258   Data           0  libspace.o(.bss)



==============================================================================

Memory Map of the image

  Image Entry point : 0x08000121

  Load Region LR_IROM1 (Base: 0x08000000, Size: 0x00002c74, Max: 0x00010000, ABSOLUTE)

    Execution Region ER_IROM1 (Base: 0x08000000, Size: 0x00002c0c, Max: 0x00010000, ABSOLUTE)

    Base Addr    Size         Type   Attr      Idx    E Section Name        Object

    0x08000000   0x00000120   Data   RO            3    RESET               startup_stm32f10x_md_vl.o
    0x08000120   0x00000008   Code   RO          599  * !!!main             c_w.l(__main.o)
    0x08000128   0x00000034   Code   RO          753    !!!scatter          c_w.l(__scatter.o)
    0x0800015c   0x0000001a   Code   RO          755    !!handler_copy      c_w.l(__scatter_copy.o)
    0x08000176   0x00000002   PAD
    0x08000178   0x0000001c   Code   RO          757    !!handler_zi        c_w.l(__scatter_zi.o)
    0x08000194   0x00000002   Code   RO          626    .ARM.Collect$$libinit$$00000000  c_w.l(libinit.o)
    0x08000196   0x00000000   Code   RO          633    .ARM.Collect$$libinit$$00000002  c_w.l(libinit2.o)
    0x08000196   0x00000000   Code   RO          636    .ARM.Collect$$libinit$$00000008  c_w.l(libinit2.o)
    0x08000196   0x00000000   Code   RO          638    .ARM.Collect$$libinit$$0000000A  c_w.l(libinit2.o)
    0x08000196   0x00000000   Code   RO          640    .ARM.Collect$$libinit$$0000000C  c_w.l(libinit2.o)
    0x08000196   0x00000000   Code   RO          643    .ARM.Collect$$libinit$$0000000F  c_w.l(libinit2.o)
    0x08000196   0x00000000   Code   RO          645    .ARM.Collect$$libinit$$00000011  c_w.l(libinit2.o)
    0x08000196   0x00000000   Code   RO          647    .ARM.Collect$$libinit$$00000013  c_w.l(libinit2.o)
    0x08000196   0x00000000   Code   RO          649    .ARM.Collect$$libinit$$00000015  c_w.l(libinit2.o)
    0x08000196   0x00000000   Code   RO          651    .ARM.Collect$$libinit$$00000017  c_w.l(libinit2.o)
    0x08000196   0x00000000   Code   RO          653    .ARM.Collect$$libinit$$00000019  c_w.l(libinit2.o)
    0x08000196   0x00000000   Code   RO          655    .ARM.Collect$$libinit$$0000001B  c_w.l(libinit2.o)
    0x08000196   0x00000000   Code   RO          657    .ARM.Collect$$libinit$$0000001D  c_w.l(libinit2.o)
    0x08000196   0x00000000   Code   RO          659    .ARM.Collect$$libinit$$0000001F  c_w.l(libinit2.o)
    0x08000196   0x00000000   Code   RO          661    .ARM.Collect$$libinit$$00000021  c_w.l(libinit2.o)
    0x08000196   0x00000000   Code   RO          663    .ARM.Collect$$libinit$$00000023  c_w.l(libinit2.o)
    0x08000196   0x00000000   Code   RO          667    .ARM.Collect$$libinit$$0000002A  c_w.l(libinit2.o)
    0x08000196   0x00000000   Code   RO          669    .ARM.Collect$$libinit$$0000002C  c_w.l(libinit2.o)
    0x08000196   0x00000000   Code   RO          671    .ARM.Collect$$libinit$$0000002E  c_w.l(libinit2.o)
    0x08000196   0x00000000   Code   RO          673    .ARM.Collect$$libinit$$00000030  c_w.l(libinit2.o)
    0x08000196   0x00000002   Code   RO          674    .ARM.Collect$$libinit$$00000031  c_w.l(libinit2.o)
    0x08000198   0x00000002   Code   RO          694    .ARM.Collect$$libshutdown$$00000000  c_w.l(libshutdown.o)
    0x0800019a   0x00000000   Code   RO          708    .ARM.Collect$$libshutdown$$00000003  c_w.l(libshutdown2.o)
    0x0800019a   0x00000000   Code   RO          711    .ARM.Collect$$libshutdown$$00000006  c_w.l(libshutdown2.o)
    0x0800019a   0x00000000   Code   RO          714    .ARM.Collect$$libshutdown$$00000009  c_w.l(libshutdown2.o)
    0x0800019a   0x00000000   Code   RO          716    .ARM.Collect$$libshutdown$$0000000B  c_w.l(libshutdown2.o)
    0x0800019a   0x00000000   Code   RO          719    .ARM.Collect$$libshutdown$$0000000E  c_w.l(libshutdown2.o)
    0x0800019a   0x00000002   Code   RO          720    .ARM.Collect$$libshutdown$$0000000F  c_w.l(libshutdown2.o)
    0x0800019c   0x00000000   Code   RO          601    .ARM.Collect$$rtentry$$00000000  c_w.l(rtentry.o)
    0x0800019c   0x00000000   Code   RO          603    .ARM.Collect$$rtentry$$00000002  c_w.l(rtentry2.o)
    0x0800019c   0x00000006   Code   RO          615    .ARM.Collect$$rtentry$$00000004  c_w.l(rtentry4.o)
    0x080001a2   0x00000000   Code   RO          605    .ARM.Collect$$rtentry$$00000009  c_w.l(rtentry2.o)
    0x080001a2   0x00000004   Code   RO          606    .ARM.Collect$$rtentry$$0000000A  c_w.l(rtentry2.o)
    0x080001a6   0x00000000   Code   RO          608    .ARM.Collect$$rtentry$$0000000C  c_w.l(rtentry2.o)
    0x080001a6   0x00000008   Code   RO          609    .ARM.Collect$$rtentry$$0000000D  c_w.l(rtentry2.o)
    0x080001ae   0x00000002   Code   RO          630    .ARM.Collect$$rtexit$$00000000  c_w.l(rtexit.o)
    0x080001b0   0x00000000   Code   RO          676    .ARM.Collect$$rtexit$$00000002  c_w.l(rtexit2.o)
    0x080001b0   0x00000004   Code   RO          677    .ARM.Collect$$rtexit$$00000003  c_w.l(rtexit2.o)
    0x080001b4   0x00000006   Code   RO          678    .ARM.Collect$$rtexit$$00000004  c_w.l(rtexit2.o)
    0x080001ba   0x00000002   PAD
    0x080001bc   0x00000040   Code   RO            4    .text               startup_stm32f10x_md_vl.o
    0x080001fc   0x000001b4   Code   RO           24    .text               system_stm32f10x.o
    0x080003b0   0x000000dc   Code   RO          121    .text               misc.o
    0x0800048c   0x0000044e   Code   RO          156    .text               stm32f10x_adc.o
    0x080008da   0x00000002   PAD
    0x080008dc   0x00000250   Code   RO          240    .text               stm32f10x_dma.o
    0x08000b2c   0x000005bc   Code   RO          264    .text               stm32f10x_flash.o
    0x080010e8   0x00000358   Code   RO          288    .text               stm32f10x_gpio.o
    0x08001440   0x000003c4   Code   RO          336    .text               stm32f10x_rcc.o
    0x08001804   0x00000408   Code   RO          398    .text               stm32f10x_usart.o
    0x08001c0c   0x000000d0   Code   RO          422    .text               main.o
    0x08001cdc   0x0000009c   Code   RO          449    .text               stm32f10x_it.o
    0x08001d78   0x0000039c   Code   RO          468    .text               adc.o
    0x08002114   0x000000d0   Code   RO          488    .text               flash.o
    0x080021e4   0x00000080   Code   RO          500    .text               systick.o
    0x08002264   0x00000150   Code   RO          523    .text               control.o
    0x080023b4   0x000004dc   Code   RO          535    .text               uart.o
    0x08002890   0x0000023c   Code   RO          555    .text               task.o
    0x08002acc   0x00000006   Code   RO          597    .text               c_w.l(heapauxi.o)
    0x08002ad2   0x0000004a   Code   RO          617    .text               c_w.l(sys_stackheap_outer.o)
    0x08002b1c   0x0000000c   Code   RO          619    .text               c_w.l(exit.o)
    0x08002b28   0x00000008   Code   RO          627    .text               c_w.l(libspace.o)
    0x08002b30   0x0000000c   Code   RO          686    .text               c_w.l(sys_exit.o)
    0x08002b3c   0x00000002   Code   RO          697    .text               c_w.l(use_no_semi.o)
    0x08002b3e   0x00000000   Code   RO          699    .text               c_w.l(indicate_semi.o)
    0x08002b3e   0x000000ae   Data   RO          557    .constdata          task.o
    0x08002bec   0x00000020   Data   RO          751    Region$$Table       anon$$obj.o


    Execution Region RW_IRAM1 (Base: 0x20000000, Size: 0x00000858, Max: 0x00002000, ABSOLUTE)

    Base Addr    Size         Type   Attr      Idx    E Section Name        Object

    0x20000000   0x00000014   Data   RW           25    .data               system_stm32f10x.o
    0x20000014   0x00000014   Data   RW          337    .data               stm32f10x_rcc.o
    0x20000028   0x00000008   Data   RW          424    .data               main.o
    0x20000030   0x0000001d   Data   RW          470    .data               adc.o
    0x2000004d   0x00000001   PAD
    0x2000004e   0x00000002   Data   RW          501    .data               systick.o
    0x20000050   0x0000000a   Data   RW          537    .data               uart.o
    0x2000005a   0x0000000c   Data   RW          558    .data               task.o
    0x20000066   0x00000002   PAD
    0x20000068   0x00000014   Zero   RW          423    .bss                main.o
    0x2000007c   0x00000090   Zero   RW          469    .bss                adc.o
    0x2000010c   0x000000dc   Zero   RW          536    .bss                uart.o
    0x200001e8   0x00000010   Zero   RW          556    .bss                task.o
    0x200001f8   0x00000060   Zero   RW          628    .bss                c_w.l(libspace.o)
    0x20000258   0x00000200   Zero   RW            2    HEAP                startup_stm32f10x_md_vl.o
    0x20000458   0x00000400   Zero   RW            1    STACK               startup_stm32f10x_md_vl.o


==============================================================================

Image component sizes


      Code (inc. data)   RO Data    RW Data    ZI Data      Debug   Object Name

       924         46          0         29        144       2542   adc.o
       336         20          0          0          0        834   control.o
         0          0          0          0          0       4260   core_cm3.o
       208         18          0          0          0       1257   flash.o
       208         12          0          8         20       3608   main.o
       220         20          0          0          0     215969   misc.o
        64         26        288          0       1536        880   startup_stm32f10x_md_vl.o
      1102         26          0          0          0      10833   stm32f10x_adc.o
       592          8          0          0          0       4326   stm32f10x_dma.o
      1468         34          0          0          0       8026   stm32f10x_flash.o
       856         40          0          0          0       5637   stm32f10x_gpio.o
       156         26          0          0          0       1512   stm32f10x_it.o
       964         50          0         20          0       9130   stm32f10x_rcc.o
      1032         22          0          0          0       8368   stm32f10x_usart.o
       436         32          0         20          0      42711   system_stm32f10x.o
       128         16          0          2          0      16204   systick.o
       572         38        174         12         16       1753   task.o
      1244         82          0         10        220       5595   uart.o

    ----------------------------------------------------------------------
     10512        516        494        104       1936     343445   Object Totals
         0          0         32          0          0          0   (incl. Generated)
         2          0          0          3          0          0   (incl. Padding)

    ----------------------------------------------------------------------

      Code (inc. data)   RO Data    RW Data    ZI Data      Debug   Library Member Name

         8          0          0          0          0         68   __main.o
        52          8          0          0          0          0   __scatter.o
        26          0          0          0          0          0   __scatter_copy.o
        28          0          0          0          0          0   __scatter_zi.o
        12          0          0          0          0         72   exit.o
         6          0          0          0          0        152   heapauxi.o
         0          0          0          0          0          0   indicate_semi.o
         2          0          0          0          0          0   libinit.o
         2          0          0          0          0          0   libinit2.o
         2          0          0          0          0          0   libshutdown.o
         2          0          0          0          0          0   libshutdown2.o
         8          4          0          0         96         68   libspace.o
         0          0          0          0          0          0   rtentry.o
        12          0          0          0          0          0   rtentry2.o
         6          0          0          0          0          0   rtentry4.o
         2          0          0          0          0          0   rtexit.o
        10          0          0          0          0          0   rtexit2.o
        12          4          0          0          0         68   sys_exit.o
        74          0          0          0          0         80   sys_stackheap_outer.o
         2          0          0          0          0         68   use_no_semi.o

    ----------------------------------------------------------------------
       270         16          0          0         96        576   Library Totals
         4          0          0          0          0          0   (incl. Padding)

    ----------------------------------------------------------------------

      Code (inc. data)   RO Data    RW Data    ZI Data      Debug   Library Name

       266         16          0          0         96        576   c_w.l

    ----------------------------------------------------------------------
       270         16          0          0         96        576   Library Totals

    ----------------------------------------------------------------------

==============================================================================


      Code (inc. data)   RO Data    RW Data    ZI Data      Debug   

     10782        532        494        104       2032     342097   Grand Totals
     10782        532        494        104       2032     342097   ELF Image Totals
     10782        532        494        104          0          0   ROM Totals

==============================================================================

    Total RO  Size (Code + RO Data)                11276 (  11.01kB)
    Total RW  Size (RW Data + ZI Data)              2136 (   2.09kB)
    Total ROM Size (Code + RO Data + RW Data)      11380 (  11.11kB)

==============================================================================

