<html>
<body>
<pre>
<h1>µVision Build Log</h1>
<h2>Project:</h2>
E:\ÐéÄâ·ÖÇ°¶Ë\vhe-01-00-stm32f100\vhe-01-00-stm32f100\vhe0101stm32f100.uvproj
Project File Date:  05/15/2014

<h2>Output:</h2>
Build target 'TW3-16-STM32'
compiling adc.c...
linking...
Program Size: Code=10782 RO-data=494 RW-data=104 ZI-data=2032  
FromELF: creating hex file...
".\TW3-16.axf" - 0 Error(s), 0 Warning(s).
bkp.c...
compiling stm32f10x_can.c...
compiling stm32f10x_cec.c...
compiling stm32f10x_crc.c...
compiling stm32f10x_dac.c...
compiling stm32f10x_dbgmcu.c...
compiling stm32f10x_dma.c...
compiling stm32f10x_exti.c...
compiling stm32f10x_flash.c...
compiling stm32f10x_fsmc.c...
compiling stm32f10x_gpio.c...
compiling stm32f10x_i2c.c...
compiling stm32f10x_iwdg.c...
compiling stm32f10x_pwr.c...
compiling stm32f10x_rcc.c...
compiling stm32f10x_rtc.c...
compiling stm32f10x_sdio.c...
compiling stm32f10x_spi.c...
compiling stm32f10x_tim.c...
compiling stm32f10x_usart.c...
compiling stm32f10x_wwdg.c...
compiling main.c...
compiling stm32f10x_it.c...
compiling adc.c...
compiling flash.c...
compiling Systick.c...
compiling Control.c...
compiling uart.c...
compiling Task.c...
compiling dac.c...
linking...
Program Size: Code=10782 RO-data=494 RW-data=104 ZI-data=2032  
FromELF: creating hex file...
".\TW3-16.axf" - 0 Error(s), 0 Warning(s).
