ARM Linker, 5.03 [Build 76] [MDK-ARM Professional]

==============================================================================

Section Cross References

    system_m051series.o(.text) refers to aeabi_sdiv.o(.text) for __aeabi_uidivmod
    system_m051series.o(.text) refers to system_m051series.o(.data) for PllClock
    system_m051series.o(.text) refers to system_m051series.o(.constdata) for gau32ClkSrcTbl
    startup_m051series.o(STACK) refers (Special) to heapauxi.o(.text) for __use_two_region_memory
    startup_m051series.o(HEAP) refers (Special) to heapauxi.o(.text) for __use_two_region_memory
    startup_m051series.o(RESET) refers (Special) to heapauxi.o(.text) for __use_two_region_memory
    startup_m051series.o(RESET) refers to startup_m051series.o(STACK) for __initial_sp
    startup_m051series.o(RESET) refers to startup_m051series.o(.text) for Reset_Handler
    startup_m051series.o(RESET) refers to usertime0.o(.text) for TMR0_IRQHandler
    startup_m051series.o(RESET) refers to useruart1.o(.text) for UART1_IRQHandler
    startup_m051series.o(RESET) refers to useradc.o(.text) for ADC_IRQHandler
    startup_m051series.o(.text) refers (Special) to heapauxi.o(.text) for __use_two_region_memory
    startup_m051series.o(.text) refers to system_m051series.o(.text) for SystemInit
    startup_m051series.o(.text) refers to __main.o(!!!main) for __main
    startup_m051series.o(.text) refers to startup_m051series.o(HEAP) for Heap_Mem
    startup_m051series.o(.text) refers to startup_m051series.o(STACK) for Stack_Mem
    main.o(.text) refers to usersysclk.o(.text) for SYS_Init
    main.o(.text) refers to userflash.o(.text) for FMC_Init
    main.o(.text) refers to useruart1.o(.text) for UART1_Init
    main.o(.text) refers to useradc.o(.text) for ADC_Init
    main.o(.text) refers to usertime0.o(.text) for TMR0_Init
    main.o(.text) refers to usercontrol.o(.text) for ControlInit
    main.o(.text) refers to usertask.o(.text) for CheckMode
    main.o(.text) refers to usertime0.o(.data) for OtherTimeTask
    main.o(.text) refers to useruart1.o(.bss) for UartRcvFrame
    usersysclk.o(.text) refers to aeabi_sdiv.o(.text) for __aeabi_uidivmod
    usersysclk.o(.text) refers to system_m051series.o(.data) for CyclesPerUs
    useruart1.o(.text) refers to useruart1.o(i.__ARM_common_switch8) for __ARM_common_switch8
    useruart1.o(.text) refers to usersysclk.o(.text) for DelayUs
    useruart1.o(.text) refers to userflash.o(.text) for FLASH_WriteNBytes
    useruart1.o(.text) refers to rt_memclr.o(.text) for __aeabi_memclr4
    useruart1.o(.text) refers to usertime0.o(.data) for UartTimeDelay
    useruart1.o(.text) refers to useruart1.o(.bss) for UartRcvFrame
    useruart1.o(.text) refers to useruart1.o(.data) for saveflg
    useruart1.o(.text) refers to main.o(.data) for MainStructW
    useruart1.o(.text) refers to main.o(.bss) for MainAscii
    usertask.o(.text) refers to usercelsius.o(.text) for ReadCelsius
    usertask.o(.text) refers to usercontrol.o(.text) for PE4304Send
    usertask.o(.text) refers to usertask.o(.data) for OPr
    usertask.o(.text) refers to main.o(.bss) for MainStructR
    usertask.o(.text) refers to main.o(.data) for MainStructW
    usertask.o(.text) refers to useradc.o(.bss) for ADCcovVal
    usertask.o(.text) refers to usertask.o(.bss) for Count
    usertime0.o(.text) refers to usertime0.o(.data) for UartTimeDelay
    useradc.o(.text) refers to useradc.o(.bss) for index
    useradc.o(.text) refers to main.o(.bss) for MainStructR
    userflash.o(.text) refers to rt_memcpy.o(.text) for __aeabi_memcpy
    userflash.o(.text) refers to main.o(.data) for PartNumber
    userflash.o(.text) refers to main.o(.bss) for MainAscii
    userflash.o(.text) refers to userflash.o(.bss) for RXTEMP
    usercontrol.o(.text) refers to usersysclk.o(.text) for DelayUs
    usercelsius.o(.text) refers to usersysclk.o(.text) for DelayUs
    usercelsius.o(.text) refers to dflti.o(.text) for __aeabi_ui2d
    usercelsius.o(.text) refers to dmul.o(.text) for __aeabi_dmul
    usercelsius.o(.text) refers to d2f.o(.text) for __aeabi_d2f
    usercelsius.o(.text) refers to fmul.o(x$fpl$fmul) for __aeabi_fmul
    usercelsius.o(.text) refers to f2d.o(.text) for __aeabi_f2d
    usercelsius.o(.text) refers to daddsub.o(.text) for __aeabi_dadd
    usercelsius.o(.text) refers to dfixui.o(.text) for __aeabi_d2uiz
    usercelsius.o(.text) refers to main.o(.bss) for MainStructR
    rt_memcpy.o(.text) refers to rt_memcpy.o(.emb_text) for __aeabi_memcpy4
    __main.o(!!!main) refers to rtentry.o(.ARM.Collect$$rtentry$$00000000) for __rt_entry
    d2f.o(.text) refers (Special) to usenofp.o(x$fpl$usenofp) for __I$use$fp
    daddsub.o(.text) refers (Special) to usenofp.o(x$fpl$usenofp) for __I$use$fp
    dfixui.o(.text) refers (Special) to usenofp.o(x$fpl$usenofp) for __I$use$fp
    dflti.o(.text) refers (Special) to usenofp.o(x$fpl$usenofp) for __I$use$fp
    dmul.o(.text) refers (Special) to usenofp.o(x$fpl$usenofp) for __I$use$fp
    f2d.o(.text) refers (Special) to usenofp.o(x$fpl$usenofp) for __I$use$fp
    fmul.o(x$fpl$fmul) refers (Special) to usenofp.o(x$fpl$usenofp) for __I$use$fp
    rtentry.o(.ARM.Collect$$rtentry$$00000000) refers (Special) to rtentry2.o(.ARM.Collect$$rtentry$$0000000A) for __rt_entry_li
    rtentry.o(.ARM.Collect$$rtentry$$00000000) refers (Special) to rtentry2.o(.ARM.Collect$$rtentry$$0000000D) for __rt_entry_main
    rtentry.o(.ARM.Collect$$rtentry$$00000000) refers (Special) to rtentry2.o(.ARM.Collect$$rtentry$$0000000C) for __rt_entry_postli_1
    rtentry.o(.ARM.Collect$$rtentry$$00000000) refers (Special) to rtentry2.o(.ARM.Collect$$rtentry$$00000009) for __rt_entry_postsh_1
    rtentry.o(.ARM.Collect$$rtentry$$00000000) refers (Special) to rtentry2.o(.ARM.Collect$$rtentry$$00000002) for __rt_entry_presh_1
    rtentry.o(.ARM.Collect$$rtentry$$00000000) refers (Special) to rtentry4.o(.ARM.Collect$$rtentry$$00000004) for __rt_entry_sh
    aeabi_idiv0_sigfpe.o(.text) refers to rt_div0.o(.text) for __rt_div0
    rtentry2.o(.ARM.Collect$$rtentry$$00000008) refers to boardinit2.o(.text) for _platform_post_stackheap_init
    rtentry2.o(.ARM.Collect$$rtentry$$0000000A) refers to libinit.o(.ARM.Collect$$libinit$$00000000) for __rt_lib_init
    rtentry2.o(.ARM.Collect$$rtentry$$0000000B) refers to boardinit3.o(.text) for _platform_post_lib_init
    rtentry2.o(.ARM.Collect$$rtentry$$0000000D) refers to main.o(.text) for main
    rtentry2.o(.ARM.Collect$$rtentry$$0000000D) refers to exit.o(.text) for exit
    rtentry2.o(.ARM.exidx) refers to rtentry2.o(.ARM.Collect$$rtentry$$00000001) for .ARM.Collect$$rtentry$$00000001
    rtentry2.o(.ARM.exidx) refers to rtentry2.o(.ARM.Collect$$rtentry$$00000008) for .ARM.Collect$$rtentry$$00000008
    rtentry2.o(.ARM.exidx) refers to rtentry2.o(.ARM.Collect$$rtentry$$0000000A) for .ARM.Collect$$rtentry$$0000000A
    rtentry2.o(.ARM.exidx) refers to rtentry2.o(.ARM.Collect$$rtentry$$0000000B) for .ARM.Collect$$rtentry$$0000000B
    rtentry2.o(.ARM.exidx) refers to rtentry2.o(.ARM.Collect$$rtentry$$0000000D) for .ARM.Collect$$rtentry$$0000000D
    rtentry4.o(.ARM.Collect$$rtentry$$00000004) refers to sys_stackheap_outer.o(.text) for __user_setup_stackheap
    rtentry4.o(.ARM.exidx) refers to rtentry4.o(.ARM.Collect$$rtentry$$00000004) for .ARM.Collect$$rtentry$$00000004
    rt_div0.o(.text) refers to defsig_fpe_outer.o(.text) for __rt_SIGFPE
    sys_stackheap_outer.o(.text) refers to libspace.o(.text) for __user_perproc_libspace
    sys_stackheap_outer.o(.text) refers to startup_m051series.o(.text) for __user_initial_stackheap
    sys_stackheap_outer.o(__vectab_stack_and_reset_area) refers to tempstk.o(.text) for __temporary_stack_top
    sys_stackheap_outer.o(__vectab_stack_and_reset_area) refers to __main.o(!!!main) for __main
    exit.o(.text) refers to rtexit.o(.ARM.Collect$$rtexit$$00000000) for __rt_exit
    defsig_fpe_outer.o(.text) refers to defsig_fpe_inner.o(.text) for __rt_SIGFPE_inner
    defsig_fpe_outer.o(.text) refers to defsig_exit.o(.text) for __sig_exit
    defsig_fpe_formal.o(.text) refers to rt_raise.o(.text) for __rt_raise
    libinit.o(.ARM.Collect$$libinit$$00000000) refers (Special) to libinit2.o(.ARM.Collect$$libinit$$0000002C) for __rt_lib_init_alloca_1
    libinit.o(.ARM.Collect$$libinit$$00000000) refers (Special) to libinit2.o(.ARM.Collect$$libinit$$0000002A) for __rt_lib_init_argv_1
    libinit.o(.ARM.Collect$$libinit$$00000000) refers (Special) to libinit2.o(.ARM.Collect$$libinit$$00000019) for __rt_lib_init_atexit_1
    libinit.o(.ARM.Collect$$libinit$$00000000) refers (Special) to libinit2.o(.ARM.Collect$$libinit$$0000001F) for __rt_lib_init_clock_1
    libinit.o(.ARM.Collect$$libinit$$00000000) refers (Special) to libinit2.o(.ARM.Collect$$libinit$$00000030) for __rt_lib_init_cpp_1
    libinit.o(.ARM.Collect$$libinit$$00000000) refers (Special) to libinit2.o(.ARM.Collect$$libinit$$0000002E) for __rt_lib_init_exceptions_1
    libinit.o(.ARM.Collect$$libinit$$00000000) refers (Special) to libinit2.o(.ARM.Collect$$libinit$$00000001) for __rt_lib_init_fp_1
    libinit.o(.ARM.Collect$$libinit$$00000000) refers (Special) to libinit2.o(.ARM.Collect$$libinit$$0000001D) for __rt_lib_init_fp_trap_1
    libinit.o(.ARM.Collect$$libinit$$00000000) refers (Special) to libinit2.o(.ARM.Collect$$libinit$$00000021) for __rt_lib_init_getenv_1
    libinit.o(.ARM.Collect$$libinit$$00000000) refers (Special) to libinit2.o(.ARM.Collect$$libinit$$00000008) for __rt_lib_init_heap_1
    libinit.o(.ARM.Collect$$libinit$$00000000) refers (Special) to libinit2.o(.ARM.Collect$$libinit$$0000000F) for __rt_lib_init_lc_collate_1
    libinit.o(.ARM.Collect$$libinit$$00000000) refers (Special) to libinit2.o(.ARM.Collect$$libinit$$00000011) for __rt_lib_init_lc_ctype_1
    libinit.o(.ARM.Collect$$libinit$$00000000) refers (Special) to libinit2.o(.ARM.Collect$$libinit$$00000013) for __rt_lib_init_lc_monetary_1
    libinit.o(.ARM.Collect$$libinit$$00000000) refers (Special) to libinit2.o(.ARM.Collect$$libinit$$00000015) for __rt_lib_init_lc_numeric_1
    libinit.o(.ARM.Collect$$libinit$$00000000) refers (Special) to libinit2.o(.ARM.Collect$$libinit$$00000017) for __rt_lib_init_lc_time_1
    libinit.o(.ARM.Collect$$libinit$$00000000) refers (Special) to libinit2.o(.ARM.Collect$$libinit$$0000000C) for __rt_lib_init_rand_1
    libinit.o(.ARM.Collect$$libinit$$00000000) refers (Special) to libinit2.o(.ARM.Collect$$libinit$$00000031) for __rt_lib_init_return
    libinit.o(.ARM.Collect$$libinit$$00000000) refers (Special) to libinit2.o(.ARM.Collect$$libinit$$0000001B) for __rt_lib_init_signal_1
    libinit.o(.ARM.Collect$$libinit$$00000000) refers (Special) to libinit2.o(.ARM.Collect$$libinit$$00000023) for __rt_lib_init_stdio_1
    libinit.o(.ARM.Collect$$libinit$$00000000) refers (Special) to libinit2.o(.ARM.Collect$$libinit$$0000000A) for __rt_lib_init_user_alloc_1
    libspace.o(.text) refers to libspace.o(.bss) for __libspace_start
    rtexit.o(.ARM.Collect$$rtexit$$00000000) refers (Special) to rtexit2.o(.ARM.Collect$$rtexit$$00000004) for __rt_exit_exit
    rtexit.o(.ARM.Collect$$rtexit$$00000000) refers (Special) to rtexit2.o(.ARM.Collect$$rtexit$$00000003) for __rt_exit_ls
    rtexit.o(.ARM.Collect$$rtexit$$00000000) refers (Special) to rtexit2.o(.ARM.Collect$$rtexit$$00000002) for __rt_exit_prels_1
    rtexit.o(.ARM.exidx) refers (Special) to rtexit2.o(.ARM.Collect$$rtexit$$00000004) for __rt_exit_exit
    rtexit.o(.ARM.exidx) refers (Special) to rtexit2.o(.ARM.Collect$$rtexit$$00000003) for __rt_exit_ls
    rtexit.o(.ARM.exidx) refers (Special) to rtexit2.o(.ARM.Collect$$rtexit$$00000002) for __rt_exit_prels_1
    rtexit.o(.ARM.exidx) refers to rtexit.o(.ARM.Collect$$rtexit$$00000000) for .ARM.Collect$$rtexit$$00000000
    rt_raise.o(.text) refers to __raise.o(.text) for __raise
    rt_raise.o(.text) refers to sys_exit.o(.text) for _sys_exit
    defsig_exit.o(.text) refers to sys_exit.o(.text) for _sys_exit
    defsig_fpe_inner.o(.text) refers to defsig_general.o(.text) for __default_signal_display
    libinit2.o(.ARM.Collect$$libinit$$0000000E) refers to libinit2.o(.ARM.Collect$$libinit$$0000000D) for .ARM.Collect$$libinit$$0000000D
    libinit2.o(.ARM.Collect$$libinit$$00000010) refers to libinit2.o(.ARM.Collect$$libinit$$0000000D) for .ARM.Collect$$libinit$$0000000D
    libinit2.o(.ARM.Collect$$libinit$$00000012) refers to libinit2.o(.ARM.Collect$$libinit$$0000000D) for .ARM.Collect$$libinit$$0000000D
    libinit2.o(.ARM.Collect$$libinit$$00000014) refers to libinit2.o(.ARM.Collect$$libinit$$0000000D) for .ARM.Collect$$libinit$$0000000D
    libinit2.o(.ARM.Collect$$libinit$$00000016) refers to libinit2.o(.ARM.Collect$$libinit$$0000000D) for .ARM.Collect$$libinit$$0000000D
    libinit2.o(.ARM.Collect$$libinit$$00000024) refers to argv_veneer.o(.text) for __ARM_argv_veneer
    libinit2.o(.ARM.Collect$$libinit$$00000025) refers to argv_veneer.o(.text) for __ARM_argv_veneer
    sys_exit.o(.text) refers (Special) to use_no_semi.o(.text) for __I$use$semihosting
    sys_exit.o(.text) refers (Special) to indicate_semi.o(.text) for __semihosting_library_function
    rtexit2.o(.ARM.Collect$$rtexit$$00000003) refers to libshutdown.o(.ARM.Collect$$libshutdown$$00000000) for __rt_lib_shutdown
    rtexit2.o(.ARM.Collect$$rtexit$$00000004) refers to sys_exit.o(.text) for _sys_exit
    rtexit2.o(.ARM.exidx) refers to rtexit2.o(.ARM.Collect$$rtexit$$00000001) for .ARM.Collect$$rtexit$$00000001
    rtexit2.o(.ARM.exidx) refers to rtexit2.o(.ARM.Collect$$rtexit$$00000003) for .ARM.Collect$$rtexit$$00000003
    rtexit2.o(.ARM.exidx) refers to rtexit2.o(.ARM.Collect$$rtexit$$00000004) for .ARM.Collect$$rtexit$$00000004
    __raise.o(.text) refers to defsig.o(CL$$defsig) for __default_signal_handler
    defsig_general.o(.text) refers to retarget.o(.text) for _ttywrch
    defsig.o(CL$$defsig) refers to defsig_fpe_inner.o(.text) for __rt_SIGFPE_inner
    defsig.o(CL$$defsig) refers to defsig_rtmem_inner.o(.text) for __rt_SIGRTMEM_inner
    _get_argv_nomalloc.o(.text) refers (Special) to hrguard.o(.text) for __heap_region$guard
    _get_argv_nomalloc.o(.text) refers to defsig_rtmem_outer.o(.text) for __rt_SIGRTMEM
    _get_argv_nomalloc.o(.text) refers to sys_command.o(.text) for _sys_command_string
    libshutdown.o(.ARM.Collect$$libshutdown$$00000000) refers (Special) to libshutdown2.o(.ARM.Collect$$libshutdown$$00000006) for __rt_lib_shutdown_fp_trap_1
    libshutdown.o(.ARM.Collect$$libshutdown$$00000000) refers (Special) to libshutdown2.o(.ARM.Collect$$libshutdown$$0000000E) for __rt_lib_shutdown_heap_1
    libshutdown.o(.ARM.Collect$$libshutdown$$00000000) refers (Special) to libshutdown2.o(.ARM.Collect$$libshutdown$$0000000F) for __rt_lib_shutdown_return
    libshutdown.o(.ARM.Collect$$libshutdown$$00000000) refers (Special) to libshutdown2.o(.ARM.Collect$$libshutdown$$00000009) for __rt_lib_shutdown_signal_1
    libshutdown.o(.ARM.Collect$$libshutdown$$00000000) refers (Special) to libshutdown2.o(.ARM.Collect$$libshutdown$$00000003) for __rt_lib_shutdown_stdio_1
    libshutdown.o(.ARM.Collect$$libshutdown$$00000000) refers (Special) to libshutdown2.o(.ARM.Collect$$libshutdown$$0000000B) for __rt_lib_shutdown_user_alloc_1
    sys_command.o(.text) refers (Special) to use_no_semi.o(.text) for __I$use$semihosting
    sys_command.o(.text) refers (Special) to indicate_semi.o(.text) for __semihosting_library_function
    defsig_abrt_inner.o(.text) refers to defsig_general.o(.text) for __default_signal_display
    defsig_rtred_inner.o(.text) refers to defsig_general.o(.text) for __default_signal_display
    defsig_rtmem_inner.o(.text) refers to defsig_general.o(.text) for __default_signal_display
    defsig_rtmem_outer.o(.text) refers to defsig_rtmem_inner.o(.text) for __rt_SIGRTMEM_inner
    defsig_rtmem_outer.o(.text) refers to defsig_exit.o(.text) for __sig_exit
    defsig_rtmem_formal.o(.text) refers to rt_raise.o(.text) for __rt_raise
    defsig_stak_inner.o(.text) refers to defsig_general.o(.text) for __default_signal_display
    defsig_pvfn_inner.o(.text) refers to defsig_general.o(.text) for __default_signal_display
    defsig_cppl_inner.o(.text) refers to defsig_general.o(.text) for __default_signal_display
    defsig_segv_inner.o(.text) refers to defsig_general.o(.text) for __default_signal_display
    defsig_other.o(.text) refers to defsig_general.o(.text) for __default_signal_display


==============================================================================

Removing Unused input sections from the image.

    Removing core_cm0.o(.emb_text), (32 bytes).
    Removing retarget.o(.text), (160 bytes).
    Removing retarget.o(.data), (8 bytes).

3 unused section(s) (total 200 bytes) removed from the image.

==============================================================================

Image Symbol Table

    Local Symbols

    Symbol Name                              Value     Ov Type        Size  Object(Section)

    RESET                                    0x00000000   Section      192  startup_m051series.o(RESET)
    ../clib/angel/boardlib.s                 0x00000000   Number         0  boardinit1.o ABSOLUTE
    ../clib/angel/boardlib.s                 0x00000000   Number         0  boardinit3.o ABSOLUTE
    ../clib/angel/boardlib.s                 0x00000000   Number         0  boardinit2.o ABSOLUTE
    ../clib/angel/boardlib.s                 0x00000000   Number         0  boardshut.o ABSOLUTE
    ../clib/angel/handlers.s                 0x00000000   Number         0  __scatter_copy.o ABSOLUTE
    ../clib/angel/handlers.s                 0x00000000   Number         0  __scatter_zi.o ABSOLUTE
    ../clib/angel/kernel.s                   0x00000000   Number         0  rtentry4.o ABSOLUTE
    ../clib/angel/kernel.s                   0x00000000   Number         0  rtexit2.o ABSOLUTE
    ../clib/angel/kernel.s                   0x00000000   Number         0  rtentry2.o ABSOLUTE
    ../clib/angel/kernel.s                   0x00000000   Number         0  rtexit.o ABSOLUTE
    ../clib/angel/kernel.s                   0x00000000   Number         0  rtentry.o ABSOLUTE
    ../clib/angel/rt.s                       0x00000000   Number         0  rt_raise.o ABSOLUTE
    ../clib/angel/rt.s                       0x00000000   Number         0  aeabi_idiv0.o ABSOLUTE
    ../clib/angel/rt.s                       0x00000000   Number         0  aeabi_idiv0_sigfpe.o ABSOLUTE
    ../clib/angel/rt.s                       0x00000000   Number         0  rt_div0.o ABSOLUTE
    ../clib/angel/scatterp.s                 0x00000000   Number         0  __scatter.o ABSOLUTE
    ../clib/angel/startup.s                  0x00000000   Number         0  __main.o ABSOLUTE
    ../clib/angel/sys.s                      0x00000000   Number         0  indicate_semi.o ABSOLUTE
    ../clib/angel/sys.s                      0x00000000   Number         0  use_no_semi.o ABSOLUTE
    ../clib/angel/sys.s                      0x00000000   Number         0  libspace.o ABSOLUTE
    ../clib/angel/sys.s                      0x00000000   Number         0  sys_stackheap_outer.o ABSOLUTE
    ../clib/angel/sys.s                      0x00000000   Number         0  tempstk.o ABSOLUTE
    ../clib/angel/sysapp.c                   0x00000000   Number         0  sys_exit.o ABSOLUTE
    ../clib/angel/sysapp.c                   0x00000000   Number         0  sys_command.o ABSOLUTE
    ../clib/armsys.c                         0x00000000   Number         0  argv_veneer.o ABSOLUTE
    ../clib/armsys.c                         0x00000000   Number         0  _get_argv_nomalloc.o ABSOLUTE
    ../clib/armsys.c                         0x00000000   Number         0  no_argv.o ABSOLUTE
    ../clib/division.s                       0x00000000   Number         0  aeabi_sdiv_div0.o ABSOLUTE
    ../clib/division.s                       0x00000000   Number         0  aeabi_sdiv.o ABSOLUTE
    ../clib/heapalloc.c                      0x00000000   Number         0  hrguard.o ABSOLUTE
    ../clib/heapaux.c                        0x00000000   Number         0  heapauxi.o ABSOLUTE
    ../clib/libinit.s                        0x00000000   Number         0  libinit2.o ABSOLUTE
    ../clib/libinit.s                        0x00000000   Number         0  libshutdown.o ABSOLUTE
    ../clib/libinit.s                        0x00000000   Number         0  libshutdown2.o ABSOLUTE
    ../clib/libinit.s                        0x00000000   Number         0  libinit.o ABSOLUTE
    ../clib/memcpset.c                       0x00000000   Number         0  rt_memcpy.o ABSOLUTE
    ../clib/memcpset.c                       0x00000000   Number         0  rt_memclr.o ABSOLUTE
    ../clib/memcpset.c                       0x00000000   Number         0  rt_memcpy.o ABSOLUTE
    ../clib/misc.s                           0x00000000   Number         0  printf_stubs.o ABSOLUTE
    ../clib/signal.c                         0x00000000   Number         0  defsig_cppl_inner.o ABSOLUTE
    ../clib/signal.c                         0x00000000   Number         0  defsig_fpe_outer.o ABSOLUTE
    ../clib/signal.c                         0x00000000   Number         0  defsig_rtmem_formal.o ABSOLUTE
    ../clib/signal.c                         0x00000000   Number         0  defsig_fpe_formal.o ABSOLUTE
    ../clib/signal.c                         0x00000000   Number         0  __raise.o ABSOLUTE
    ../clib/signal.c                         0x00000000   Number         0  defsig_abrt_inner.o ABSOLUTE
    ../clib/signal.c                         0x00000000   Number         0  defsig_rtred_inner.o ABSOLUTE
    ../clib/signal.c                         0x00000000   Number         0  defsig_rtmem_inner.o ABSOLUTE
    ../clib/signal.c                         0x00000000   Number         0  defsig_rtmem_outer.o ABSOLUTE
    ../clib/signal.c                         0x00000000   Number         0  defsig_stak_inner.o ABSOLUTE
    ../clib/signal.c                         0x00000000   Number         0  defsig_pvfn_inner.o ABSOLUTE
    ../clib/signal.c                         0x00000000   Number         0  defsig_segv_inner.o ABSOLUTE
    ../clib/signal.c                         0x00000000   Number         0  defsig_other.o ABSOLUTE
    ../clib/signal.c                         0x00000000   Number         0  defsig_exit.o ABSOLUTE
    ../clib/signal.c                         0x00000000   Number         0  defsig_fpe_inner.o ABSOLUTE
    ../clib/signal.c                         0x00000000   Number         0  defsig_general.o ABSOLUTE
    ../clib/signal.s                         0x00000000   Number         0  defsig.o ABSOLUTE
    ../clib/stdlib.c                         0x00000000   Number         0  exit.o ABSOLUTE
    ../fplib/cfplib/d2f.c                    0x00000000   Number         0  d2f.o ABSOLUTE
    ../fplib/cfplib/daddsub.c                0x00000000   Number         0  daddsub.o ABSOLUTE
    ../fplib/cfplib/dmul.c                   0x00000000   Number         0  dmul.o ABSOLUTE
    ../fplib/cfplib/f2d.c                    0x00000000   Number         0  f2d.o ABSOLUTE
    ../fplib/cfplib/ffix.c                   0x00000000   Number         0  dfixui.o ABSOLUTE
    ../fplib/cfplib/fflt.c                   0x00000000   Number         0  dflti.o ABSOLUTE
    ../fplib/cfplib/fpinit.c                 0x00000000   Number         0  fpinit.o ABSOLUTE
    ../fplib/fmul6m.s                        0x00000000   Number         0  fmul.o ABSOLUTE
    ../fplib/usenofp.s                       0x00000000   Number         0  usenofp.o ABSOLUTE
    LibM051Series\CMSIS\CM0\CoreSupport\core_cm0.c 0x00000000   Number         0  core_cm0.o ABSOLUTE
    LibM051Series\CMSIS\CM0\DeviceSupport\Nuvoton\M051Series\system_M051Series.c 0x00000000   Number         0  system_m051series.o ABSOLUTE
    LibM051Series\StdDriver\src\retarget.c   0x00000000   Number         0  retarget.o ABSOLUTE
    LibM051Series\\CMSIS\\CM0\\CoreSupport\\core_cm0.c 0x00000000   Number         0  core_cm0.o ABSOLUTE
    UserCode\main.c                          0x00000000   Number         0  main.o ABSOLUTE
    UserCode\src\UserADC.c                   0x00000000   Number         0  useradc.o ABSOLUTE
    UserCode\src\UserCelsius.c               0x00000000   Number         0  usercelsius.o ABSOLUTE
    UserCode\src\UserControl.c               0x00000000   Number         0  usercontrol.o ABSOLUTE
    UserCode\src\UserFlash.c                 0x00000000   Number         0  userflash.o ABSOLUTE
    UserCode\src\UserSYSCLK.c                0x00000000   Number         0  usersysclk.o ABSOLUTE
    UserCode\src\UserTASK.c                  0x00000000   Number         0  usertask.o ABSOLUTE
    UserCode\src\UserTime0.c                 0x00000000   Number         0  usertime0.o ABSOLUTE
    UserCode\src\UserUart1.c                 0x00000000   Number         0  useruart1.o ABSOLUTE
    dc.s                                     0x00000000   Number         0  dc.o ABSOLUTE
    startup_M051Series.s                     0x00000000   Number         0  startup_m051series.o ABSOLUTE
    !!!main                                  0x000000c0   Section        8  __main.o(!!!main)
    !!!scatter                               0x000000c8   Section       60  __scatter.o(!!!scatter)
    !!handler_copy                           0x00000104   Section       26  __scatter_copy.o(!!handler_copy)
    !!handler_zi                             0x00000120   Section       28  __scatter_zi.o(!!handler_zi)
    .ARM.Collect$$libinit$$00000000          0x0000013c   Section        2  libinit.o(.ARM.Collect$$libinit$$00000000)
    .ARM.Collect$$libinit$$00000001          0x0000013e   Section        4  libinit2.o(.ARM.Collect$$libinit$$00000001)
    .ARM.Collect$$libinit$$00000008          0x00000142   Section        0  libinit2.o(.ARM.Collect$$libinit$$00000008)
    .ARM.Collect$$libinit$$0000000A          0x00000142   Section        0  libinit2.o(.ARM.Collect$$libinit$$0000000A)
    .ARM.Collect$$libinit$$0000000C          0x00000142   Section        0  libinit2.o(.ARM.Collect$$libinit$$0000000C)
    .ARM.Collect$$libinit$$0000000F          0x00000142   Section        0  libinit2.o(.ARM.Collect$$libinit$$0000000F)
    .ARM.Collect$$libinit$$00000011          0x00000142   Section        0  libinit2.o(.ARM.Collect$$libinit$$00000011)
    .ARM.Collect$$libinit$$00000013          0x00000142   Section        0  libinit2.o(.ARM.Collect$$libinit$$00000013)
    .ARM.Collect$$libinit$$00000015          0x00000142   Section        0  libinit2.o(.ARM.Collect$$libinit$$00000015)
    .ARM.Collect$$libinit$$00000017          0x00000142   Section        0  libinit2.o(.ARM.Collect$$libinit$$00000017)
    .ARM.Collect$$libinit$$00000019          0x00000142   Section        0  libinit2.o(.ARM.Collect$$libinit$$00000019)
    .ARM.Collect$$libinit$$0000001B          0x00000142   Section        0  libinit2.o(.ARM.Collect$$libinit$$0000001B)
    .ARM.Collect$$libinit$$0000001D          0x00000142   Section        0  libinit2.o(.ARM.Collect$$libinit$$0000001D)
    .ARM.Collect$$libinit$$0000001F          0x00000142   Section        0  libinit2.o(.ARM.Collect$$libinit$$0000001F)
    .ARM.Collect$$libinit$$00000021          0x00000142   Section        0  libinit2.o(.ARM.Collect$$libinit$$00000021)
    .ARM.Collect$$libinit$$00000023          0x00000142   Section        0  libinit2.o(.ARM.Collect$$libinit$$00000023)
    .ARM.Collect$$libinit$$0000002A          0x00000142   Section        0  libinit2.o(.ARM.Collect$$libinit$$0000002A)
    .ARM.Collect$$libinit$$0000002C          0x00000142   Section        0  libinit2.o(.ARM.Collect$$libinit$$0000002C)
    .ARM.Collect$$libinit$$0000002E          0x00000142   Section        0  libinit2.o(.ARM.Collect$$libinit$$0000002E)
    .ARM.Collect$$libinit$$00000030          0x00000142   Section        0  libinit2.o(.ARM.Collect$$libinit$$00000030)
    .ARM.Collect$$libinit$$00000031          0x00000142   Section        2  libinit2.o(.ARM.Collect$$libinit$$00000031)
    .ARM.Collect$$libshutdown$$00000000      0x00000144   Section        2  libshutdown.o(.ARM.Collect$$libshutdown$$00000000)
    .ARM.Collect$$libshutdown$$00000003      0x00000146   Section        0  libshutdown2.o(.ARM.Collect$$libshutdown$$00000003)
    .ARM.Collect$$libshutdown$$00000006      0x00000146   Section        0  libshutdown2.o(.ARM.Collect$$libshutdown$$00000006)
    .ARM.Collect$$libshutdown$$00000009      0x00000146   Section        0  libshutdown2.o(.ARM.Collect$$libshutdown$$00000009)
    .ARM.Collect$$libshutdown$$0000000B      0x00000146   Section        0  libshutdown2.o(.ARM.Collect$$libshutdown$$0000000B)
    .ARM.Collect$$libshutdown$$0000000E      0x00000146   Section        0  libshutdown2.o(.ARM.Collect$$libshutdown$$0000000E)
    .ARM.Collect$$libshutdown$$0000000F      0x00000146   Section        2  libshutdown2.o(.ARM.Collect$$libshutdown$$0000000F)
    .ARM.Collect$$rtentry$$00000000          0x00000148   Section        0  rtentry.o(.ARM.Collect$$rtentry$$00000000)
    .ARM.Collect$$rtentry$$00000002          0x00000148   Section        0  rtentry2.o(.ARM.Collect$$rtentry$$00000002)
    .ARM.Collect$$rtentry$$00000004          0x00000148   Section        6  rtentry4.o(.ARM.Collect$$rtentry$$00000004)
    .ARM.Collect$$rtentry$$00000009          0x0000014e   Section        0  rtentry2.o(.ARM.Collect$$rtentry$$00000009)
    .ARM.Collect$$rtentry$$0000000A          0x0000014e   Section        4  rtentry2.o(.ARM.Collect$$rtentry$$0000000A)
    .ARM.Collect$$rtentry$$0000000C          0x00000152   Section        0  rtentry2.o(.ARM.Collect$$rtentry$$0000000C)
    .ARM.Collect$$rtentry$$0000000D          0x00000152   Section        8  rtentry2.o(.ARM.Collect$$rtentry$$0000000D)
    .ARM.Collect$$rtexit$$00000000           0x0000015a   Section        2  rtexit.o(.ARM.Collect$$rtexit$$00000000)
    .ARM.Collect$$rtexit$$00000002           0x0000015c   Section        0  rtexit2.o(.ARM.Collect$$rtexit$$00000002)
    .ARM.Collect$$rtexit$$00000003           0x0000015c   Section        4  rtexit2.o(.ARM.Collect$$rtexit$$00000003)
    .ARM.Collect$$rtexit$$00000004           0x00000160   Section        6  rtexit2.o(.ARM.Collect$$rtexit$$00000004)
    .emb_text                                0x00000168   Section       56  rt_memcpy.o(.emb_text)
    .text                                    0x000001a0   Section        0  system_m051series.o(.text)
    DrvSYS_GetPLLClockFreq                   0x00000277   Thumb Code   106  system_m051series.o(.text)
    .text                                    0x00000318   Section      100  startup_m051series.o(.text)
    Default_Handler                          0x00000343   Thumb Code     2  startup_m051series.o(.text)
    .text                                    0x0000037c   Section        0  main.o(.text)
    .text                                    0x0000042c   Section        0  usersysclk.o(.text)
    .text                                    0x00000574   Section        0  useruart1.o(.text)
    .text                                    0x00000d24   Section        0  usertask.o(.text)
    .text                                    0x000011c4   Section        0  usertime0.o(.text)
    .text                                    0x0000126c   Section        0  useradc.o(.text)
    .text                                    0x00001440   Section        0  userflash.o(.text)
    FMC_Erase                                0x00001441   Thumb Code    30  userflash.o(.text)
    SYS_UnlockReg                            0x0000161f   Thumb Code    16  userflash.o(.text)
    .text                                    0x0000165c   Section        0  usercontrol.o(.text)
    .text                                    0x000016e8   Section        0  usercelsius.o(.text)
    .text                                    0x000018cc   Section        0  rt_memcpy.o(.text)
    .text                                    0x0000194e   Section        0  rt_memclr.o(.text)
    .text                                    0x0000198e   Section      346  aeabi_sdiv.o(.text)
    .text                                    0x00001ae8   Section        0  heapauxi.o(.text)
    .text                                    0x00001af0   Section        0  d2f.o(.text)
    .text                                    0x00001b6c   Section        0  daddsub.o(.text)
    _dadd1                                   0x00001b6d   Thumb Code   286  daddsub.o(.text)
    _dsub1                                   0x00001c8b   Thumb Code   468  daddsub.o(.text)
    .text                                    0x00001eb8   Section        0  dfixui.o(.text)
    .text                                    0x00001f00   Section        0  dflti.o(.text)
    .text                                    0x00001f58   Section        0  dmul.o(.text)
    .text                                    0x000021b0   Section        0  f2d.o(.text)
    .text                                    0x00002208   Section       62  sys_stackheap_outer.o(.text)
    .text                                    0x00002246   Section        0  exit.o(.text)
    .text                                    0x00002254   Section        8  libspace.o(.text)
    .text                                    0x0000225c   Section        0  sys_exit.o(.text)
    .text                                    0x00002268   Section        2  use_no_semi.o(.text)
    .text                                    0x0000226a   Section        0  indicate_semi.o(.text)
    i.__ARM_common_switch8                   0x0000226a   Section        0  useruart1.o(i.__ARM_common_switch8)
    x$fpl$fmul                               0x00002288   Section      176  fmul.o(x$fpl$fmul)
    .constdata                               0x00002338   Section       32  system_m051series.o(.constdata)
    x$fpl$usenofp                            0x00002338   Section        0  usenofp.o(x$fpl$usenofp)
    .data                                    0x20000000   Section       12  system_m051series.o(.data)
    .data                                    0x2000000c   Section       57  main.o(.data)
    .data                                    0x20000045   Section        1  useruart1.o(.data)
    .data                                    0x20000046   Section       82  usertask.o(.data)
    ATT_OLDa                                 0x20000096   Data           1  usertask.o(.data)
    ATT_OLDb                                 0x20000097   Data           1  usertask.o(.data)
    .data                                    0x20000098   Section       20  usertime0.o(.data)
    .bss                                     0x200000ac   Section      108  main.o(.bss)
    .bss                                     0x20000118   Section       57  useruart1.o(.bss)
    .bss                                     0x20000154   Section       16  usertask.o(.bss)
    Count                                    0x20000154   Data          16  usertask.o(.bss)
    .bss                                     0x20000164   Section      212  useradc.o(.bss)
    index                                    0x20000164   Data          10  useradc.o(.bss)
    .bss                                     0x20000238   Section       40  userflash.o(.bss)
    .bss                                     0x20000260   Section       96  libspace.o(.bss)
    HEAP                                     0x200002c0   Section        0  startup_m051series.o(HEAP)
    STACK                                    0x200002c0   Section      512  startup_m051series.o(STACK)
    Heap_Mem                                 0x200002c0   Data           0  startup_m051series.o(HEAP)
    Stack_Mem                                0x200002c0   Data         512  startup_m051series.o(STACK)
    __initial_sp                             0x200004c0   Data           0  startup_m051series.o(STACK)

    Global Symbols

    Symbol Name                              Value     Ov Type        Size  Object(Section)

    BuildAttributes$$THM_ISAv3M$S$PE$A:L22$X:L11$S22$IEEE1$IW$USESV6$~STKCKD$USESV7$~SHL$OSPACE$ROPI$EBA8$UX$STANDARDLIB$REQ8$PRES8$EABIv2 0x00000000   Number         0  anon$$obj.o ABSOLUTE
    __ARM_use_no_argv                        0x00000000   Number         0  main.o ABSOLUTE
    __Vectors                                0x00000000   Data           4  startup_m051series.o(RESET)
    _printf_flags                            0x00000000   Number         0  printf_stubs.o ABSOLUTE
    _printf_return_value                     0x00000000   Number         0  printf_stubs.o ABSOLUTE
    _printf_sizespec                         0x00000000   Number         0  printf_stubs.o ABSOLUTE
    _printf_widthprec                        0x00000000   Number         0  printf_stubs.o ABSOLUTE
    __ARM_exceptions_init                     - Undefined Weak Reference
    __alloca_initialize                       - Undefined Weak Reference
    __cpp_initialize__aeabi_                  - Undefined Weak Reference
    __cxa_finalize                            - Undefined Weak Reference
    __rt_locale                               - Undefined Weak Reference
    __sigvec_lookup                           - Undefined Weak Reference
    _atexit_init                              - Undefined Weak Reference
    _call_atexit_fns                          - Undefined Weak Reference
    _clock_init                               - Undefined Weak Reference
    _fp_trap_init                             - Undefined Weak Reference
    _fp_trap_shutdown                         - Undefined Weak Reference
    _get_lc_collate                           - Undefined Weak Reference
    _get_lc_ctype                             - Undefined Weak Reference
    _get_lc_monetary                          - Undefined Weak Reference
    _get_lc_numeric                           - Undefined Weak Reference
    _get_lc_time                              - Undefined Weak Reference
    _getenv_init                              - Undefined Weak Reference
    _handle_redirection                       - Undefined Weak Reference
    _init_alloc                               - Undefined Weak Reference
    _init_user_alloc                          - Undefined Weak Reference
    _initio                                   - Undefined Weak Reference
    _rand_init                                - Undefined Weak Reference
    _signal_finish                            - Undefined Weak Reference
    _signal_init                              - Undefined Weak Reference
    _terminate_alloc                          - Undefined Weak Reference
    _terminate_user_alloc                     - Undefined Weak Reference
    _terminateio                              - Undefined Weak Reference
    __main                                   0x000000c1   Thumb Code     8  __main.o(!!!main)
    __scatterload                            0x000000c9   Thumb Code     0  __scatter.o(!!!scatter)
    __scatterload_rt2                        0x000000c9   Thumb Code    52  __scatter.o(!!!scatter)
    __scatterload_rt2_thumb_only             0x000000c9   Thumb Code     0  __scatter.o(!!!scatter)
    __scatterload_null                       0x000000d9   Thumb Code     0  __scatter.o(!!!scatter)
    __scatterload_copy                       0x00000105   Thumb Code    26  __scatter_copy.o(!!handler_copy)
    __scatterload_zeroinit                   0x00000121   Thumb Code    28  __scatter_zi.o(!!handler_zi)
    __rt_lib_init                            0x0000013d   Thumb Code     0  libinit.o(.ARM.Collect$$libinit$$00000000)
    __rt_lib_init_fp_1                       0x0000013f   Thumb Code     0  libinit2.o(.ARM.Collect$$libinit$$00000001)
    __rt_lib_init_alloca_1                   0x00000143   Thumb Code     0  libinit2.o(.ARM.Collect$$libinit$$0000002C)
    __rt_lib_init_argv_1                     0x00000143   Thumb Code     0  libinit2.o(.ARM.Collect$$libinit$$0000002A)
    __rt_lib_init_atexit_1                   0x00000143   Thumb Code     0  libinit2.o(.ARM.Collect$$libinit$$00000019)
    __rt_lib_init_clock_1                    0x00000143   Thumb Code     0  libinit2.o(.ARM.Collect$$libinit$$0000001F)
    __rt_lib_init_cpp_1                      0x00000143   Thumb Code     0  libinit2.o(.ARM.Collect$$libinit$$00000030)
    __rt_lib_init_exceptions_1               0x00000143   Thumb Code     0  libinit2.o(.ARM.Collect$$libinit$$0000002E)
    __rt_lib_init_fp_trap_1                  0x00000143   Thumb Code     0  libinit2.o(.ARM.Collect$$libinit$$0000001D)
    __rt_lib_init_getenv_1                   0x00000143   Thumb Code     0  libinit2.o(.ARM.Collect$$libinit$$00000021)
    __rt_lib_init_heap_1                     0x00000143   Thumb Code     0  libinit2.o(.ARM.Collect$$libinit$$00000008)
    __rt_lib_init_lc_collate_1               0x00000143   Thumb Code     0  libinit2.o(.ARM.Collect$$libinit$$0000000F)
    __rt_lib_init_lc_ctype_1                 0x00000143   Thumb Code     0  libinit2.o(.ARM.Collect$$libinit$$00000011)
    __rt_lib_init_lc_monetary_1              0x00000143   Thumb Code     0  libinit2.o(.ARM.Collect$$libinit$$00000013)
    __rt_lib_init_lc_numeric_1               0x00000143   Thumb Code     0  libinit2.o(.ARM.Collect$$libinit$$00000015)
    __rt_lib_init_lc_time_1                  0x00000143   Thumb Code     0  libinit2.o(.ARM.Collect$$libinit$$00000017)
    __rt_lib_init_rand_1                     0x00000143   Thumb Code     0  libinit2.o(.ARM.Collect$$libinit$$0000000C)
    __rt_lib_init_return                     0x00000143   Thumb Code     0  libinit2.o(.ARM.Collect$$libinit$$00000031)
    __rt_lib_init_signal_1                   0x00000143   Thumb Code     0  libinit2.o(.ARM.Collect$$libinit$$0000001B)
    __rt_lib_init_stdio_1                    0x00000143   Thumb Code     0  libinit2.o(.ARM.Collect$$libinit$$00000023)
    __rt_lib_init_user_alloc_1               0x00000143   Thumb Code     0  libinit2.o(.ARM.Collect$$libinit$$0000000A)
    __rt_lib_shutdown                        0x00000145   Thumb Code     0  libshutdown.o(.ARM.Collect$$libshutdown$$00000000)
    __rt_lib_shutdown_fp_trap_1              0x00000147   Thumb Code     0  libshutdown2.o(.ARM.Collect$$libshutdown$$00000006)
    __rt_lib_shutdown_heap_1                 0x00000147   Thumb Code     0  libshutdown2.o(.ARM.Collect$$libshutdown$$0000000E)
    __rt_lib_shutdown_return                 0x00000147   Thumb Code     0  libshutdown2.o(.ARM.Collect$$libshutdown$$0000000F)
    __rt_lib_shutdown_signal_1               0x00000147   Thumb Code     0  libshutdown2.o(.ARM.Collect$$libshutdown$$00000009)
    __rt_lib_shutdown_stdio_1                0x00000147   Thumb Code     0  libshutdown2.o(.ARM.Collect$$libshutdown$$00000003)
    __rt_lib_shutdown_user_alloc_1           0x00000147   Thumb Code     0  libshutdown2.o(.ARM.Collect$$libshutdown$$0000000B)
    __rt_entry                               0x00000149   Thumb Code     0  rtentry.o(.ARM.Collect$$rtentry$$00000000)
    __rt_entry_presh_1                       0x00000149   Thumb Code     0  rtentry2.o(.ARM.Collect$$rtentry$$00000002)
    __rt_entry_sh                            0x00000149   Thumb Code     0  rtentry4.o(.ARM.Collect$$rtentry$$00000004)
    __rt_entry_li                            0x0000014f   Thumb Code     0  rtentry2.o(.ARM.Collect$$rtentry$$0000000A)
    __rt_entry_postsh_1                      0x0000014f   Thumb Code     0  rtentry2.o(.ARM.Collect$$rtentry$$00000009)
    __rt_entry_main                          0x00000153   Thumb Code     0  rtentry2.o(.ARM.Collect$$rtentry$$0000000D)
    __rt_entry_postli_1                      0x00000153   Thumb Code     0  rtentry2.o(.ARM.Collect$$rtentry$$0000000C)
    __rt_exit                                0x0000015b   Thumb Code     0  rtexit.o(.ARM.Collect$$rtexit$$00000000)
    __rt_exit_ls                             0x0000015d   Thumb Code     0  rtexit2.o(.ARM.Collect$$rtexit$$00000003)
    __rt_exit_prels_1                        0x0000015d   Thumb Code     0  rtexit2.o(.ARM.Collect$$rtexit$$00000002)
    __rt_exit_exit                           0x00000161   Thumb Code     0  rtexit2.o(.ARM.Collect$$rtexit$$00000004)
    __aeabi_memcpy4                          0x00000169   Thumb Code    56  rt_memcpy.o(.emb_text)
    __aeabi_memcpy8                          0x00000169   Thumb Code     0  rt_memcpy.o(.emb_text)
    SystemCoreClockUpdate                    0x000001a1   Thumb Code    76  system_m051series.o(.text)
    SystemInit                               0x000001ed   Thumb Code   138  system_m051series.o(.text)
    Reset_Handler                            0x00000319   Thumb Code    32  startup_m051series.o(.text)
    NMI_Handler                              0x00000339   Thumb Code     2  startup_m051series.o(.text)
    HardFault_Handler                        0x0000033b   Thumb Code     2  startup_m051series.o(.text)
    SVC_Handler                              0x0000033d   Thumb Code     2  startup_m051series.o(.text)
    PendSV_Handler                           0x0000033f   Thumb Code     2  startup_m051series.o(.text)
    SysTick_Handler                          0x00000341   Thumb Code     2  startup_m051series.o(.text)
    ACMP0_IRQHandler                         0x00000343   Thumb Code     0  startup_m051series.o(.text)
    ACMP1_IRQHandler                         0x00000343   Thumb Code     0  startup_m051series.o(.text)
    BOD_IRQHandler                           0x00000343   Thumb Code     0  startup_m051series.o(.text)
    EINT0_IRQHandler                         0x00000343   Thumb Code     0  startup_m051series.o(.text)
    EINT1_IRQHandler                         0x00000343   Thumb Code     0  startup_m051series.o(.text)
    GPIOP0P1_IRQHandler                      0x00000343   Thumb Code     0  startup_m051series.o(.text)
    GPIOP2P3P4_IRQHandler                    0x00000343   Thumb Code     0  startup_m051series.o(.text)
    I2C0_IRQHandler                          0x00000343   Thumb Code     0  startup_m051series.o(.text)
    I2C1_IRQHandler                          0x00000343   Thumb Code     0  startup_m051series.o(.text)
    PWMA_IRQHandler                          0x00000343   Thumb Code     0  startup_m051series.o(.text)
    PWMB_IRQHandler                          0x00000343   Thumb Code     0  startup_m051series.o(.text)
    PWRWU_IRQHandler                         0x00000343   Thumb Code     0  startup_m051series.o(.text)
    RTC_IRQHandler                           0x00000343   Thumb Code     0  startup_m051series.o(.text)
    SPI0_IRQHandler                          0x00000343   Thumb Code     0  startup_m051series.o(.text)
    SPI1_IRQHandler                          0x00000343   Thumb Code     0  startup_m051series.o(.text)
    TMR1_IRQHandler                          0x00000343   Thumb Code     0  startup_m051series.o(.text)
    TMR2_IRQHandler                          0x00000343   Thumb Code     0  startup_m051series.o(.text)
    TMR3_IRQHandler                          0x00000343   Thumb Code     0  startup_m051series.o(.text)
    UART0_IRQHandler                         0x00000343   Thumb Code     0  startup_m051series.o(.text)
    WDT_IRQHandler                           0x00000343   Thumb Code     0  startup_m051series.o(.text)
    __user_initial_stackheap                 0x00000345   Thumb Code     0  startup_m051series.o(.text)
    System_Init                              0x0000037d   Thumb Code    52  main.o(.text)
    maintask                                 0x000003b1   Thumb Code    58  main.o(.text)
    main                                     0x000003eb   Thumb Code    40  main.o(.text)
    DelayUs                                  0x0000042d   Thumb Code    54  usersysclk.o(.text)
    DelayMs                                  0x00000463   Thumb Code    26  usersysclk.o(.text)
    DelayS                                   0x0000047d   Thumb Code    26  usersysclk.o(.text)
    SYS_Init                                 0x00000497   Thumb Code   140  usersysclk.o(.text)
    IO_Init                                  0x00000523   Thumb Code    32  usersysclk.o(.text)
    UART1_Init                               0x00000575   Thumb Code    40  useruart1.o(.text)
    UartFrameRcv                             0x0000059d   Thumb Code   240  useruart1.o(.text)
    UART1_IRQHandler                         0x0000068d   Thumb Code    58  useruart1.o(.text)
    RS485_W                                  0x000006c7   Thumb Code    16  useruart1.o(.text)
    RS485_Send                               0x000006d7   Thumb Code    26  useruart1.o(.text)
    SAVE_Flash                               0x000006f1   Thumb Code    74  useruart1.o(.text)
    UartFramePro                             0x0000073b   Thumb Code  1496  useruart1.o(.text)
    AdcTask                                  0x00000d25   Thumb Code    14  usertask.o(.text)
    ATTval                                   0x00000d33   Thumb Code    78  usertask.o(.text)
    CelsiusComp                              0x00000d81   Thumb Code   152  usertask.o(.text)
    OPR_AGC_Task                             0x00000e19   Thumb Code   116  usertask.o(.text)
    WarningTask                              0x00000e8d   Thumb Code   432  usertask.o(.text)
    TriSwitchTask                            0x0000103d   Thumb Code   130  usertask.o(.text)
    CheckMode                                0x000010bf   Thumb Code    54  usertask.o(.text)
    ABSwitchTask                             0x000010f5   Thumb Code   192  usertask.o(.text)
    TMR0_Init                                0x000011c5   Thumb Code    38  usertime0.o(.text)
    TMR0_IRQHandler                          0x000011eb   Thumb Code    98  usertime0.o(.text)
    ADC_Init                                 0x0000126d   Thumb Code    48  useradc.o(.text)
    FourDataAdc                              0x0000129d   Thumb Code    66  useradc.o(.text)
    ADC_IRQHandler                           0x000012df   Thumb Code   326  useradc.o(.text)
    FMC_Init                                 0x0000145f   Thumb Code    42  userflash.o(.text)
    FLASH_ReadNByte                          0x00001489   Thumb Code    90  userflash.o(.text)
    FLASH_WriteNBytes                        0x000014e3   Thumb Code   122  userflash.o(.text)
    FMC_Close                                0x0000155d   Thumb Code    38  userflash.o(.text)
    RestorePara                              0x00001583   Thumb Code   108  userflash.o(.text)
    ReadInitPara                             0x000015ef   Thumb Code    48  userflash.o(.text)
    ControlInit                              0x0000165d   Thumb Code    10  usercontrol.o(.text)
    PE4304Send                               0x00001667   Thumb Code   124  usercontrol.o(.text)
    l8b20_init                               0x000016e9   Thumb Code   102  usercelsius.o(.text)
    l8b20_write_cmd                          0x0000174f   Thumb Code    68  usercelsius.o(.text)
    l8b20_Read_dat                           0x00001793   Thumb Code    80  usercelsius.o(.text)
    ReadCelsius                              0x000017e3   Thumb Code   214  usercelsius.o(.text)
    __aeabi_memcpy                           0x000018cd   Thumb Code   130  rt_memcpy.o(.text)
    __rt_memcpy                              0x000018cd   Thumb Code     0  rt_memcpy.o(.text)
    _memset_w                                0x0000194f   Thumb Code    26  rt_memclr.o(.text)
    _memset                                  0x00001969   Thumb Code    30  rt_memclr.o(.text)
    __aeabi_memclr                           0x00001987   Thumb Code     4  rt_memclr.o(.text)
    __rt_memclr                              0x00001987   Thumb Code     0  rt_memclr.o(.text)
    __aeabi_memclr4                          0x0000198b   Thumb Code     0  rt_memclr.o(.text)
    __aeabi_memclr8                          0x0000198b   Thumb Code     0  rt_memclr.o(.text)
    __rt_memclr_w                            0x0000198b   Thumb Code     4  rt_memclr.o(.text)
    __aeabi_uidiv                            0x0000198f   Thumb Code     0  aeabi_sdiv.o(.text)
    __aeabi_uidivmod                         0x0000198f   Thumb Code    20  aeabi_sdiv.o(.text)
    __aeabi_idiv                             0x000019a3   Thumb Code     0  aeabi_sdiv.o(.text)
    __aeabi_idivmod                          0x000019a3   Thumb Code   326  aeabi_sdiv.o(.text)
    __use_two_region_memory                  0x00001ae9   Thumb Code     2  heapauxi.o(.text)
    __rt_heap_escrow$2region                 0x00001aeb   Thumb Code     2  heapauxi.o(.text)
    __rt_heap_expand$2region                 0x00001aed   Thumb Code     2  heapauxi.o(.text)
    __aeabi_d2f                              0x00001af1   Thumb Code     0  d2f.o(.text)
    _d2f                                     0x00001af1   Thumb Code   120  d2f.o(.text)
    __aeabi_dadd                             0x00001e5f   Thumb Code     0  daddsub.o(.text)
    _dadd                                    0x00001e5f   Thumb Code    22  daddsub.o(.text)
    __aeabi_dsub                             0x00001e75   Thumb Code     0  daddsub.o(.text)
    _dsub                                    0x00001e75   Thumb Code    22  daddsub.o(.text)
    __aeabi_drsub                            0x00001e8b   Thumb Code     0  daddsub.o(.text)
    _drsb                                    0x00001e8b   Thumb Code    24  daddsub.o(.text)
    __aeabi_d2uiz                            0x00001eb9   Thumb Code     0  dfixui.o(.text)
    _dfixu                                   0x00001eb9   Thumb Code    62  dfixui.o(.text)
    __aeabi_i2d_normalise                    0x00001f01   Thumb Code    66  dflti.o(.text)
    __aeabi_i2d                              0x00001f43   Thumb Code    16  dflti.o(.text)
    _dflt                                    0x00001f43   Thumb Code     0  dflti.o(.text)
    __aeabi_ui2d                             0x00001f53   Thumb Code     6  dflti.o(.text)
    _dfltu                                   0x00001f53   Thumb Code     0  dflti.o(.text)
    __aeabi_dmul                             0x00001f59   Thumb Code     0  dmul.o(.text)
    _dmul                                    0x00001f59   Thumb Code   578  dmul.o(.text)
    __aeabi_f2d                              0x000021b1   Thumb Code     0  f2d.o(.text)
    _f2d                                     0x000021b1   Thumb Code    82  f2d.o(.text)
    __user_setup_stackheap                   0x00002209   Thumb Code    62  sys_stackheap_outer.o(.text)
    exit                                     0x00002247   Thumb Code    12  exit.o(.text)
    __user_libspace                          0x00002255   Thumb Code     8  libspace.o(.text)
    __user_perproc_libspace                  0x00002255   Thumb Code     0  libspace.o(.text)
    __user_perthread_libspace                0x00002255   Thumb Code     0  libspace.o(.text)
    _sys_exit                                0x0000225d   Thumb Code     8  sys_exit.o(.text)
    __I$use$semihosting                      0x00002269   Thumb Code     0  use_no_semi.o(.text)
    __use_no_semihosting_swi                 0x00002269   Thumb Code     2  use_no_semi.o(.text)
    __ARM_common_switch8                     0x0000226b   Thumb Code    28  useruart1.o(i.__ARM_common_switch8)
    __semihosting_library_function           0x0000226b   Thumb Code     0  indicate_semi.o(.text)
    __aeabi_fmul                             0x00002289   Thumb Code     0  fmul.o(x$fpl$fmul)
    _fmul                                    0x00002289   Thumb Code   172  fmul.o(x$fpl$fmul)
    __I$use$fp                               0x00002338   Number         0  usenofp.o(x$fpl$usenofp)
    gau32ClkSrcTbl                           0x00002338   Data          32  system_m051series.o(.constdata)
    Region$$Table$$Base                      0x00002358   Number         0  anon$$obj.o(Region$$Table)
    Region$$Table$$Limit                     0x00002378   Number         0  anon$$obj.o(Region$$Table)
    SystemCoreClock                          0x20000000   Data           4  system_m051series.o(.data)
    CyclesPerUs                              0x20000004   Data           4  system_m051series.o(.data)
    PllClock                                 0x20000008   Data           4  system_m051series.o(.data)
    indexmk                                  0x2000000c   Data           1  main.o(.data)
    PartNumber                               0x2000000d   Data          16  main.o(.data)
    LogicID                                  0x2000001d   Data          16  main.o(.data)
    VendorName                               0x2000002d   Data          16  main.o(.data)
    MainStructW                              0x2000003d   Data           8  main.o(.data)
    saveflg                                  0x20000045   Data           1  useruart1.o(.data)
    OPr                                      0x20000046   Data          40  usertask.o(.data)
    ABdoor                                   0x2000006e   Data          40  usertask.o(.data)
    UartTimeDelay                            0x20000098   Data           4  usertime0.o(.data)
    AdcTimeTask                              0x2000009c   Data           4  usertime0.o(.data)
    Uart1TimeTask                            0x200000a0   Data           4  usertime0.o(.data)
    OPrTimeTask                              0x200000a4   Data           4  usertime0.o(.data)
    OtherTimeTask                            0x200000a8   Data           4  usertime0.o(.data)
    SerialNumber                             0x200000ac   Data          16  main.o(.bss)
    MainStructR                              0x200000bc   Data          28  main.o(.bss)
    MainAscii                                0x200000d8   Data          64  main.o(.bss)
    UartRcvFrame                             0x20000118   Data          57  useruart1.o(.bss)
    ADCvalue                                 0x20000170   Data         160  useradc.o(.bss)
    ADCcovVal                                0x20000210   Data          40  useradc.o(.bss)
    RXTEMP                                   0x20000238   Data          40  userflash.o(.bss)
    __libspace_start                         0x20000260   Data          96  libspace.o(.bss)
    __temporary_stack_top$libspace           0x200002c0   Data           0  libspace.o(.bss)



==============================================================================

Memory Map of the image

  Image Entry point : 0x000000c1

  Load Region LR_IROM1 (Base: 0x00000000, Size: 0x00002424, Max: 0x00004000, ABSOLUTE)

    Execution Region ER_IROM1 (Base: 0x00000000, Size: 0x00002378, Max: 0x00004000, ABSOLUTE)

    Base Addr    Size         Type   Attr      Idx    E Section Name        Object

    0x00000000   0x000000c0   Data   RO           81    RESET               startup_m051series.o
    0x000000c0   0x00000008   Code   RO          334  * !!!main             c_p.l(__main.o)
    0x000000c8   0x0000003c   Code   RO          513    !!!scatter          c_p.l(__scatter.o)
    0x00000104   0x0000001a   Code   RO          515    !!handler_copy      c_p.l(__scatter_copy.o)
    0x0000011e   0x00000002   PAD
    0x00000120   0x0000001c   Code   RO          517    !!handler_zi        c_p.l(__scatter_zi.o)
    0x0000013c   0x00000002   Code   RO          387    .ARM.Collect$$libinit$$00000000  c_p.l(libinit.o)
    0x0000013e   0x00000004   Code   RO          400    .ARM.Collect$$libinit$$00000001  c_p.l(libinit2.o)
    0x00000142   0x00000000   Code   RO          404    .ARM.Collect$$libinit$$00000008  c_p.l(libinit2.o)
    0x00000142   0x00000000   Code   RO          406    .ARM.Collect$$libinit$$0000000A  c_p.l(libinit2.o)
    0x00000142   0x00000000   Code   RO          408    .ARM.Collect$$libinit$$0000000C  c_p.l(libinit2.o)
    0x00000142   0x00000000   Code   RO          411    .ARM.Collect$$libinit$$0000000F  c_p.l(libinit2.o)
    0x00000142   0x00000000   Code   RO          413    .ARM.Collect$$libinit$$00000011  c_p.l(libinit2.o)
    0x00000142   0x00000000   Code   RO          415    .ARM.Collect$$libinit$$00000013  c_p.l(libinit2.o)
    0x00000142   0x00000000   Code   RO          417    .ARM.Collect$$libinit$$00000015  c_p.l(libinit2.o)
    0x00000142   0x00000000   Code   RO          419    .ARM.Collect$$libinit$$00000017  c_p.l(libinit2.o)
    0x00000142   0x00000000   Code   RO          421    .ARM.Collect$$libinit$$00000019  c_p.l(libinit2.o)
    0x00000142   0x00000000   Code   RO          423    .ARM.Collect$$libinit$$0000001B  c_p.l(libinit2.o)
    0x00000142   0x00000000   Code   RO          425    .ARM.Collect$$libinit$$0000001D  c_p.l(libinit2.o)
    0x00000142   0x00000000   Code   RO          427    .ARM.Collect$$libinit$$0000001F  c_p.l(libinit2.o)
    0x00000142   0x00000000   Code   RO          429    .ARM.Collect$$libinit$$00000021  c_p.l(libinit2.o)
    0x00000142   0x00000000   Code   RO          431    .ARM.Collect$$libinit$$00000023  c_p.l(libinit2.o)
    0x00000142   0x00000000   Code   RO          435    .ARM.Collect$$libinit$$0000002A  c_p.l(libinit2.o)
    0x00000142   0x00000000   Code   RO          437    .ARM.Collect$$libinit$$0000002C  c_p.l(libinit2.o)
    0x00000142   0x00000000   Code   RO          439    .ARM.Collect$$libinit$$0000002E  c_p.l(libinit2.o)
    0x00000142   0x00000000   Code   RO          441    .ARM.Collect$$libinit$$00000030  c_p.l(libinit2.o)
    0x00000142   0x00000002   Code   RO          442    .ARM.Collect$$libinit$$00000031  c_p.l(libinit2.o)
    0x00000144   0x00000002   Code   RO          471    .ARM.Collect$$libshutdown$$00000000  c_p.l(libshutdown.o)
    0x00000146   0x00000000   Code   RO          498    .ARM.Collect$$libshutdown$$00000003  c_p.l(libshutdown2.o)
    0x00000146   0x00000000   Code   RO          501    .ARM.Collect$$libshutdown$$00000006  c_p.l(libshutdown2.o)
    0x00000146   0x00000000   Code   RO          504    .ARM.Collect$$libshutdown$$00000009  c_p.l(libshutdown2.o)
    0x00000146   0x00000000   Code   RO          506    .ARM.Collect$$libshutdown$$0000000B  c_p.l(libshutdown2.o)
    0x00000146   0x00000000   Code   RO          509    .ARM.Collect$$libshutdown$$0000000E  c_p.l(libshutdown2.o)
    0x00000146   0x00000002   Code   RO          510    .ARM.Collect$$libshutdown$$0000000F  c_p.l(libshutdown2.o)
    0x00000148   0x00000000   Code   RO          350    .ARM.Collect$$rtentry$$00000000  c_p.l(rtentry.o)
    0x00000148   0x00000000   Code   RO          357    .ARM.Collect$$rtentry$$00000002  c_p.l(rtentry2.o)
    0x00000148   0x00000006   Code   RO          369    .ARM.Collect$$rtentry$$00000004  c_p.l(rtentry4.o)
    0x0000014e   0x00000000   Code   RO          359    .ARM.Collect$$rtentry$$00000009  c_p.l(rtentry2.o)
    0x0000014e   0x00000004   Code   RO          360    .ARM.Collect$$rtentry$$0000000A  c_p.l(rtentry2.o)
    0x00000152   0x00000000   Code   RO          362    .ARM.Collect$$rtentry$$0000000C  c_p.l(rtentry2.o)
    0x00000152   0x00000008   Code   RO          363    .ARM.Collect$$rtentry$$0000000D  c_p.l(rtentry2.o)
    0x0000015a   0x00000002   Code   RO          392    .ARM.Collect$$rtexit$$00000000  c_p.l(rtexit.o)
    0x0000015c   0x00000000   Code   RO          446    .ARM.Collect$$rtexit$$00000002  c_p.l(rtexit2.o)
    0x0000015c   0x00000004   Code   RO          447    .ARM.Collect$$rtexit$$00000003  c_p.l(rtexit2.o)
    0x00000160   0x00000006   Code   RO          448    .ARM.Collect$$rtexit$$00000004  c_p.l(rtexit2.o)
    0x00000166   0x00000002   PAD
    0x00000168   0x00000038   Code   RO          322    .emb_text           c_p.l(rt_memcpy.o)
    0x000001a0   0x00000178   Code   RO           17    .text               system_m051series.o
    0x00000318   0x00000064   Code   RO           82    .text               startup_m051series.o
    0x0000037c   0x000000b0   Code   RO          135    .text               main.o
    0x0000042c   0x00000148   Code   RO          168    .text               usersysclk.o
    0x00000574   0x000007b0   Code   RO          187    .text               useruart1.o
    0x00000d24   0x000004a0   Code   RO          215    .text               usertask.o
    0x000011c4   0x000000a8   Code   RO          234    .text               usertime0.o
    0x0000126c   0x000001d4   Code   RO          253    .text               useradc.o
    0x00001440   0x0000021c   Code   RO          275    .text               userflash.o
    0x0000165c   0x0000008c   Code   RO          296    .text               usercontrol.o
    0x000016e8   0x000001e4   Code   RO          308    .text               usercelsius.o
    0x000018cc   0x00000082   Code   RO          323    .text               c_p.l(rt_memcpy.o)
    0x0000194e   0x00000040   Code   RO          326    .text               c_p.l(rt_memclr.o)
    0x0000198e   0x0000015a   Code   RO          328    .text               c_p.l(aeabi_sdiv.o)
    0x00001ae8   0x00000006   Code   RO          332    .text               c_p.l(heapauxi.o)
    0x00001aee   0x00000002   PAD
    0x00001af0   0x0000007c   Code   RO          336    .text               fz_ps.l(d2f.o)
    0x00001b6c   0x0000034c   Code   RO          338    .text               fz_ps.l(daddsub.o)
    0x00001eb8   0x00000048   Code   RO          340    .text               fz_ps.l(dfixui.o)
    0x00001f00   0x00000058   Code   RO          342    .text               fz_ps.l(dflti.o)
    0x00001f58   0x00000258   Code   RO          344    .text               fz_ps.l(dmul.o)
    0x000021b0   0x00000058   Code   RO          346    .text               fz_ps.l(f2d.o)
    0x00002208   0x0000003e   Code   RO          373    .text               c_p.l(sys_stackheap_outer.o)
    0x00002246   0x0000000c   Code   RO          376    .text               c_p.l(exit.o)
    0x00002252   0x00000002   PAD
    0x00002254   0x00000008   Code   RO          388    .text               c_p.l(libspace.o)
    0x0000225c   0x0000000c   Code   RO          443    .text               c_p.l(sys_exit.o)
    0x00002268   0x00000002   Code   RO          460    .text               c_p.l(use_no_semi.o)
    0x0000226a   0x00000000   Code   RO          462    .text               c_p.l(indicate_semi.o)
    0x0000226a   0x0000001c   Code   RO          200    i.__ARM_common_switch8  useruart1.o
    0x00002286   0x00000002   PAD
    0x00002288   0x000000b0   Code   RO          348    x$fpl$fmul          fz_ps.l(fmul.o)
    0x00002338   0x00000000   Code   RO          355    x$fpl$usenofp       fz_ps.l(usenofp.o)
    0x00002338   0x00000020   Data   RO           18    .constdata          system_m051series.o
    0x00002358   0x00000020   Data   RO          511    Region$$Table       anon$$obj.o


    Execution Region RW_IRAM1 (Base: 0x20000000, Size: 0x000004c0, Max: 0x00001000, ABSOLUTE)

    Base Addr    Size         Type   Attr      Idx    E Section Name        Object

    0x20000000   0x0000000c   Data   RW           19    .data               system_m051series.o
    0x2000000c   0x00000039   Data   RW          137    .data               main.o
    0x20000045   0x00000001   Data   RW          189    .data               useruart1.o
    0x20000046   0x00000052   Data   RW          217    .data               usertask.o
    0x20000098   0x00000014   Data   RW          235    .data               usertime0.o
    0x200000ac   0x0000006c   Zero   RW          136    .bss                main.o
    0x20000118   0x00000039   Zero   RW          188    .bss                useruart1.o
    0x20000151   0x00000003   PAD
    0x20000154   0x00000010   Zero   RW          216    .bss                usertask.o
    0x20000164   0x000000d4   Zero   RW          254    .bss                useradc.o
    0x20000238   0x00000028   Zero   RW          276    .bss                userflash.o
    0x20000260   0x00000060   Zero   RW          389    .bss                c_p.l(libspace.o)
    0x200002c0   0x00000000   Zero   RW           80    HEAP                startup_m051series.o
    0x200002c0   0x00000200   Zero   RW           79    STACK               startup_m051series.o


==============================================================================

Image component sizes


      Code (inc. data)   RO Data    RW Data    ZI Data      Debug   Object Name

         0          0          0          0          0       4292   core_cm0.o
       176         26          0         57        108      12223   main.o
         0          0          0          0          0      50252   retarget.o
       100         46        192          0        512        544   startup_m051series.o
       376         56         32         12          0      15113   system_m051series.o
       468         28          0          0        212       9531   useradc.o
       484         20          0          0          0       1320   usercelsius.o
       140          6          0          0          0        749   usercontrol.o
       540         46          0          0         40      17101   userflash.o
       328         50          0          0          0      14214   usersysclk.o
      1184         66          0         82         16      10764   usertask.o
       168         32          0         20          0       1060   usertime0.o
      1996         76          0          1         57      16541   useruart1.o

    ----------------------------------------------------------------------
      5962        452        256        172        948     153704   Object Totals
         0          0         32          0          0          0   (incl. Generated)
         2          0          0          0          3          0   (incl. Padding)

    ----------------------------------------------------------------------

      Code (inc. data)   RO Data    RW Data    ZI Data      Debug   Library Member Name

         8          0          0          0          0         68   __main.o
        60          8          0          0          0          0   __scatter.o
        26          0          0          0          0          0   __scatter_copy.o
        28          0          0          0          0          0   __scatter_zi.o
       346          0          0          0          0         92   aeabi_sdiv.o
        12          0          0          0          0         64   exit.o
         6          0          0          0          0        136   heapauxi.o
         0          0          0          0          0          0   indicate_semi.o
         2          0          0          0          0          0   libinit.o
         6          0          0          0          0          0   libinit2.o
         2          0          0          0          0          0   libshutdown.o
         2          0          0          0          0          0   libshutdown2.o
         8          4          0          0         96         68   libspace.o
        64          0          0          0          0        108   rt_memclr.o
       186          0          0          0          0        144   rt_memcpy.o
         0          0          0          0          0          0   rtentry.o
        12          0          0          0          0          0   rtentry2.o
         6          0          0          0          0          0   rtentry4.o
         2          0          0          0          0          0   rtexit.o
        10          0          0          0          0          0   rtexit2.o
        12          4          0          0          0         60   sys_exit.o
        62          0          0          0          0         80   sys_stackheap_outer.o
         2          0          0          0          0         68   use_no_semi.o
       124          4          0          0          0         72   d2f.o
       844         22          0          0          0        228   daddsub.o
        72         10          0          0          0         68   dfixui.o
        88          0          0          0          0         92   dflti.o
       600         22          0          0          0         84   dmul.o
        88          6          0          0          0         60   f2d.o
       176          4          0          0          0         80   fmul.o
         0          0          0          0          0          0   usenofp.o

    ----------------------------------------------------------------------
      2862         84          0          0         96       1572   Library Totals
         8          0          0          0          0          0   (incl. Padding)

    ----------------------------------------------------------------------

      Code (inc. data)   RO Data    RW Data    ZI Data      Debug   Library Name

       862         16          0          0         96        888   c_p.l
      1992         68          0          0          0        684   fz_ps.l

    ----------------------------------------------------------------------
      2862         84          0          0         96       1572   Library Totals

    ----------------------------------------------------------------------

==============================================================================


      Code (inc. data)   RO Data    RW Data    ZI Data      Debug   

      8824        536        256        172       1044     153724   Grand Totals
      8824        536        256        172       1044     153724   ELF Image Totals
      8824        536        256        172          0          0   ROM Totals

==============================================================================

    Total RO  Size (Code + RO Data)                 9080 (   8.87kB)
    Total RW  Size (RW Data + ZI Data)              1216 (   1.19kB)
    Total ROM Size (Code + RO Data + RW Data)       9252 (   9.04kB)

==============================================================================

