<html>
<body>
<pre>
<h1>礦ision Build Log</h1>
<h2>Project:</h2>
E:\虚拟分前端\TW3-16\正式版V0.1\Tw3-16.uvproj
Project File Date:  12/24/2014

<h2>Output:</h2>
Rebuild target 'Vhe-Main'
compiling core_cm0.c...
compiling system_M051Series.c...
assembling startup_M051Series.s...
compiling retarget.c...
compiling main.c...
compiling UserSYSCLK.c...
compiling UserUart1.c...
compiling UserTASK.c...
compiling UserTime0.c...
compiling UserADC.c...
compiling UserFlash.c...
compiling UserControl.c...
compiling UserCelsius.c...
linking...
Program Size: Code=8824 RO-data=256 RW-data=172 ZI-data=1044  
FromELF: creating hex file...
".\TW3-16.axf" - 0 Error(s), 0 Warning(s).
Load "E:\\虚拟分前端\\TW3-16\\正式版V0.1\\TW3-16.axf" 
Error: Flash Download failed  -  Target DLL has been cancelled
