<html>
<body>
<pre>
<h1>礦ision Build Log</h1>
<h2>Project:</h2>
E:\虚拟分前端\TW3-16\正式版V0.1\Tw3-16.uvproj
Project File Date:  11/27/2014

<h2>Output:</h2>
Rebuild target 'Vhe-Main'
compiling core_cm0.c...
compiling system_M051Series.c...
assembling startup_M051Series.s...
compiling retarget.c...
compiling main.c...
compiling UserSYSCLK.c...
compiling UserUart1.c...
compiling UserTASK.c...
compiling UserTime0.c...
compiling UserADC.c...
compiling UserFlash.c...
compiling UserControl.c...
linking...
Program Size: Code=4876 RO-data=256 RW-data=88 ZI-data=832  
FromELF: creating hex file...
".\TW3-16.axf" - 0 Error(s), 0 Warning(s).
</pre>
</body>
</html>
TW3-16\\正式版V0.1\\VHE02_Main.axf" 
Error: Flash Download failed  -  Target DLL has been cancelled
-D: last line of file ends without a newline
  }
UserCode\src\UserControl.c: 3 warnings, 0 errors
linking...
.\VHE02_Main.axf: Error: L6218E: Undefined symbol Delayus (referred from usercontrol.o).
Not enough information to list image symbols.
Finished: 1 information, 0 warning and 1 error messages.
".\VHE02_Main.axf" - 1 Error(s), 3 Warning(s).
Target not created

  }
UserCode\src\UserControl.c: 3 warnings, 3 errors
".\VHE02_Main.axf" - 3 Error(s), 3 Warning(s).
Target not created
