ARM Linker, 5.03 [Build 76] [MDK-ARM Professional]

==============================================================================

Section Cross References

    system_m051series.o(.text) refers to aeabi_sdiv.o(.text) for __aeabi_uidivmod
    system_m051series.o(.text) refers to system_m051series.o(.data) for PllClock
    system_m051series.o(.text) refers to system_m051series.o(.constdata) for gau32ClkSrcTbl
    startup_m051series.o(STACK) refers (Special) to heapauxi.o(.text) for __use_two_region_memory
    startup_m051series.o(HEAP) refers (Special) to heapauxi.o(.text) for __use_two_region_memory
    startup_m051series.o(RESET) refers (Special) to heapauxi.o(.text) for __use_two_region_memory
    startup_m051series.o(RESET) refers to startup_m051series.o(STACK) for __initial_sp
    startup_m051series.o(RESET) refers to startup_m051series.o(.text) for Reset_Handler
    startup_m051series.o(RESET) refers to usertime0.o(.text) for TMR0_IRQHandler
    startup_m051series.o(RESET) refers to useruart1.o(.text) for UART1_IRQHandler
    startup_m051series.o(RESET) refers to useri2c.o(.text) for I2C0_IRQHandler
    startup_m051series.o(RESET) refers to useradc.o(.text) for ADC_IRQHandler
    startup_m051series.o(.text) refers (Special) to heapauxi.o(.text) for __use_two_region_memory
    startup_m051series.o(.text) refers to system_m051series.o(.text) for SystemInit
    startup_m051series.o(.text) refers to __main.o(!!!main) for __main
    startup_m051series.o(.text) refers to startup_m051series.o(HEAP) for Heap_Mem
    startup_m051series.o(.text) refers to startup_m051series.o(STACK) for Stack_Mem
    main.o(.text) refers to usersysclk.o(.text) for SYS_Init
    main.o(.text) refers to useri2c.o(.text) for I2C_Init
    main.o(.text) refers to useruart1.o(.text) for UART1_Init
    main.o(.text) refers to useradc.o(.text) for ADC_Init
    main.o(.text) refers to usertime0.o(.text) for TMR0_Init
    main.o(.text) refers to usertask.o(.text) for AdcTask
    main.o(.text) refers to rt_memcpy.o(.text) for __aeabi_memcpy
    main.o(.text) refers to useruart1.o(.bss) for ModuTemp
    main.o(.text) refers to usertime0.o(.data) for AdcTimeTask
    main.o(.text) refers to usertask.o(.data) for ModuCheckFlg
    main.o(.text) refers to main.o(.data) for indexmk
    usersysclk.o(.text) refers to aeabi_sdiv.o(.text) for __aeabi_uidivmod
    usersysclk.o(.text) refers to system_m051series.o(.data) for CyclesPerUs
    useruart1.o(.text) refers to useruart1.o(i.__ARM_common_switch8) for __ARM_common_switch8
    useruart1.o(.text) refers to usersysclk.o(.text) for DelayUs
    useruart1.o(.text) refers to usertime0.o(.data) for UartTimeDelay
    useruart1.o(.text) refers to useruart1.o(.bss) for UartRcvFrame
    useruart1.o(.text) refers to rt_memclr.o(.text) for __aeabi_memclr
    useruart1.o(.text) refers to rt_memcpy.o(.text) for __aeabi_memcpy
    useri2c.o(.text) refers to useruart1.o(.text) for RS485_Send
    useri2c.o(.text) refers to usersysclk.o(.text) for DelayMs
    useri2c.o(.text) refers to usertask.o(.text) for Inquire
    useri2c.o(.text) refers to rt_memcpy.o(.text) for __aeabi_memcpy
    useri2c.o(.text) refers to useri2c.o(.data) for I2CountIndex2
    useri2c.o(.text) refers to useri2c.o(.bss) for I2Csend
    useri2c.o(.text) refers to usertime0.o(.data) for I2cTimeTask
    useri2c.o(.text) refers to useruart1.o(.bss) for ModuTemp
    useri2c.o(.text) refers to useradc.o(.text) for FourDataAdc
    useri2c.o(.text) refers to useradc.o(.bss) for ADCtempA
    usertask.o(.text) refers to useruart1.o(.text) for RS485_Send
    usertask.o(.text) refers to usersysclk.o(.text) for DelayMs
    usertask.o(.text) refers to usertask.o(.data) for InquireFrame
    usertime0.o(.text) refers to usertime0.o(.data) for UartTimeDelay
    useradc.o(.text) refers to useradc.o(.data) for indexA
    useradc.o(.text) refers to useradc.o(.bss) for ADCtempA
    useradc.o(.text) refers to useruart1.o(.bss) for MainModu
    rt_memcpy.o(.text) refers to rt_memcpy.o(.emb_text) for __aeabi_memcpy4
    __main.o(!!!main) refers to rtentry.o(.ARM.Collect$$rtentry$$00000000) for __rt_entry
    rtentry.o(.ARM.Collect$$rtentry$$00000000) refers (Special) to rtentry2.o(.ARM.Collect$$rtentry$$0000000A) for __rt_entry_li
    rtentry.o(.ARM.Collect$$rtentry$$00000000) refers (Special) to rtentry2.o(.ARM.Collect$$rtentry$$0000000D) for __rt_entry_main
    rtentry.o(.ARM.Collect$$rtentry$$00000000) refers (Special) to rtentry2.o(.ARM.Collect$$rtentry$$0000000C) for __rt_entry_postli_1
    rtentry.o(.ARM.Collect$$rtentry$$00000000) refers (Special) to rtentry2.o(.ARM.Collect$$rtentry$$00000009) for __rt_entry_postsh_1
    rtentry.o(.ARM.Collect$$rtentry$$00000000) refers (Special) to rtentry2.o(.ARM.Collect$$rtentry$$00000002) for __rt_entry_presh_1
    rtentry.o(.ARM.Collect$$rtentry$$00000000) refers (Special) to rtentry4.o(.ARM.Collect$$rtentry$$00000004) for __rt_entry_sh
    aeabi_idiv0_sigfpe.o(.text) refers to rt_div0.o(.text) for __rt_div0
    rtentry2.o(.ARM.Collect$$rtentry$$00000008) refers to boardinit2.o(.text) for _platform_post_stackheap_init
    rtentry2.o(.ARM.Collect$$rtentry$$0000000A) refers to libinit.o(.ARM.Collect$$libinit$$00000000) for __rt_lib_init
    rtentry2.o(.ARM.Collect$$rtentry$$0000000B) refers to boardinit3.o(.text) for _platform_post_lib_init
    rtentry2.o(.ARM.Collect$$rtentry$$0000000D) refers to main.o(.text) for main
    rtentry2.o(.ARM.Collect$$rtentry$$0000000D) refers to exit.o(.text) for exit
    rtentry2.o(.ARM.exidx) refers to rtentry2.o(.ARM.Collect$$rtentry$$00000001) for .ARM.Collect$$rtentry$$00000001
    rtentry2.o(.ARM.exidx) refers to rtentry2.o(.ARM.Collect$$rtentry$$00000008) for .ARM.Collect$$rtentry$$00000008
    rtentry2.o(.ARM.exidx) refers to rtentry2.o(.ARM.Collect$$rtentry$$0000000A) for .ARM.Collect$$rtentry$$0000000A
    rtentry2.o(.ARM.exidx) refers to rtentry2.o(.ARM.Collect$$rtentry$$0000000B) for .ARM.Collect$$rtentry$$0000000B
    rtentry2.o(.ARM.exidx) refers to rtentry2.o(.ARM.Collect$$rtentry$$0000000D) for .ARM.Collect$$rtentry$$0000000D
    rtentry4.o(.ARM.Collect$$rtentry$$00000004) refers to sys_stackheap_outer.o(.text) for __user_setup_stackheap
    rtentry4.o(.ARM.exidx) refers to rtentry4.o(.ARM.Collect$$rtentry$$00000004) for .ARM.Collect$$rtentry$$00000004
    rt_div0.o(.text) refers to defsig_fpe_outer.o(.text) for __rt_SIGFPE
    sys_stackheap_outer.o(.text) refers to libspace.o(.text) for __user_perproc_libspace
    sys_stackheap_outer.o(.text) refers to startup_m051series.o(.text) for __user_initial_stackheap
    sys_stackheap_outer.o(__vectab_stack_and_reset_area) refers to tempstk.o(.text) for __temporary_stack_top
    sys_stackheap_outer.o(__vectab_stack_and_reset_area) refers to __main.o(!!!main) for __main
    exit.o(.text) refers to rtexit.o(.ARM.Collect$$rtexit$$00000000) for __rt_exit
    defsig_fpe_outer.o(.text) refers to defsig_fpe_inner.o(.text) for __rt_SIGFPE_inner
    defsig_fpe_outer.o(.text) refers to defsig_exit.o(.text) for __sig_exit
    defsig_fpe_formal.o(.text) refers to rt_raise.o(.text) for __rt_raise
    libinit.o(.ARM.Collect$$libinit$$00000000) refers (Special) to libinit2.o(.ARM.Collect$$libinit$$0000002C) for __rt_lib_init_alloca_1
    libinit.o(.ARM.Collect$$libinit$$00000000) refers (Special) to libinit2.o(.ARM.Collect$$libinit$$0000002A) for __rt_lib_init_argv_1
    libinit.o(.ARM.Collect$$libinit$$00000000) refers (Special) to libinit2.o(.ARM.Collect$$libinit$$00000019) for __rt_lib_init_atexit_1
    libinit.o(.ARM.Collect$$libinit$$00000000) refers (Special) to libinit2.o(.ARM.Collect$$libinit$$0000001F) for __rt_lib_init_clock_1
    libinit.o(.ARM.Collect$$libinit$$00000000) refers (Special) to libinit2.o(.ARM.Collect$$libinit$$00000030) for __rt_lib_init_cpp_1
    libinit.o(.ARM.Collect$$libinit$$00000000) refers (Special) to libinit2.o(.ARM.Collect$$libinit$$0000002E) for __rt_lib_init_exceptions_1
    libinit.o(.ARM.Collect$$libinit$$00000000) refers (Special) to libinit2.o(.ARM.Collect$$libinit$$00000001) for __rt_lib_init_fp_1
    libinit.o(.ARM.Collect$$libinit$$00000000) refers (Special) to libinit2.o(.ARM.Collect$$libinit$$0000001D) for __rt_lib_init_fp_trap_1
    libinit.o(.ARM.Collect$$libinit$$00000000) refers (Special) to libinit2.o(.ARM.Collect$$libinit$$00000021) for __rt_lib_init_getenv_1
    libinit.o(.ARM.Collect$$libinit$$00000000) refers (Special) to libinit2.o(.ARM.Collect$$libinit$$00000008) for __rt_lib_init_heap_1
    libinit.o(.ARM.Collect$$libinit$$00000000) refers (Special) to libinit2.o(.ARM.Collect$$libinit$$0000000F) for __rt_lib_init_lc_collate_1
    libinit.o(.ARM.Collect$$libinit$$00000000) refers (Special) to libinit2.o(.ARM.Collect$$libinit$$00000011) for __rt_lib_init_lc_ctype_1
    libinit.o(.ARM.Collect$$libinit$$00000000) refers (Special) to libinit2.o(.ARM.Collect$$libinit$$00000013) for __rt_lib_init_lc_monetary_1
    libinit.o(.ARM.Collect$$libinit$$00000000) refers (Special) to libinit2.o(.ARM.Collect$$libinit$$00000015) for __rt_lib_init_lc_numeric_1
    libinit.o(.ARM.Collect$$libinit$$00000000) refers (Special) to libinit2.o(.ARM.Collect$$libinit$$00000017) for __rt_lib_init_lc_time_1
    libinit.o(.ARM.Collect$$libinit$$00000000) refers (Special) to libinit2.o(.ARM.Collect$$libinit$$0000000C) for __rt_lib_init_rand_1
    libinit.o(.ARM.Collect$$libinit$$00000000) refers (Special) to libinit2.o(.ARM.Collect$$libinit$$00000031) for __rt_lib_init_return
    libinit.o(.ARM.Collect$$libinit$$00000000) refers (Special) to libinit2.o(.ARM.Collect$$libinit$$0000001B) for __rt_lib_init_signal_1
    libinit.o(.ARM.Collect$$libinit$$00000000) refers (Special) to libinit2.o(.ARM.Collect$$libinit$$00000023) for __rt_lib_init_stdio_1
    libinit.o(.ARM.Collect$$libinit$$00000000) refers (Special) to libinit2.o(.ARM.Collect$$libinit$$0000000A) for __rt_lib_init_user_alloc_1
    libspace.o(.text) refers to libspace.o(.bss) for __libspace_start
    rtexit.o(.ARM.Collect$$rtexit$$00000000) refers (Special) to rtexit2.o(.ARM.Collect$$rtexit$$00000004) for __rt_exit_exit
    rtexit.o(.ARM.Collect$$rtexit$$00000000) refers (Special) to rtexit2.o(.ARM.Collect$$rtexit$$00000003) for __rt_exit_ls
    rtexit.o(.ARM.Collect$$rtexit$$00000000) refers (Special) to rtexit2.o(.ARM.Collect$$rtexit$$00000002) for __rt_exit_prels_1
    rtexit.o(.ARM.exidx) refers (Special) to rtexit2.o(.ARM.Collect$$rtexit$$00000004) for __rt_exit_exit
    rtexit.o(.ARM.exidx) refers (Special) to rtexit2.o(.ARM.Collect$$rtexit$$00000003) for __rt_exit_ls
    rtexit.o(.ARM.exidx) refers (Special) to rtexit2.o(.ARM.Collect$$rtexit$$00000002) for __rt_exit_prels_1
    rtexit.o(.ARM.exidx) refers to rtexit.o(.ARM.Collect$$rtexit$$00000000) for .ARM.Collect$$rtexit$$00000000
    rt_raise.o(.text) refers to __raise.o(.text) for __raise
    rt_raise.o(.text) refers to sys_exit.o(.text) for _sys_exit
    defsig_exit.o(.text) refers to sys_exit.o(.text) for _sys_exit
    defsig_fpe_inner.o(.text) refers to defsig_general.o(.text) for __default_signal_display
    libinit2.o(.ARM.Collect$$libinit$$0000000E) refers to libinit2.o(.ARM.Collect$$libinit$$0000000D) for .ARM.Collect$$libinit$$0000000D
    libinit2.o(.ARM.Collect$$libinit$$00000010) refers to libinit2.o(.ARM.Collect$$libinit$$0000000D) for .ARM.Collect$$libinit$$0000000D
    libinit2.o(.ARM.Collect$$libinit$$00000012) refers to libinit2.o(.ARM.Collect$$libinit$$0000000D) for .ARM.Collect$$libinit$$0000000D
    libinit2.o(.ARM.Collect$$libinit$$00000014) refers to libinit2.o(.ARM.Collect$$libinit$$0000000D) for .ARM.Collect$$libinit$$0000000D
    libinit2.o(.ARM.Collect$$libinit$$00000016) refers to libinit2.o(.ARM.Collect$$libinit$$0000000D) for .ARM.Collect$$libinit$$0000000D
    libinit2.o(.ARM.Collect$$libinit$$00000024) refers to argv_veneer.o(.text) for __ARM_argv_veneer
    libinit2.o(.ARM.Collect$$libinit$$00000025) refers to argv_veneer.o(.text) for __ARM_argv_veneer
    sys_exit.o(.text) refers (Special) to use_no_semi.o(.text) for __I$use$semihosting
    sys_exit.o(.text) refers (Special) to indicate_semi.o(.text) for __semihosting_library_function
    rtexit2.o(.ARM.Collect$$rtexit$$00000003) refers to libshutdown.o(.ARM.Collect$$libshutdown$$00000000) for __rt_lib_shutdown
    rtexit2.o(.ARM.Collect$$rtexit$$00000004) refers to sys_exit.o(.text) for _sys_exit
    rtexit2.o(.ARM.exidx) refers to rtexit2.o(.ARM.Collect$$rtexit$$00000001) for .ARM.Collect$$rtexit$$00000001
    rtexit2.o(.ARM.exidx) refers to rtexit2.o(.ARM.Collect$$rtexit$$00000003) for .ARM.Collect$$rtexit$$00000003
    rtexit2.o(.ARM.exidx) refers to rtexit2.o(.ARM.Collect$$rtexit$$00000004) for .ARM.Collect$$rtexit$$00000004
    __raise.o(.text) refers to defsig.o(CL$$defsig) for __default_signal_handler
    defsig_general.o(.text) refers to retarget.o(.text) for _ttywrch
    defsig.o(CL$$defsig) refers to defsig_fpe_inner.o(.text) for __rt_SIGFPE_inner
    defsig.o(CL$$defsig) refers to defsig_rtmem_inner.o(.text) for __rt_SIGRTMEM_inner
    _get_argv_nomalloc.o(.text) refers (Special) to hrguard.o(.text) for __heap_region$guard
    _get_argv_nomalloc.o(.text) refers to defsig_rtmem_outer.o(.text) for __rt_SIGRTMEM
    _get_argv_nomalloc.o(.text) refers to sys_command.o(.text) for _sys_command_string
    libshutdown.o(.ARM.Collect$$libshutdown$$00000000) refers (Special) to libshutdown2.o(.ARM.Collect$$libshutdown$$00000006) for __rt_lib_shutdown_fp_trap_1
    libshutdown.o(.ARM.Collect$$libshutdown$$00000000) refers (Special) to libshutdown2.o(.ARM.Collect$$libshutdown$$0000000E) for __rt_lib_shutdown_heap_1
    libshutdown.o(.ARM.Collect$$libshutdown$$00000000) refers (Special) to libshutdown2.o(.ARM.Collect$$libshutdown$$0000000F) for __rt_lib_shutdown_return
    libshutdown.o(.ARM.Collect$$libshutdown$$00000000) refers (Special) to libshutdown2.o(.ARM.Collect$$libshutdown$$00000009) for __rt_lib_shutdown_signal_1
    libshutdown.o(.ARM.Collect$$libshutdown$$00000000) refers (Special) to libshutdown2.o(.ARM.Collect$$libshutdown$$00000003) for __rt_lib_shutdown_stdio_1
    libshutdown.o(.ARM.Collect$$libshutdown$$00000000) refers (Special) to libshutdown2.o(.ARM.Collect$$libshutdown$$0000000B) for __rt_lib_shutdown_user_alloc_1
    sys_command.o(.text) refers (Special) to use_no_semi.o(.text) for __I$use$semihosting
    sys_command.o(.text) refers (Special) to indicate_semi.o(.text) for __semihosting_library_function
    defsig_abrt_inner.o(.text) refers to defsig_general.o(.text) for __default_signal_display
    defsig_rtred_inner.o(.text) refers to defsig_general.o(.text) for __default_signal_display
    defsig_rtmem_inner.o(.text) refers to defsig_general.o(.text) for __default_signal_display
    defsig_rtmem_outer.o(.text) refers to defsig_rtmem_inner.o(.text) for __rt_SIGRTMEM_inner
    defsig_rtmem_outer.o(.text) refers to defsig_exit.o(.text) for __sig_exit
    defsig_rtmem_formal.o(.text) refers to rt_raise.o(.text) for __rt_raise
    defsig_stak_inner.o(.text) refers to defsig_general.o(.text) for __default_signal_display
    defsig_pvfn_inner.o(.text) refers to defsig_general.o(.text) for __default_signal_display
    defsig_cppl_inner.o(.text) refers to defsig_general.o(.text) for __default_signal_display
    defsig_segv_inner.o(.text) refers to defsig_general.o(.text) for __default_signal_display
    defsig_other.o(.text) refers to defsig_general.o(.text) for __default_signal_display


==============================================================================

Removing Unused input sections from the image.

    Removing core_cm0.o(.emb_text), (32 bytes).
    Removing retarget.o(.text), (160 bytes).
    Removing retarget.o(.data), (8 bytes).

3 unused section(s) (total 200 bytes) removed from the image.

==============================================================================

Image Symbol Table

    Local Symbols

    Symbol Name                              Value     Ov Type        Size  Object(Section)

    RESET                                    0x00000000   Section      192  startup_m051series.o(RESET)
    ../clib/angel/boardlib.s                 0x00000000   Number         0  boardinit2.o ABSOLUTE
    ../clib/angel/boardlib.s                 0x00000000   Number         0  boardinit1.o ABSOLUTE
    ../clib/angel/boardlib.s                 0x00000000   Number         0  boardshut.o ABSOLUTE
    ../clib/angel/boardlib.s                 0x00000000   Number         0  boardinit3.o ABSOLUTE
    ../clib/angel/handlers.s                 0x00000000   Number         0  __scatter_zi.o ABSOLUTE
    ../clib/angel/handlers.s                 0x00000000   Number         0  __scatter_copy.o ABSOLUTE
    ../clib/angel/kernel.s                   0x00000000   Number         0  rtexit2.o ABSOLUTE
    ../clib/angel/kernel.s                   0x00000000   Number         0  rtentry.o ABSOLUTE
    ../clib/angel/kernel.s                   0x00000000   Number         0  rtentry2.o ABSOLUTE
    ../clib/angel/kernel.s                   0x00000000   Number         0  rtexit.o ABSOLUTE
    ../clib/angel/kernel.s                   0x00000000   Number         0  rtentry4.o ABSOLUTE
    ../clib/angel/rt.s                       0x00000000   Number         0  aeabi_idiv0_sigfpe.o ABSOLUTE
    ../clib/angel/rt.s                       0x00000000   Number         0  rt_div0.o ABSOLUTE
    ../clib/angel/rt.s                       0x00000000   Number         0  aeabi_idiv0.o ABSOLUTE
    ../clib/angel/rt.s                       0x00000000   Number         0  rt_raise.o ABSOLUTE
    ../clib/angel/scatterp.s                 0x00000000   Number         0  __scatter.o ABSOLUTE
    ../clib/angel/startup.s                  0x00000000   Number         0  __main.o ABSOLUTE
    ../clib/angel/sys.s                      0x00000000   Number         0  sys_stackheap_outer.o ABSOLUTE
    ../clib/angel/sys.s                      0x00000000   Number         0  indicate_semi.o ABSOLUTE
    ../clib/angel/sys.s                      0x00000000   Number         0  use_no_semi.o ABSOLUTE
    ../clib/angel/sys.s                      0x00000000   Number         0  tempstk.o ABSOLUTE
    ../clib/angel/sys.s                      0x00000000   Number         0  libspace.o ABSOLUTE
    ../clib/angel/sysapp.c                   0x00000000   Number         0  sys_command.o ABSOLUTE
    ../clib/angel/sysapp.c                   0x00000000   Number         0  sys_exit.o ABSOLUTE
    ../clib/armsys.c                         0x00000000   Number         0  no_argv.o ABSOLUTE
    ../clib/armsys.c                         0x00000000   Number         0  argv_veneer.o ABSOLUTE
    ../clib/armsys.c                         0x00000000   Number         0  _get_argv_nomalloc.o ABSOLUTE
    ../clib/division.s                       0x00000000   Number         0  aeabi_sdiv_div0.o ABSOLUTE
    ../clib/division.s                       0x00000000   Number         0  aeabi_sdiv.o ABSOLUTE
    ../clib/heapalloc.c                      0x00000000   Number         0  hrguard.o ABSOLUTE
    ../clib/heapaux.c                        0x00000000   Number         0  heapauxi.o ABSOLUTE
    ../clib/libinit.s                        0x00000000   Number         0  libshutdown2.o ABSOLUTE
    ../clib/libinit.s                        0x00000000   Number         0  libinit2.o ABSOLUTE
    ../clib/libinit.s                        0x00000000   Number         0  libshutdown.o ABSOLUTE
    ../clib/libinit.s                        0x00000000   Number         0  libinit.o ABSOLUTE
    ../clib/memcpset.c                       0x00000000   Number         0  rt_memclr.o ABSOLUTE
    ../clib/memcpset.c                       0x00000000   Number         0  rt_memcpy.o ABSOLUTE
    ../clib/memcpset.c                       0x00000000   Number         0  rt_memcpy.o ABSOLUTE
    ../clib/misc.s                           0x00000000   Number         0  printf_stubs.o ABSOLUTE
    ../clib/signal.c                         0x00000000   Number         0  defsig_fpe_inner.o ABSOLUTE
    ../clib/signal.c                         0x00000000   Number         0  defsig_fpe_formal.o ABSOLUTE
    ../clib/signal.c                         0x00000000   Number         0  defsig_fpe_outer.o ABSOLUTE
    ../clib/signal.c                         0x00000000   Number         0  defsig_segv_inner.o ABSOLUTE
    ../clib/signal.c                         0x00000000   Number         0  defsig_exit.o ABSOLUTE
    ../clib/signal.c                         0x00000000   Number         0  defsig_cppl_inner.o ABSOLUTE
    ../clib/signal.c                         0x00000000   Number         0  __raise.o ABSOLUTE
    ../clib/signal.c                         0x00000000   Number         0  defsig_pvfn_inner.o ABSOLUTE
    ../clib/signal.c                         0x00000000   Number         0  defsig_stak_inner.o ABSOLUTE
    ../clib/signal.c                         0x00000000   Number         0  defsig_rtmem_formal.o ABSOLUTE
    ../clib/signal.c                         0x00000000   Number         0  defsig_rtmem_outer.o ABSOLUTE
    ../clib/signal.c                         0x00000000   Number         0  defsig_rtred_inner.o ABSOLUTE
    ../clib/signal.c                         0x00000000   Number         0  defsig_abrt_inner.o ABSOLUTE
    ../clib/signal.c                         0x00000000   Number         0  defsig_other.o ABSOLUTE
    ../clib/signal.c                         0x00000000   Number         0  defsig_general.o ABSOLUTE
    ../clib/signal.c                         0x00000000   Number         0  defsig_rtmem_inner.o ABSOLUTE
    ../clib/signal.s                         0x00000000   Number         0  defsig.o ABSOLUTE
    ../clib/stdlib.c                         0x00000000   Number         0  exit.o ABSOLUTE
    ../fplib/cfplib/fpinit.c                 0x00000000   Number         0  fpinit.o ABSOLUTE
    LibM051Series\CMSIS\CM0\CoreSupport\core_cm0.c 0x00000000   Number         0  core_cm0.o ABSOLUTE
    LibM051Series\CMSIS\CM0\DeviceSupport\Nuvoton\M051Series\system_M051Series.c 0x00000000   Number         0  system_m051series.o ABSOLUTE
    LibM051Series\StdDriver\src\retarget.c   0x00000000   Number         0  retarget.o ABSOLUTE
    LibM051Series\\CMSIS\\CM0\\CoreSupport\\core_cm0.c 0x00000000   Number         0  core_cm0.o ABSOLUTE
    UserCode\main.c                          0x00000000   Number         0  main.o ABSOLUTE
    UserCode\src\UserADC.c                   0x00000000   Number         0  useradc.o ABSOLUTE
    UserCode\src\UserI2C.c                   0x00000000   Number         0  useri2c.o ABSOLUTE
    UserCode\src\UserSYSCLK.c                0x00000000   Number         0  usersysclk.o ABSOLUTE
    UserCode\src\UserTASK.c                  0x00000000   Number         0  usertask.o ABSOLUTE
    UserCode\src\UserTime0.c                 0x00000000   Number         0  usertime0.o ABSOLUTE
    UserCode\src\UserUart1.c                 0x00000000   Number         0  useruart1.o ABSOLUTE
    dc.s                                     0x00000000   Number         0  dc.o ABSOLUTE
    startup_M051Series.s                     0x00000000   Number         0  startup_m051series.o ABSOLUTE
    !!!main                                  0x000000c0   Section        8  __main.o(!!!main)
    !!!scatter                               0x000000c8   Section       60  __scatter.o(!!!scatter)
    !!handler_copy                           0x00000104   Section       26  __scatter_copy.o(!!handler_copy)
    !!handler_zi                             0x00000120   Section       28  __scatter_zi.o(!!handler_zi)
    .ARM.Collect$$libinit$$00000000          0x0000013c   Section        2  libinit.o(.ARM.Collect$$libinit$$00000000)
    .ARM.Collect$$libinit$$00000001          0x0000013e   Section        4  libinit2.o(.ARM.Collect$$libinit$$00000001)
    .ARM.Collect$$libinit$$00000008          0x00000142   Section        0  libinit2.o(.ARM.Collect$$libinit$$00000008)
    .ARM.Collect$$libinit$$0000000A          0x00000142   Section        0  libinit2.o(.ARM.Collect$$libinit$$0000000A)
    .ARM.Collect$$libinit$$0000000C          0x00000142   Section        0  libinit2.o(.ARM.Collect$$libinit$$0000000C)
    .ARM.Collect$$libinit$$0000000F          0x00000142   Section        0  libinit2.o(.ARM.Collect$$libinit$$0000000F)
    .ARM.Collect$$libinit$$00000011          0x00000142   Section        0  libinit2.o(.ARM.Collect$$libinit$$00000011)
    .ARM.Collect$$libinit$$00000013          0x00000142   Section        0  libinit2.o(.ARM.Collect$$libinit$$00000013)
    .ARM.Collect$$libinit$$00000015          0x00000142   Section        0  libinit2.o(.ARM.Collect$$libinit$$00000015)
    .ARM.Collect$$libinit$$00000017          0x00000142   Section        0  libinit2.o(.ARM.Collect$$libinit$$00000017)
    .ARM.Collect$$libinit$$00000019          0x00000142   Section        0  libinit2.o(.ARM.Collect$$libinit$$00000019)
    .ARM.Collect$$libinit$$0000001B          0x00000142   Section        0  libinit2.o(.ARM.Collect$$libinit$$0000001B)
    .ARM.Collect$$libinit$$0000001D          0x00000142   Section        0  libinit2.o(.ARM.Collect$$libinit$$0000001D)
    .ARM.Collect$$libinit$$0000001F          0x00000142   Section        0  libinit2.o(.ARM.Collect$$libinit$$0000001F)
    .ARM.Collect$$libinit$$00000021          0x00000142   Section        0  libinit2.o(.ARM.Collect$$libinit$$00000021)
    .ARM.Collect$$libinit$$00000023          0x00000142   Section        0  libinit2.o(.ARM.Collect$$libinit$$00000023)
    .ARM.Collect$$libinit$$0000002A          0x00000142   Section        0  libinit2.o(.ARM.Collect$$libinit$$0000002A)
    .ARM.Collect$$libinit$$0000002C          0x00000142   Section        0  libinit2.o(.ARM.Collect$$libinit$$0000002C)
    .ARM.Collect$$libinit$$0000002E          0x00000142   Section        0  libinit2.o(.ARM.Collect$$libinit$$0000002E)
    .ARM.Collect$$libinit$$00000030          0x00000142   Section        0  libinit2.o(.ARM.Collect$$libinit$$00000030)
    .ARM.Collect$$libinit$$00000031          0x00000142   Section        2  libinit2.o(.ARM.Collect$$libinit$$00000031)
    .ARM.Collect$$libshutdown$$00000000      0x00000144   Section        2  libshutdown.o(.ARM.Collect$$libshutdown$$00000000)
    .ARM.Collect$$libshutdown$$00000003      0x00000146   Section        0  libshutdown2.o(.ARM.Collect$$libshutdown$$00000003)
    .ARM.Collect$$libshutdown$$00000006      0x00000146   Section        0  libshutdown2.o(.ARM.Collect$$libshutdown$$00000006)
    .ARM.Collect$$libshutdown$$00000009      0x00000146   Section        0  libshutdown2.o(.ARM.Collect$$libshutdown$$00000009)
    .ARM.Collect$$libshutdown$$0000000B      0x00000146   Section        0  libshutdown2.o(.ARM.Collect$$libshutdown$$0000000B)
    .ARM.Collect$$libshutdown$$0000000E      0x00000146   Section        0  libshutdown2.o(.ARM.Collect$$libshutdown$$0000000E)
    .ARM.Collect$$libshutdown$$0000000F      0x00000146   Section        2  libshutdown2.o(.ARM.Collect$$libshutdown$$0000000F)
    .ARM.Collect$$rtentry$$00000000          0x00000148   Section        0  rtentry.o(.ARM.Collect$$rtentry$$00000000)
    .ARM.Collect$$rtentry$$00000002          0x00000148   Section        0  rtentry2.o(.ARM.Collect$$rtentry$$00000002)
    .ARM.Collect$$rtentry$$00000004          0x00000148   Section        6  rtentry4.o(.ARM.Collect$$rtentry$$00000004)
    .ARM.Collect$$rtentry$$00000009          0x0000014e   Section        0  rtentry2.o(.ARM.Collect$$rtentry$$00000009)
    .ARM.Collect$$rtentry$$0000000A          0x0000014e   Section        4  rtentry2.o(.ARM.Collect$$rtentry$$0000000A)
    .ARM.Collect$$rtentry$$0000000C          0x00000152   Section        0  rtentry2.o(.ARM.Collect$$rtentry$$0000000C)
    .ARM.Collect$$rtentry$$0000000D          0x00000152   Section        8  rtentry2.o(.ARM.Collect$$rtentry$$0000000D)
    .ARM.Collect$$rtexit$$00000000           0x0000015a   Section        2  rtexit.o(.ARM.Collect$$rtexit$$00000000)
    .ARM.Collect$$rtexit$$00000002           0x0000015c   Section        0  rtexit2.o(.ARM.Collect$$rtexit$$00000002)
    .ARM.Collect$$rtexit$$00000003           0x0000015c   Section        4  rtexit2.o(.ARM.Collect$$rtexit$$00000003)
    .ARM.Collect$$rtexit$$00000004           0x00000160   Section        6  rtexit2.o(.ARM.Collect$$rtexit$$00000004)
    .emb_text                                0x00000168   Section       56  rt_memcpy.o(.emb_text)
    .text                                    0x000001a0   Section        0  system_m051series.o(.text)
    DrvSYS_GetPLLClockFreq                   0x00000277   Thumb Code   106  system_m051series.o(.text)
    .text                                    0x00000318   Section      100  startup_m051series.o(.text)
    Default_Handler                          0x00000343   Thumb Code     2  startup_m051series.o(.text)
    .text                                    0x0000037c   Section        0  main.o(.text)
    .text                                    0x000005ec   Section        0  usersysclk.o(.text)
    .text                                    0x0000073c   Section        0  useruart1.o(.text)
    .text                                    0x00000d08   Section        0  useri2c.o(.text)
    NVIC_SetPriority                         0x00001267   Thumb Code   110  useri2c.o(.text)
    .text                                    0x000012f0   Section        0  usertask.o(.text)
    .text                                    0x00001428   Section        0  usertime0.o(.text)
    .text                                    0x000014c0   Section        0  useradc.o(.text)
    .text                                    0x00001608   Section        0  rt_memcpy.o(.text)
    .text                                    0x0000168a   Section        0  rt_memclr.o(.text)
    .text                                    0x000016ca   Section      346  aeabi_sdiv.o(.text)
    .text                                    0x00001824   Section        0  heapauxi.o(.text)
    .text                                    0x0000182a   Section       62  sys_stackheap_outer.o(.text)
    .text                                    0x00001868   Section        0  exit.o(.text)
    .text                                    0x00001874   Section        8  libspace.o(.text)
    .text                                    0x0000187c   Section        0  sys_exit.o(.text)
    .text                                    0x00001888   Section        2  use_no_semi.o(.text)
    .text                                    0x0000188a   Section        0  indicate_semi.o(.text)
    i.__ARM_common_switch8                   0x0000188a   Section        0  useruart1.o(i.__ARM_common_switch8)
    .constdata                               0x000018a8   Section       32  system_m051series.o(.constdata)
    .data                                    0x20000000   Section       12  system_m051series.o(.data)
    .data                                    0x2000000c   Section        3  main.o(.data)
    checknum                                 0x2000000d   Data           1  main.o(.data)
    checked                                  0x2000000e   Data           1  main.o(.data)
    .data                                    0x20000010   Section       40  useri2c.o(.data)
    I2CountIndex                             0x2000002c   Data           4  useri2c.o(.data)
    I2CountIndex2                            0x20000030   Data           4  useri2c.o(.data)
    .data                                    0x20000038   Section        7  usertask.o(.data)
    .data                                    0x20000040   Section       16  usertime0.o(.data)
    .data                                    0x20000050   Section        2  useradc.o(.data)
    indexA                                   0x20000050   Data           1  useradc.o(.data)
    indexB                                   0x20000051   Data           1  useradc.o(.data)
    .bss                                     0x20000054   Section      928  useruart1.o(.bss)
    .bss                                     0x200003f4   Section      205  useri2c.o(.bss)
    .bss                                     0x200004c4   Section       32  useradc.o(.bss)
    .bss                                     0x200004e4   Section       96  libspace.o(.bss)
    HEAP                                     0x20000548   Section        0  startup_m051series.o(HEAP)
    STACK                                    0x20000548   Section      512  startup_m051series.o(STACK)
    Heap_Mem                                 0x20000548   Data           0  startup_m051series.o(HEAP)
    Stack_Mem                                0x20000548   Data         512  startup_m051series.o(STACK)
    __initial_sp                             0x20000748   Data           0  startup_m051series.o(STACK)

    Global Symbols

    Symbol Name                              Value     Ov Type        Size  Object(Section)

    BuildAttributes$$THM_ISAv3M$S$PE$A:L22$X:L11$S22$IEEE1$IW$USESV6$~STKCKD$USESV7$~SHL$OSPACE$ROPI$EBA8$UX$STANDARDLIB$REQ8$PRES8$EABIv2 0x00000000   Number         0  anon$$obj.o ABSOLUTE
    __ARM_use_no_argv                        0x00000000   Number         0  main.o ABSOLUTE
    __Vectors                                0x00000000   Data           4  startup_m051series.o(RESET)
    _printf_flags                            0x00000000   Number         0  printf_stubs.o ABSOLUTE
    _printf_return_value                     0x00000000   Number         0  printf_stubs.o ABSOLUTE
    _printf_sizespec                         0x00000000   Number         0  printf_stubs.o ABSOLUTE
    _printf_widthprec                        0x00000000   Number         0  printf_stubs.o ABSOLUTE
    __ARM_exceptions_init                     - Undefined Weak Reference
    __alloca_initialize                       - Undefined Weak Reference
    __cpp_initialize__aeabi_                  - Undefined Weak Reference
    __cxa_finalize                            - Undefined Weak Reference
    __rt_locale                               - Undefined Weak Reference
    __sigvec_lookup                           - Undefined Weak Reference
    _atexit_init                              - Undefined Weak Reference
    _call_atexit_fns                          - Undefined Weak Reference
    _clock_init                               - Undefined Weak Reference
    _fp_trap_init                             - Undefined Weak Reference
    _fp_trap_shutdown                         - Undefined Weak Reference
    _get_lc_collate                           - Undefined Weak Reference
    _get_lc_ctype                             - Undefined Weak Reference
    _get_lc_monetary                          - Undefined Weak Reference
    _get_lc_numeric                           - Undefined Weak Reference
    _get_lc_time                              - Undefined Weak Reference
    _getenv_init                              - Undefined Weak Reference
    _handle_redirection                       - Undefined Weak Reference
    _init_alloc                               - Undefined Weak Reference
    _init_user_alloc                          - Undefined Weak Reference
    _initio                                   - Undefined Weak Reference
    _rand_init                                - Undefined Weak Reference
    _signal_finish                            - Undefined Weak Reference
    _signal_init                              - Undefined Weak Reference
    _terminate_alloc                          - Undefined Weak Reference
    _terminate_user_alloc                     - Undefined Weak Reference
    _terminateio                              - Undefined Weak Reference
    __main                                   0x000000c1   Thumb Code     8  __main.o(!!!main)
    __scatterload                            0x000000c9   Thumb Code     0  __scatter.o(!!!scatter)
    __scatterload_rt2                        0x000000c9   Thumb Code    52  __scatter.o(!!!scatter)
    __scatterload_rt2_thumb_only             0x000000c9   Thumb Code     0  __scatter.o(!!!scatter)
    __scatterload_null                       0x000000d9   Thumb Code     0  __scatter.o(!!!scatter)
    __scatterload_copy                       0x00000105   Thumb Code    26  __scatter_copy.o(!!handler_copy)
    __scatterload_zeroinit                   0x00000121   Thumb Code    28  __scatter_zi.o(!!handler_zi)
    __rt_lib_init                            0x0000013d   Thumb Code     0  libinit.o(.ARM.Collect$$libinit$$00000000)
    __rt_lib_init_fp_1                       0x0000013f   Thumb Code     0  libinit2.o(.ARM.Collect$$libinit$$00000001)
    __rt_lib_init_alloca_1                   0x00000143   Thumb Code     0  libinit2.o(.ARM.Collect$$libinit$$0000002C)
    __rt_lib_init_argv_1                     0x00000143   Thumb Code     0  libinit2.o(.ARM.Collect$$libinit$$0000002A)
    __rt_lib_init_atexit_1                   0x00000143   Thumb Code     0  libinit2.o(.ARM.Collect$$libinit$$00000019)
    __rt_lib_init_clock_1                    0x00000143   Thumb Code     0  libinit2.o(.ARM.Collect$$libinit$$0000001F)
    __rt_lib_init_cpp_1                      0x00000143   Thumb Code     0  libinit2.o(.ARM.Collect$$libinit$$00000030)
    __rt_lib_init_exceptions_1               0x00000143   Thumb Code     0  libinit2.o(.ARM.Collect$$libinit$$0000002E)
    __rt_lib_init_fp_trap_1                  0x00000143   Thumb Code     0  libinit2.o(.ARM.Collect$$libinit$$0000001D)
    __rt_lib_init_getenv_1                   0x00000143   Thumb Code     0  libinit2.o(.ARM.Collect$$libinit$$00000021)
    __rt_lib_init_heap_1                     0x00000143   Thumb Code     0  libinit2.o(.ARM.Collect$$libinit$$00000008)
    __rt_lib_init_lc_collate_1               0x00000143   Thumb Code     0  libinit2.o(.ARM.Collect$$libinit$$0000000F)
    __rt_lib_init_lc_ctype_1                 0x00000143   Thumb Code     0  libinit2.o(.ARM.Collect$$libinit$$00000011)
    __rt_lib_init_lc_monetary_1              0x00000143   Thumb Code     0  libinit2.o(.ARM.Collect$$libinit$$00000013)
    __rt_lib_init_lc_numeric_1               0x00000143   Thumb Code     0  libinit2.o(.ARM.Collect$$libinit$$00000015)
    __rt_lib_init_lc_time_1                  0x00000143   Thumb Code     0  libinit2.o(.ARM.Collect$$libinit$$00000017)
    __rt_lib_init_rand_1                     0x00000143   Thumb Code     0  libinit2.o(.ARM.Collect$$libinit$$0000000C)
    __rt_lib_init_return                     0x00000143   Thumb Code     0  libinit2.o(.ARM.Collect$$libinit$$00000031)
    __rt_lib_init_signal_1                   0x00000143   Thumb Code     0  libinit2.o(.ARM.Collect$$libinit$$0000001B)
    __rt_lib_init_stdio_1                    0x00000143   Thumb Code     0  libinit2.o(.ARM.Collect$$libinit$$00000023)
    __rt_lib_init_user_alloc_1               0x00000143   Thumb Code     0  libinit2.o(.ARM.Collect$$libinit$$0000000A)
    __rt_lib_shutdown                        0x00000145   Thumb Code     0  libshutdown.o(.ARM.Collect$$libshutdown$$00000000)
    __rt_lib_shutdown_fp_trap_1              0x00000147   Thumb Code     0  libshutdown2.o(.ARM.Collect$$libshutdown$$00000006)
    __rt_lib_shutdown_heap_1                 0x00000147   Thumb Code     0  libshutdown2.o(.ARM.Collect$$libshutdown$$0000000E)
    __rt_lib_shutdown_return                 0x00000147   Thumb Code     0  libshutdown2.o(.ARM.Collect$$libshutdown$$0000000F)
    __rt_lib_shutdown_signal_1               0x00000147   Thumb Code     0  libshutdown2.o(.ARM.Collect$$libshutdown$$00000009)
    __rt_lib_shutdown_stdio_1                0x00000147   Thumb Code     0  libshutdown2.o(.ARM.Collect$$libshutdown$$00000003)
    __rt_lib_shutdown_user_alloc_1           0x00000147   Thumb Code     0  libshutdown2.o(.ARM.Collect$$libshutdown$$0000000B)
    __rt_entry                               0x00000149   Thumb Code     0  rtentry.o(.ARM.Collect$$rtentry$$00000000)
    __rt_entry_presh_1                       0x00000149   Thumb Code     0  rtentry2.o(.ARM.Collect$$rtentry$$00000002)
    __rt_entry_sh                            0x00000149   Thumb Code     0  rtentry4.o(.ARM.Collect$$rtentry$$00000004)
    __rt_entry_li                            0x0000014f   Thumb Code     0  rtentry2.o(.ARM.Collect$$rtentry$$0000000A)
    __rt_entry_postsh_1                      0x0000014f   Thumb Code     0  rtentry2.o(.ARM.Collect$$rtentry$$00000009)
    __rt_entry_main                          0x00000153   Thumb Code     0  rtentry2.o(.ARM.Collect$$rtentry$$0000000D)
    __rt_entry_postli_1                      0x00000153   Thumb Code     0  rtentry2.o(.ARM.Collect$$rtentry$$0000000C)
    __rt_exit                                0x0000015b   Thumb Code     0  rtexit.o(.ARM.Collect$$rtexit$$00000000)
    __rt_exit_ls                             0x0000015d   Thumb Code     0  rtexit2.o(.ARM.Collect$$rtexit$$00000003)
    __rt_exit_prels_1                        0x0000015d   Thumb Code     0  rtexit2.o(.ARM.Collect$$rtexit$$00000002)
    __rt_exit_exit                           0x00000161   Thumb Code     0  rtexit2.o(.ARM.Collect$$rtexit$$00000004)
    __aeabi_memcpy4                          0x00000169   Thumb Code    56  rt_memcpy.o(.emb_text)
    __aeabi_memcpy8                          0x00000169   Thumb Code     0  rt_memcpy.o(.emb_text)
    SystemCoreClockUpdate                    0x000001a1   Thumb Code    76  system_m051series.o(.text)
    SystemInit                               0x000001ed   Thumb Code   138  system_m051series.o(.text)
    Reset_Handler                            0x00000319   Thumb Code    32  startup_m051series.o(.text)
    NMI_Handler                              0x00000339   Thumb Code     2  startup_m051series.o(.text)
    HardFault_Handler                        0x0000033b   Thumb Code     2  startup_m051series.o(.text)
    SVC_Handler                              0x0000033d   Thumb Code     2  startup_m051series.o(.text)
    PendSV_Handler                           0x0000033f   Thumb Code     2  startup_m051series.o(.text)
    SysTick_Handler                          0x00000341   Thumb Code     2  startup_m051series.o(.text)
    ACMP0_IRQHandler                         0x00000343   Thumb Code     0  startup_m051series.o(.text)
    ACMP1_IRQHandler                         0x00000343   Thumb Code     0  startup_m051series.o(.text)
    BOD_IRQHandler                           0x00000343   Thumb Code     0  startup_m051series.o(.text)
    EINT0_IRQHandler                         0x00000343   Thumb Code     0  startup_m051series.o(.text)
    EINT1_IRQHandler                         0x00000343   Thumb Code     0  startup_m051series.o(.text)
    GPIOP0P1_IRQHandler                      0x00000343   Thumb Code     0  startup_m051series.o(.text)
    GPIOP2P3P4_IRQHandler                    0x00000343   Thumb Code     0  startup_m051series.o(.text)
    I2C1_IRQHandler                          0x00000343   Thumb Code     0  startup_m051series.o(.text)
    PWMA_IRQHandler                          0x00000343   Thumb Code     0  startup_m051series.o(.text)
    PWMB_IRQHandler                          0x00000343   Thumb Code     0  startup_m051series.o(.text)
    PWRWU_IRQHandler                         0x00000343   Thumb Code     0  startup_m051series.o(.text)
    RTC_IRQHandler                           0x00000343   Thumb Code     0  startup_m051series.o(.text)
    SPI0_IRQHandler                          0x00000343   Thumb Code     0  startup_m051series.o(.text)
    SPI1_IRQHandler                          0x00000343   Thumb Code     0  startup_m051series.o(.text)
    TMR1_IRQHandler                          0x00000343   Thumb Code     0  startup_m051series.o(.text)
    TMR2_IRQHandler                          0x00000343   Thumb Code     0  startup_m051series.o(.text)
    TMR3_IRQHandler                          0x00000343   Thumb Code     0  startup_m051series.o(.text)
    UART0_IRQHandler                         0x00000343   Thumb Code     0  startup_m051series.o(.text)
    WDT_IRQHandler                           0x00000343   Thumb Code     0  startup_m051series.o(.text)
    __user_initial_stackheap                 0x00000345   Thumb Code     0  startup_m051series.o(.text)
    System_Init                              0x0000037d   Thumb Code    44  main.o(.text)
    maintask                                 0x000003a9   Thumb Code   454  main.o(.text)
    main                                     0x0000056f   Thumb Code    36  main.o(.text)
    DelayUs                                  0x000005ed   Thumb Code    54  usersysclk.o(.text)
    DelayMs                                  0x00000623   Thumb Code    26  usersysclk.o(.text)
    DelayS                                   0x0000063d   Thumb Code    26  usersysclk.o(.text)
    SYS_Init                                 0x00000657   Thumb Code   140  usersysclk.o(.text)
    IO_Init                                  0x000006e3   Thumb Code    38  usersysclk.o(.text)
    UART1_Init                               0x0000073d   Thumb Code    40  useruart1.o(.text)
    UartFrameRcv                             0x00000765   Thumb Code   318  useruart1.o(.text)
    UART1_IRQHandler                         0x000008a3   Thumb Code    58  useruart1.o(.text)
    RS485_W                                  0x000008dd   Thumb Code    16  useruart1.o(.text)
    RS485_Send                               0x000008ed   Thumb Code    38  useruart1.o(.text)
    UartFramePro                             0x00000913   Thumb Code   774  useruart1.o(.text)
    ModuCheck                                0x00000c19   Thumb Code   190  useruart1.o(.text)
    CopyTo                                   0x00000d09   Thumb Code    26  useri2c.o(.text)
    ClearDim                                 0x00000d23   Thumb Code    22  useri2c.o(.text)
    ADC_CH                                   0x00000d39   Thumb Code    18  useri2c.o(.text)
    I2C_Init                                 0x00000d4b   Thumb Code    60  useri2c.o(.text)
    I2C0_IRQHandler                          0x00000d87   Thumb Code   332  useri2c.o(.text)
    I2cFramePro                              0x00000ed3   Thumb Code   916  useri2c.o(.text)
    Inquire                                  0x000012f1   Thumb Code   288  usertask.o(.text)
    AdcTask                                  0x00001411   Thumb Code    14  usertask.o(.text)
    TMR0_Init                                0x00001429   Thumb Code    38  usertime0.o(.text)
    TMR0_IRQHandler                          0x0000144f   Thumb Code    84  usertime0.o(.text)
    ADC_Init                                 0x000014c1   Thumb Code    48  useradc.o(.text)
    FourDataAdc                              0x000014f1   Thumb Code    66  useradc.o(.text)
    ADC_IRQHandler                           0x00001533   Thumb Code   184  useradc.o(.text)
    __aeabi_memcpy                           0x00001609   Thumb Code   130  rt_memcpy.o(.text)
    __rt_memcpy                              0x00001609   Thumb Code     0  rt_memcpy.o(.text)
    _memset_w                                0x0000168b   Thumb Code    26  rt_memclr.o(.text)
    _memset                                  0x000016a5   Thumb Code    30  rt_memclr.o(.text)
    __aeabi_memclr                           0x000016c3   Thumb Code     4  rt_memclr.o(.text)
    __rt_memclr                              0x000016c3   Thumb Code     0  rt_memclr.o(.text)
    __aeabi_memclr4                          0x000016c7   Thumb Code     0  rt_memclr.o(.text)
    __aeabi_memclr8                          0x000016c7   Thumb Code     0  rt_memclr.o(.text)
    __rt_memclr_w                            0x000016c7   Thumb Code     4  rt_memclr.o(.text)
    __aeabi_uidiv                            0x000016cb   Thumb Code     0  aeabi_sdiv.o(.text)
    __aeabi_uidivmod                         0x000016cb   Thumb Code    20  aeabi_sdiv.o(.text)
    __aeabi_idiv                             0x000016df   Thumb Code     0  aeabi_sdiv.o(.text)
    __aeabi_idivmod                          0x000016df   Thumb Code   326  aeabi_sdiv.o(.text)
    __use_two_region_memory                  0x00001825   Thumb Code     2  heapauxi.o(.text)
    __rt_heap_escrow$2region                 0x00001827   Thumb Code     2  heapauxi.o(.text)
    __rt_heap_expand$2region                 0x00001829   Thumb Code     2  heapauxi.o(.text)
    __user_setup_stackheap                   0x0000182b   Thumb Code    62  sys_stackheap_outer.o(.text)
    exit                                     0x00001869   Thumb Code    12  exit.o(.text)
    __user_libspace                          0x00001875   Thumb Code     8  libspace.o(.text)
    __user_perproc_libspace                  0x00001875   Thumb Code     0  libspace.o(.text)
    __user_perthread_libspace                0x00001875   Thumb Code     0  libspace.o(.text)
    _sys_exit                                0x0000187d   Thumb Code     8  sys_exit.o(.text)
    __I$use$semihosting                      0x00001889   Thumb Code     0  use_no_semi.o(.text)
    __use_no_semihosting_swi                 0x00001889   Thumb Code     2  use_no_semi.o(.text)
    __ARM_common_switch8                     0x0000188b   Thumb Code    28  useruart1.o(i.__ARM_common_switch8)
    __semihosting_library_function           0x0000188b   Thumb Code     0  indicate_semi.o(.text)
    gau32ClkSrcTbl                           0x000018a8   Data          32  system_m051series.o(.constdata)
    Region$$Table$$Base                      0x000018c8   Number         0  anon$$obj.o(Region$$Table)
    Region$$Table$$Limit                     0x000018e8   Number         0  anon$$obj.o(Region$$Table)
    SystemCoreClock                          0x20000000   Data           4  system_m051series.o(.data)
    CyclesPerUs                              0x20000004   Data           4  system_m051series.o(.data)
    PllClock                                 0x20000008   Data           4  system_m051series.o(.data)
    indexmk                                  0x2000000c   Data           1  main.o(.data)
    I2C_recv_flg                             0x20000010   Data           1  useri2c.o(.data)
    g_I2Cupdate                              0x20000014   Data           4  useri2c.o(.data)
    i2clen                                   0x20000018   Data           4  useri2c.o(.data)
    I2Cchanged                               0x2000001c   Data           4  useri2c.o(.data)
    I2Cchoosed_M                             0x20000020   Data           4  useri2c.o(.data)
    I2Cchkxor                                0x20000024   Data           4  useri2c.o(.data)
    I2Cchksum                                0x20000028   Data           4  useri2c.o(.data)
    I2CTimeDelay                             0x20000034   Data           4  useri2c.o(.data)
    InquireFrame                             0x20000038   Data           6  usertask.o(.data)
    ModuCheckFlg                             0x2000003e   Data           1  usertask.o(.data)
    UartTimeDelay                            0x20000040   Data           4  usertime0.o(.data)
    AdcTimeTask                              0x20000044   Data           4  usertime0.o(.data)
    Uart1TimeTask                            0x20000048   Data           4  usertime0.o(.data)
    I2cTimeTask                              0x2000004c   Data           4  usertime0.o(.data)
    g_u8SendData                             0x20000054   Data          12  useruart1.o(.bss)
    UartRcvFrame                             0x20000060   Data          58  useruart1.o(.bss)
    Modu1                                    0x2000009a   Data          54  useruart1.o(.bss)
    Modu2                                    0x200000d0   Data          54  useruart1.o(.bss)
    Modu3                                    0x20000106   Data          54  useruart1.o(.bss)
    Modu4                                    0x2000013c   Data          54  useruart1.o(.bss)
    Modu5                                    0x20000172   Data          54  useruart1.o(.bss)
    Modu6                                    0x200001a8   Data          54  useruart1.o(.bss)
    Modu7                                    0x200001de   Data          54  useruart1.o(.bss)
    Modu8                                    0x20000214   Data          54  useruart1.o(.bss)
    Modu9                                    0x2000024a   Data          54  useruart1.o(.bss)
    ModuA                                    0x20000280   Data          54  useruart1.o(.bss)
    ModuTemp                                 0x200002b6   Data          54  useruart1.o(.bss)
    MainModu                                 0x200002ec   Data         264  useruart1.o(.bss)
    I2Crecv                                  0x200003f4   Data          50  useri2c.o(.bss)
    I2Cuse                                   0x20000426   Data          50  useri2c.o(.bss)
    I2Csend                                  0x20000458   Data          50  useri2c.o(.bss)
    I2CRcvFrame                              0x2000048a   Data          55  useri2c.o(.bss)
    ADCtempA                                 0x200004c4   Data          16  useradc.o(.bss)
    ADCtempB                                 0x200004d4   Data          16  useradc.o(.bss)
    __libspace_start                         0x200004e4   Data          96  libspace.o(.bss)
    __temporary_stack_top$libspace           0x20000544   Data           0  libspace.o(.bss)



==============================================================================

Memory Map of the image

  Image Entry point : 0x000000c1

  Load Region LR_IROM1 (Base: 0x00000000, Size: 0x0000193c, Max: 0x00004000, ABSOLUTE)

    Execution Region ER_IROM1 (Base: 0x00000000, Size: 0x000018e8, Max: 0x00004000, ABSOLUTE)

    Base Addr    Size         Type   Attr      Idx    E Section Name        Object

    0x00000000   0x000000c0   Data   RO           81    RESET               startup_m051series.o
    0x000000c0   0x00000008   Code   RO          310  * !!!main             c_p.l(__main.o)
    0x000000c8   0x0000003c   Code   RO          474    !!!scatter          c_p.l(__scatter.o)
    0x00000104   0x0000001a   Code   RO          476    !!handler_copy      c_p.l(__scatter_copy.o)
    0x0000011e   0x00000002   PAD
    0x00000120   0x0000001c   Code   RO          478    !!handler_zi        c_p.l(__scatter_zi.o)
    0x0000013c   0x00000002   Code   RO          348    .ARM.Collect$$libinit$$00000000  c_p.l(libinit.o)
    0x0000013e   0x00000004   Code   RO          361    .ARM.Collect$$libinit$$00000001  c_p.l(libinit2.o)
    0x00000142   0x00000000   Code   RO          365    .ARM.Collect$$libinit$$00000008  c_p.l(libinit2.o)
    0x00000142   0x00000000   Code   RO          367    .ARM.Collect$$libinit$$0000000A  c_p.l(libinit2.o)
    0x00000142   0x00000000   Code   RO          369    .ARM.Collect$$libinit$$0000000C  c_p.l(libinit2.o)
    0x00000142   0x00000000   Code   RO          372    .ARM.Collect$$libinit$$0000000F  c_p.l(libinit2.o)
    0x00000142   0x00000000   Code   RO          374    .ARM.Collect$$libinit$$00000011  c_p.l(libinit2.o)
    0x00000142   0x00000000   Code   RO          376    .ARM.Collect$$libinit$$00000013  c_p.l(libinit2.o)
    0x00000142   0x00000000   Code   RO          378    .ARM.Collect$$libinit$$00000015  c_p.l(libinit2.o)
    0x00000142   0x00000000   Code   RO          380    .ARM.Collect$$libinit$$00000017  c_p.l(libinit2.o)
    0x00000142   0x00000000   Code   RO          382    .ARM.Collect$$libinit$$00000019  c_p.l(libinit2.o)
    0x00000142   0x00000000   Code   RO          384    .ARM.Collect$$libinit$$0000001B  c_p.l(libinit2.o)
    0x00000142   0x00000000   Code   RO          386    .ARM.Collect$$libinit$$0000001D  c_p.l(libinit2.o)
    0x00000142   0x00000000   Code   RO          388    .ARM.Collect$$libinit$$0000001F  c_p.l(libinit2.o)
    0x00000142   0x00000000   Code   RO          390    .ARM.Collect$$libinit$$00000021  c_p.l(libinit2.o)
    0x00000142   0x00000000   Code   RO          392    .ARM.Collect$$libinit$$00000023  c_p.l(libinit2.o)
    0x00000142   0x00000000   Code   RO          396    .ARM.Collect$$libinit$$0000002A  c_p.l(libinit2.o)
    0x00000142   0x00000000   Code   RO          398    .ARM.Collect$$libinit$$0000002C  c_p.l(libinit2.o)
    0x00000142   0x00000000   Code   RO          400    .ARM.Collect$$libinit$$0000002E  c_p.l(libinit2.o)
    0x00000142   0x00000000   Code   RO          402    .ARM.Collect$$libinit$$00000030  c_p.l(libinit2.o)
    0x00000142   0x00000002   Code   RO          403    .ARM.Collect$$libinit$$00000031  c_p.l(libinit2.o)
    0x00000144   0x00000002   Code   RO          432    .ARM.Collect$$libshutdown$$00000000  c_p.l(libshutdown.o)
    0x00000146   0x00000000   Code   RO          459    .ARM.Collect$$libshutdown$$00000003  c_p.l(libshutdown2.o)
    0x00000146   0x00000000   Code   RO          462    .ARM.Collect$$libshutdown$$00000006  c_p.l(libshutdown2.o)
    0x00000146   0x00000000   Code   RO          465    .ARM.Collect$$libshutdown$$00000009  c_p.l(libshutdown2.o)
    0x00000146   0x00000000   Code   RO          467    .ARM.Collect$$libshutdown$$0000000B  c_p.l(libshutdown2.o)
    0x00000146   0x00000000   Code   RO          470    .ARM.Collect$$libshutdown$$0000000E  c_p.l(libshutdown2.o)
    0x00000146   0x00000002   Code   RO          471    .ARM.Collect$$libshutdown$$0000000F  c_p.l(libshutdown2.o)
    0x00000148   0x00000000   Code   RO          312    .ARM.Collect$$rtentry$$00000000  c_p.l(rtentry.o)
    0x00000148   0x00000000   Code   RO          318    .ARM.Collect$$rtentry$$00000002  c_p.l(rtentry2.o)
    0x00000148   0x00000006   Code   RO          330    .ARM.Collect$$rtentry$$00000004  c_p.l(rtentry4.o)
    0x0000014e   0x00000000   Code   RO          320    .ARM.Collect$$rtentry$$00000009  c_p.l(rtentry2.o)
    0x0000014e   0x00000004   Code   RO          321    .ARM.Collect$$rtentry$$0000000A  c_p.l(rtentry2.o)
    0x00000152   0x00000000   Code   RO          323    .ARM.Collect$$rtentry$$0000000C  c_p.l(rtentry2.o)
    0x00000152   0x00000008   Code   RO          324    .ARM.Collect$$rtentry$$0000000D  c_p.l(rtentry2.o)
    0x0000015a   0x00000002   Code   RO          353    .ARM.Collect$$rtexit$$00000000  c_p.l(rtexit.o)
    0x0000015c   0x00000000   Code   RO          407    .ARM.Collect$$rtexit$$00000002  c_p.l(rtexit2.o)
    0x0000015c   0x00000004   Code   RO          408    .ARM.Collect$$rtexit$$00000003  c_p.l(rtexit2.o)
    0x00000160   0x00000006   Code   RO          409    .ARM.Collect$$rtexit$$00000004  c_p.l(rtexit2.o)
    0x00000166   0x00000002   PAD
    0x00000168   0x00000038   Code   RO          298    .emb_text           c_p.l(rt_memcpy.o)
    0x000001a0   0x00000178   Code   RO           17    .text               system_m051series.o
    0x00000318   0x00000064   Code   RO           82    .text               startup_m051series.o
    0x0000037c   0x00000270   Code   RO          135    .text               main.o
    0x000005ec   0x00000150   Code   RO          163    .text               usersysclk.o
    0x0000073c   0x000005cc   Code   RO          182    .text               useruart1.o
    0x00000d08   0x000005e8   Code   RO          206    .text               useri2c.o
    0x000012f0   0x00000138   Code   RO          232    .text               usertask.o
    0x00001428   0x00000098   Code   RO          254    .text               usertime0.o
    0x000014c0   0x00000148   Code   RO          273    .text               useradc.o
    0x00001608   0x00000082   Code   RO          299    .text               c_p.l(rt_memcpy.o)
    0x0000168a   0x00000040   Code   RO          302    .text               c_p.l(rt_memclr.o)
    0x000016ca   0x0000015a   Code   RO          304    .text               c_p.l(aeabi_sdiv.o)
    0x00001824   0x00000006   Code   RO          308    .text               c_p.l(heapauxi.o)
    0x0000182a   0x0000003e   Code   RO          334    .text               c_p.l(sys_stackheap_outer.o)
    0x00001868   0x0000000c   Code   RO          337    .text               c_p.l(exit.o)
    0x00001874   0x00000008   Code   RO          349    .text               c_p.l(libspace.o)
    0x0000187c   0x0000000c   Code   RO          404    .text               c_p.l(sys_exit.o)
    0x00001888   0x00000002   Code   RO          421    .text               c_p.l(use_no_semi.o)
    0x0000188a   0x00000000   Code   RO          423    .text               c_p.l(indicate_semi.o)
    0x0000188a   0x0000001c   Code   RO          194    i.__ARM_common_switch8  useruart1.o
    0x000018a6   0x00000002   PAD
    0x000018a8   0x00000020   Data   RO           18    .constdata          system_m051series.o
    0x000018c8   0x00000020   Data   RO          472    Region$$Table       anon$$obj.o


    Execution Region RW_IRAM1 (Base: 0x20000000, Size: 0x00000748, Max: 0x00001000, ABSOLUTE)

    Base Addr    Size         Type   Attr      Idx    E Section Name        Object

    0x20000000   0x0000000c   Data   RW           19    .data               system_m051series.o
    0x2000000c   0x00000003   Data   RW          136    .data               main.o
    0x2000000f   0x00000001   PAD
    0x20000010   0x00000028   Data   RW          208    .data               useri2c.o
    0x20000038   0x00000007   Data   RW          233    .data               usertask.o
    0x2000003f   0x00000001   PAD
    0x20000040   0x00000010   Data   RW          255    .data               usertime0.o
    0x20000050   0x00000002   Data   RW          275    .data               useradc.o
    0x20000052   0x00000002   PAD
    0x20000054   0x000003a0   Zero   RW          183    .bss                useruart1.o
    0x200003f4   0x000000cd   Zero   RW          207    .bss                useri2c.o
    0x200004c1   0x00000003   PAD
    0x200004c4   0x00000020   Zero   RW          274    .bss                useradc.o
    0x200004e4   0x00000060   Zero   RW          350    .bss                c_p.l(libspace.o)
    0x20000544   0x00000004   PAD
    0x20000548   0x00000000   Zero   RW           80    HEAP                startup_m051series.o
    0x20000548   0x00000200   Zero   RW           79    STACK               startup_m051series.o


==============================================================================

Image component sizes


      Code (inc. data)   RO Data    RW Data    ZI Data      Debug   Object Name

         0          0          0          0          0       4292   core_cm0.o
       624         90          0          3          0      12318   main.o
         0          0          0          0          0      50284   retarget.o
       100         46        192          0        512        560   startup_m051series.o
       376         56         32         12          0      15241   system_m051series.o
       328         30          0          2         32       9546   useradc.o
      1512        134          0         40        205      27121   useri2c.o
       336         52          0          0          0      14278   usersysclk.o
       312         10          0          7          0       9250   usertask.o
       152         30          0         16          0       1070   usertime0.o
      1512        132          0          0        928      14264   useruart1.o

    ----------------------------------------------------------------------
      5254        580        256         84       1680     158224   Object Totals
         0          0         32          0          0          0   (incl. Generated)
         2          0          0          4          3          0   (incl. Padding)

    ----------------------------------------------------------------------

      Code (inc. data)   RO Data    RW Data    ZI Data      Debug   Library Member Name

         8          0          0          0          0         68   __main.o
        60          8          0          0          0          0   __scatter.o
        26          0          0          0          0          0   __scatter_copy.o
        28          0          0          0          0          0   __scatter_zi.o
       346          0          0          0          0         92   aeabi_sdiv.o
        12          0          0          0          0         64   exit.o
         6          0          0          0          0        136   heapauxi.o
         0          0          0          0          0          0   indicate_semi.o
         2          0          0          0          0          0   libinit.o
         6          0          0          0          0          0   libinit2.o
         2          0          0          0          0          0   libshutdown.o
         2          0          0          0          0          0   libshutdown2.o
         8          4          0          0         96         68   libspace.o
        64          0          0          0          0        108   rt_memclr.o
       186          0          0          0          0        144   rt_memcpy.o
         0          0          0          0          0          0   rtentry.o
        12          0          0          0          0          0   rtentry2.o
         6          0          0          0          0          0   rtentry4.o
         2          0          0          0          0          0   rtexit.o
        10          0          0          0          0          0   rtexit2.o
        12          4          0          0          0         60   sys_exit.o
        62          0          0          0          0         80   sys_stackheap_outer.o
         2          0          0          0          0         68   use_no_semi.o

    ----------------------------------------------------------------------
       866         16          0          0        100        888   Library Totals
         4          0          0          0          4          0   (incl. Padding)

    ----------------------------------------------------------------------

      Code (inc. data)   RO Data    RW Data    ZI Data      Debug   Library Name

       862         16          0          0         96        888   c_p.l

    ----------------------------------------------------------------------
       866         16          0          0        100        888   Library Totals

    ----------------------------------------------------------------------

==============================================================================


      Code (inc. data)   RO Data    RW Data    ZI Data      Debug   

      6120        596        256         84       1780     158052   Grand Totals
      6120        596        256         84       1780     158052   ELF Image Totals
      6120        596        256         84          0          0   ROM Totals

==============================================================================

    Total RO  Size (Code + RO Data)                 6376 (   6.23kB)
    Total RW  Size (RW Data + ZI Data)              1864 (   1.82kB)
    Total ROM Size (Code + RO Data + RW Data)       6460 (   6.31kB)

==============================================================================

