<html>
<body>
<pre>
<h1>礦ision Build Log</h1>
<h2>Project:</h2>
E:\虚拟分前端\2014年9月5日版本\主控制板新逻辑\NEWVHE0102.uvproj
Project File Date:  10/08/2014

<h2>Output:</h2>
Rebuild target 'Vhe-Main'
compiling core_cm0.c...
compiling system_M051Series.c...
assembling startup_M051Series.s...
compiling retarget.c...
compiling main.c...
compiling UserSYSCLK.c...
compiling UserUart1.c...
compiling UserI2C.c...
compiling UserTASK.c...
compiling UserTime0.c...
compiling UserADC.c...
linking...
Program Size: Code=6120 RO-data=256 RW-data=84 ZI-data=1780  
FromELF: creating hex file...
".\VHE02_Main.axf" - 0 Error(s), 0 Warning(s).
</pre>
</body>
</html>
